<!doctype html public "-//w3c//dtd html 4.0 transitional//en">
<html><head>
<title>Static Call Graph - [.\Objects\HeatINtelekt.axf]</title></head>
<body><HR>
<H1>Static Call Graph for image .\Objects\HeatINtelekt.axf</H1><HR>
<BR><P>#&#060CALLGRAPH&#062# ARM Linker, 5060750: Last Updated: Fri Nov 07 19:44:25 2025
<BR><P>
<H3>Maximum Stack Usage =        544 bytes + Unknown(Functions without stacksize, Untraceable Function Pointers)</H3><H3>
Call chain for Maximum Stack Depth:</H3>
__rt_entry_main &rArr; main &rArr; process_incoming_json &rArr; process_json_message &rArr; parse_json_data &rArr; distanceSetTimer &rArr; printShablon &rArr; MENU_Init &rArr; MENU_PrintPtr &rArr; MENU_PrintPage &rArr; ST7567_FB_printText &rArr; ST7567_FB_drawPixel
<P>
<H3>
Functions with no stack information
</H3><UL>
 <LI><a href="#[cd]">__user_initial_stackheap</a>
</UL>
</UL>
<P>
<H3>
Function Pointers
</H3><UL>
 <LI><a href="#[44]">ADC_IRQHandler</a> from interrupts.o(i.ADC_IRQHandler) referenced from startup_k1986ve1xi.o(RESET)
 <LI><a href="#[3d]">ARINC429R_IRQHandler</a> from interrupts.o(i.ARINC429R_IRQHandler) referenced from startup_k1986ve1xi.o(RESET)
 <LI><a href="#[48]">ARINC429T1_IRQHandler</a> from interrupts.o(i.ARINC429T1_IRQHandler) referenced from startup_k1986ve1xi.o(RESET)
 <LI><a href="#[49]">ARINC429T2_IRQHandler</a> from interrupts.o(i.ARINC429T2_IRQHandler) referenced from startup_k1986ve1xi.o(RESET)
 <LI><a href="#[4a]">ARINC429T3_IRQHandler</a> from interrupts.o(i.ARINC429T3_IRQHandler) referenced from startup_k1986ve1xi.o(RESET)
 <LI><a href="#[4b]">ARINC429T4_IRQHandler</a> from interrupts.o(i.ARINC429T4_IRQHandler) referenced from startup_k1986ve1xi.o(RESET)
 <LI><a href="#[4c]">BKP_IRQHandler</a> from interrupts.o(i.BKP_IRQHandler) referenced from startup_k1986ve1xi.o(RESET)
 <LI><a href="#[3c]">BUSY_IRQHandler</a> from interrupts.o(i.BUSY_IRQHandler) referenced from startup_k1986ve1xi.o(RESET)
 <LI><a href="#[36]">CAN1_IRQHandler</a> from interrupts.o(i.CAN1_IRQHandler) referenced from startup_k1986ve1xi.o(RESET)
 <LI><a href="#[37]">CAN2_IRQHandler</a> from interrupts.o(i.CAN2_IRQHandler) referenced from startup_k1986ve1xi.o(RESET)
 <LI><a href="#[38]">DMA_IRQHandler</a> from interrupts.o(i.DMA_IRQHandler) referenced from startup_k1986ve1xi.o(RESET)
 <LI><a href="#[45]">ETHERNET_IRQHandler</a> from interrupts.o(i.ETHERNET_IRQHandler) referenced from startup_k1986ve1xi.o(RESET)
 <LI><a href="#[4d]">EXT_INT1_IRQHandler</a> from interrupts.o(i.EXT_INT1_IRQHandler) referenced from startup_k1986ve1xi.o(RESET)
 <LI><a href="#[4e]">EXT_INT2_IRQHandler</a> from interrupts.o(i.EXT_INT2_IRQHandler) referenced from startup_k1986ve1xi.o(RESET)
 <LI><a href="#[4f]">EXT_INT3_IRQHandler</a> from interrupts.o(i.EXT_INT3_IRQHandler) referenced from startup_k1986ve1xi.o(RESET)
 <LI><a href="#[50]">EXT_INT4_IRQHandler</a> from interrupts.o(i.EXT_INT4_IRQHandler) referenced from startup_k1986ve1xi.o(RESET)
 <LI><a href="#[2f]">HardFault_Handler</a> from interrupts.o(i.HardFault_Handler) referenced from startup_k1986ve1xi.o(RESET)
 <LI><a href="#[34]">MIL_STD_1553B1_IRQHandler</a> from interrupts.o(i.MIL_STD_1553B1_IRQHandler) referenced from startup_k1986ve1xi.o(RESET)
 <LI><a href="#[33]">MIL_STD_1553B2_IRQHandler</a> from interrupts.o(i.MIL_STD_1553B2_IRQHandler) referenced from startup_k1986ve1xi.o(RESET)
 <LI><a href="#[2e]">NMI_Handler</a> from interrupts.o(i.NMI_Handler) referenced from startup_k1986ve1xi.o(RESET)
 <LI><a href="#[3e]">POWER_IRQHandler</a> from interrupts.o(i.POWER_IRQHandler) referenced from startup_k1986ve1xi.o(RESET)
 <LI><a href="#[31]">PendSV_Handler</a> from interrupts.o(i.PendSV_Handler) referenced from startup_k1986ve1xi.o(RESET)
 <LI><a href="#[2d]">Reset_Handler</a> from startup_k1986ve1xi.o(.text) referenced from startup_k1986ve1xi.o(RESET)
 <LI><a href="#[3b]">SSP1_IRQHandler</a> from interrupts.o(i.SSP1_IRQHandler) referenced from startup_k1986ve1xi.o(RESET)
 <LI><a href="#[47]">SSP2_IRQHandler</a> from interrupts.o(i.SSP2_IRQHandler) referenced from startup_k1986ve1xi.o(RESET)
 <LI><a href="#[46]">SSP3_IRQHandler</a> from interrupts.o(i.SSP3_IRQHandler) referenced from startup_k1986ve1xi.o(RESET)
 <LI><a href="#[30]">SVC_Handler</a> from interrupts.o(i.SVC_Handler) referenced from startup_k1986ve1xi.o(RESET)
 <LI><a href="#[5d]">StateMachine_Process</a> from state_machine.o(i.StateMachine_Process) referenced from menureceptcontrol.o(i.receptSetFunction)
 <LI><a href="#[5e]">StateMachine_Process_Loaded</a> from state_machineloaded.o(i.StateMachine_Process_Loaded) referenced from menureceptloaded.o(i.receptSetFunctionLoaded)
 <LI><a href="#[32]">SysTick_Handler</a> from interrupts.o(i.SysTick_Handler) referenced from startup_k1986ve1xi.o(RESET)
 <LI><a href="#[51]">SystemInit</a> from system_k1986ve1xi.o(i.SystemInit) referenced from startup_k1986ve1xi.o(.text)
 <LI><a href="#[41]">TIMER1_IRQHandler</a> from interrupts.o(i.TIMER1_IRQHandler) referenced from startup_k1986ve1xi.o(RESET)
 <LI><a href="#[42]">TIMER2_IRQHandler</a> from interrupts.o(i.TIMER2_IRQHandler) referenced from startup_k1986ve1xi.o(RESET)
 <LI><a href="#[43]">TIMER3_IRQHandler</a> from interrupts.o(i.TIMER3_IRQHandler) referenced from startup_k1986ve1xi.o(RESET)
 <LI><a href="#[40]">TIMER4_IRQHandler</a> from interrupts.o(i.TIMER4_IRQHandler) referenced from startup_k1986ve1xi.o(RESET)
 <LI><a href="#[39]">UART1_IRQHandler</a> from interrupts.o(i.UART1_IRQHandler) referenced from startup_k1986ve1xi.o(RESET)
 <LI><a href="#[3a]">UART2_IRQHandler</a> from interrupts.o(i.UART2_IRQHandler) referenced from startup_k1986ve1xi.o(RESET)
 <LI><a href="#[35]">USB_IRQHandler</a> from interrupts.o(i.USB_IRQHandler) referenced from startup_k1986ve1xi.o(RESET)
 <LI><a href="#[3f]">WWDG_IRQHandler</a> from interrupts.o(i.WWDG_IRQHandler) referenced from startup_k1986ve1xi.o(RESET)
 <LI><a href="#[6f]">__main</a> from __main.o(!!!main) referenced from startup_k1986ve1xi.o(.text)
 <LI><a href="#[6e]">_printf_fp_dec_real</a> from _printf_fp_dec.o(.text) referenced from printf1.o(x$fpl$printf1)
 <LI><a href="#[54]">_printf_input_char</a> from _printf_char_common.o(.text) referenced from _printf_char_common.o(.text)
 <LI><a href="#[53]">_sputc</a> from _sputc.o(.text) referenced from __2sprintf.o(.text)
 <LI><a href="#[1e]">allMenuTextClear</a> from mainpage.o(i.allMenuTextClear) referenced 2 times from menusetting.o(.data)
 <LI><a href="#[1e]">allMenuTextClear</a> from mainpage.o(i.allMenuTextClear) referenced from menumanualcontrol.o(i.printMenuManualControl)
 <LI><a href="#[1e]">allMenuTextClear</a> from mainpage.o(i.allMenuTextClear) referenced from menurecept.o(i.printMenuReceptMain)
 <LI><a href="#[1b]">cahageWiFiState</a> from menusetting.o(i.cahageWiFiState) referenced 2 times from menusetting.o(.data)
 <LI><a href="#[1c]">changeBtState</a> from menusetting.o(i.changeBtState) referenced 2 times from menusetting.o(.data)
 <LI><a href="#[1d]">changeMuteState</a> from menusetting.o(i.changeMuteState) referenced 2 times from menusetting.o(.data)
 <LI><a href="#[56]">disinfection</a> from menuclearing.o(i.disinfection) referenced from menuclearing.o(i.disinfectionProcessSkip)
 <LI><a href="#[56]">disinfection</a> from menuclearing.o(i.disinfection) referenced from menuclearing.o(i.disinfectionProcessStart)
 <LI><a href="#[57]">disinfectionProcessSkip</a> from menuclearing.o(i.disinfectionProcessSkip) referenced from menuclearing.o(i.disinfectionProcessStart)
 <LI><a href="#[6a]">disinfectionProcessStart</a> from menuclearing.o(i.disinfectionProcessStart) referenced from menuclearing.o(i.transitionToDisinfectionMenu)
 <LI><a href="#[59]">functionNull</a> from hal.o(i.functionNull) referenced from main.o(i.main)
 <LI><a href="#[59]">functionNull</a> from hal.o(i.functionNull) referenced from menureceptcontrol.o(i.receptSetFunction)
 <LI><a href="#[59]">functionNull</a> from hal.o(i.functionNull) referenced from menureceptloaded.o(i.receptSetFunctionLoaded)
 <LI><a href="#[59]">functionNull</a> from hal.o(i.functionNull) referenced from powertuning.o(i.setPower)
 <LI><a href="#[59]">functionNull</a> from hal.o(i.functionNull) referenced from menureceptshablon.o(i.shablonSetFunction)
 <LI><a href="#[59]">functionNull</a> from hal.o(i.functionNull) referenced from menureceptcontrol.o(i.stopProcess)
 <LI><a href="#[59]">functionNull</a> from hal.o(i.functionNull) referenced from menuclearing.o(i.transitionToCompletionMenu)
 <LI><a href="#[59]">functionNull</a> from hal.o(i.functionNull) referenced from menuclearing.o(i.transitionToDisinfectionMenu)
 <LI><a href="#[59]">functionNull</a> from hal.o(i.functionNull) referenced from menuclearing.o(i.transitionToRinsingMenu)
 <LI><a href="#[59]">functionNull</a> from hal.o(i.functionNull) referenced from menuclearing.o(i.woshingCancel)
 <LI><a href="#[61]">menuChangeDataFunctionTemp</a> from menureceptshablon.o(i.menuChangeDataFunctionTemp) referenced from menureceptshablon.o(i.setButtonNavigationToChangeValueTemp)
 <LI><a href="#[62]">menuChangeDataFunctionTempRecepte</a> from menureceptcontrol.o(i.menuChangeDataFunctionTempRecepte) referenced from menureceptcontrol.o(i.setButtonNavigationToChangeValueTempRecepte)
 <LI><a href="#[63]">menuChangeDataFunctionTempRecepteLoaded</a> from menureceptloaded.o(i.menuChangeDataFunctionTempRecepteLoaded) referenced from menureceptloaded.o(i.setButtonNavigationToChangeValueTempRecepteLoaded)
 <LI><a href="#[64]">menuChangeDataFunctionTimer</a> from menureceptshablon.o(i.menuChangeDataFunctionTimer) referenced from menureceptshablon.o(i.setButtonNavigationToChangeValueTimer)
 <LI><a href="#[65]">menuChangeDataFunctionTimerRecepte</a> from menureceptcontrol.o(i.menuChangeDataFunctionTimerRecepte) referenced from menureceptcontrol.o(i.setButtonNavigationToChangeValueTimerRecepte)
 <LI><a href="#[66]">menuChangeDataFunctionTimerRecepteLoaded</a> from menureceptloaded.o(i.menuChangeDataFunctionTimerRecepteLoaded) referenced from menureceptloaded.o(i.setButtonNavigationToChangeValueTimerRecepteLoaded)
 <LI><a href="#[5a]">menuChangeTimeFunctionTime</a> from menusetting.o(i.menuChangeTimeFunctionTime) referenced from menusetting.o(i.menuChangeTimesetButtonNavigationFunction)
 <LI><a href="#[1f]">menuChangeTimesetButtonNavigationFunction</a> from menusetting.o(i.menuChangeTimesetButtonNavigationFunction) referenced 4 times from menusetting.o(.data)
 <LI><a href="#[55]">menuNavigationFunction</a> from main.o(i.menuNavigationFunction) referenced from menusetting.o(i.changeValueTime)
 <LI><a href="#[55]">menuNavigationFunction</a> from main.o(i.menuNavigationFunction) referenced from main.o(i.main)
 <LI><a href="#[55]">menuNavigationFunction</a> from main.o(i.menuNavigationFunction) referenced from menureceptshablon.o(i.setMenuNavigationToChangeValue)
 <LI><a href="#[55]">menuNavigationFunction</a> from main.o(i.menuNavigationFunction) referenced from menureceptcontrol.o(i.setMenuNavigationToChangeValueRecepte)
 <LI><a href="#[55]">menuNavigationFunction</a> from main.o(i.menuNavigationFunction) referenced from menureceptloaded.o(i.setMenuNavigationToChangeValueRecepteLoaded)
 <LI><a href="#[20]">menuSetTimeOK</a> from menusetting.o(i.menuSetTimeOK) referenced 2 times from menusetting.o(.data)
 <LI><a href="#[1a]">printChangeTime</a> from menusetting.o(i.printChangeTime) referenced 2 times from menusetting.o(.data)
 <LI><a href="#[23]">printInsRecept</a> from menureceptcontrol.o(i.printInsRecept) referenced 2 times from menureceptcontrol.o(.data)
 <LI><a href="#[12]">printMenuClearingState_1</a> from menuclearing.o(i.printMenuClearingState_1) referenced 2 times from mainpage.o(.data)
 <LI><a href="#[13]">printMenuManualControl</a> from menumanualcontrol.o(i.printMenuManualControl) referenced 2 times from mainpage.o(.data)
 <LI><a href="#[13]">printMenuManualControl</a> from menumanualcontrol.o(i.printMenuManualControl) referenced from menumanualcontrol.o(i.printShablonManalControl)
 <LI><a href="#[15]">printMenuReceptInt</a> from menurecept.o(i.printMenuReceptInt) referenced 2 times from menurecept.o(.data)
 <LI><a href="#[16]">printMenuReceptLoaded</a> from menurecept.o(i.printMenuReceptLoaded) referenced 2 times from menurecept.o(.data)
 <LI><a href="#[11]">printMenuReceptMain</a> from menurecept.o(i.printMenuReceptMain) referenced 2 times from mainpage.o(.data)
 <LI><a href="#[11]">printMenuReceptMain</a> from menurecept.o(i.printMenuReceptMain) referenced from menurecept.o(i.printMenuReceptInt)
 <LI><a href="#[11]">printMenuReceptMain</a> from menurecept.o(i.printMenuReceptMain) referenced from menurecept.o(i.printMenuReceptLoaded)
 <LI><a href="#[14]">printMenuSetting</a> from menusetting.o(i.printMenuSetting) referenced 4 times from mainpage.o(.data)
 <LI><a href="#[2b]">printReceptLoaded</a> from menureceptloaded.o(i.printReceptLoaded) referenced 2 times from menureceptloaded.o(.data)
 <LI><a href="#[19]">printShablonManalControl</a> from menumanualcontrol.o(i.printShablonManalControl) referenced 10 times from menumanualcontrol.o(.data)
 <LI><a href="#[19]">printShablonManalControl</a> from menumanualcontrol.o(i.printShablonManalControl) referenced from json.o(i.process_json_message)
 <LI><a href="#[24]">receptSetFunction</a> from menureceptcontrol.o(i.receptSetFunction) referenced 2 times from menureceptcontrol.o(.data)
 <LI><a href="#[2c]">receptSetFunctionLoaded</a> from menureceptloaded.o(i.receptSetFunctionLoaded) referenced 2 times from menureceptloaded.o(.data)
 <LI><a href="#[5c]">returnMenuClearingState_1</a> from menuclearing.o(i.returnMenuClearingState_1) referenced from menuclearing.o(i.printMenuClearingState_1)
 <LI><a href="#[60]">rinsingProcess</a> from menuclearing.o(i.rinsingProcess) referenced from menuclearing.o(i.rinsingProcessStart)
 <LI><a href="#[5f]">rinsingProcessSkip</a> from menuclearing.o(i.rinsingProcessSkip) referenced from menuclearing.o(i.rinsingProcessStart)
 <LI><a href="#[6b]">rinsingProcessStart</a> from menuclearing.o(i.rinsingProcessStart) referenced from menuclearing.o(i.transitionToRinsingMenu)
 <LI><a href="#[26]">setButtonNavigationToChangeValueTemp</a> from menureceptshablon.o(i.setButtonNavigationToChangeValueTemp) referenced 2 times from menureceptshablon.o(.data)
 <LI><a href="#[21]">setButtonNavigationToChangeValueTempRecepte</a> from menureceptcontrol.o(i.setButtonNavigationToChangeValueTempRecepte) referenced 2 times from menureceptcontrol.o(.data)
 <LI><a href="#[29]">setButtonNavigationToChangeValueTempRecepteLoaded</a> from menureceptloaded.o(i.setButtonNavigationToChangeValueTempRecepteLoaded) referenced 2 times from menureceptloaded.o(.data)
 <LI><a href="#[27]">setButtonNavigationToChangeValueTimer</a> from menureceptshablon.o(i.setButtonNavigationToChangeValueTimer) referenced 2 times from menureceptshablon.o(.data)
 <LI><a href="#[22]">setButtonNavigationToChangeValueTimerRecepte</a> from menureceptcontrol.o(i.setButtonNavigationToChangeValueTimerRecepte) referenced 2 times from menureceptcontrol.o(.data)
 <LI><a href="#[2a]">setButtonNavigationToChangeValueTimerRecepteLoaded</a> from menureceptloaded.o(i.setButtonNavigationToChangeValueTimerRecepteLoaded) referenced 2 times from menureceptloaded.o(.data)
 <LI><a href="#[68]">shablonExecute</a> from menureceptshablon.o(i.shablonExecute) referenced from menureceptshablon.o(i.shablonSetFunction)
 <LI><a href="#[28]">shablonSetFunction</a> from menureceptshablon.o(i.shablonSetFunction) referenced 2 times from menureceptshablon.o(.data)
 <LI><a href="#[28]">shablonSetFunction</a> from menureceptshablon.o(i.shablonSetFunction) referenced from menumanualcontrol.o(i.printShablonManalControl)
 <LI><a href="#[17]">startRecepteProcess</a> from menureceptcontrol.o(i.startRecepteProcess) referenced 6 times from menurecept.o(.data)
 <LI><a href="#[18]">startRecepteProcessLoaded</a> from menureceptloaded.o(i.startRecepteProcessLoaded) referenced 6 times from menurecept.o(.data)
 <LI><a href="#[25]">switchStadge</a> from state_machine.o(i.switchStadge) referenced 6 times from menureceptcontrol.o(.data)
 <LI><a href="#[67]">updateRelay</a> from powertuning.o(i.updateRelay) referenced from powertuning.o(i.setPower)
 <LI><a href="#[58]">woshingCancel</a> from menuclearing.o(i.woshingCancel) referenced from menuclearing.o(i.disinfectionProcessStart)
 <LI><a href="#[58]">woshingCancel</a> from menuclearing.o(i.woshingCancel) referenced from menuclearing.o(i.rinsingProcessStart)
 <LI><a href="#[58]">woshingCancel</a> from menuclearing.o(i.woshingCancel) referenced from menuclearing.o(i.transitionToDisinfectionMenu)
 <LI><a href="#[58]">woshingCancel</a> from menuclearing.o(i.woshingCancel) referenced from menuclearing.o(i.transitionToRinsingMenu)
 <LI><a href="#[58]">woshingCancel</a> from menuclearing.o(i.woshingCancel) referenced from menuclearing.o(i.woshingProcessStart)
 <LI><a href="#[69]">woshingComplite</a> from menuclearing.o(i.woshingComplite) referenced from menuclearing.o(i.transitionToCompletionMenu)
 <LI><a href="#[6d]">woshingProcess</a> from menuclearing.o(i.woshingProcess) referenced from menuclearing.o(i.woshingProcessStart)
 <LI><a href="#[5b]">woshingProcessStart</a> from menuclearing.o(i.woshingProcessStart) referenced from menuclearing.o(i.printMenuClearingState_1)
 <LI><a href="#[6c]">woshingSkip</a> from menuclearing.o(i.woshingSkip) referenced from menuclearing.o(i.woshingProcessStart)
</UL>
<P>
<H3>
Global Symbols
</H3>
<P><STRONG><a name="[6f]"></a>__main</STRONG> (Thumb, 8 bytes, Stack size 0 bytes, __main.o(!!!main))
<BR><BR>[Calls]<UL><LI><a href="#[71]">&gt;&gt;</a>&nbsp;&nbsp;&nbsp;__rt_entry
<LI><a href="#[70]">&gt;&gt;</a>&nbsp;&nbsp;&nbsp;__scatterload
</UL>

<P><STRONG><a name="[70]"></a>__scatterload</STRONG> (Thumb, 0 bytes, Stack size unknown bytes, __scatter.o(!!!scatter))
<BR><BR>[Called By]<UL><LI><a href="#[6f]">&gt;&gt;</a>&nbsp;&nbsp;&nbsp;__main
</UL>

<P><STRONG><a name="[72]"></a>__scatterload_rt2</STRONG> (Thumb, 52 bytes, Stack size unknown bytes, __scatter.o(!!!scatter), UNUSED)
<BR><BR>[Calls]<UL><LI><a href="#[71]">&gt;&gt;</a>&nbsp;&nbsp;&nbsp;__rt_entry
</UL>

<P><STRONG><a name="[1e1]"></a>__scatterload_rt2_thumb_only</STRONG> (Thumb, 0 bytes, Stack size unknown bytes, __scatter.o(!!!scatter), UNUSED)

<P><STRONG><a name="[1e2]"></a>__scatterload_null</STRONG> (Thumb, 0 bytes, Stack size unknown bytes, __scatter.o(!!!scatter), UNUSED)

<P><STRONG><a name="[1e3]"></a>__scatterload_zeroinit</STRONG> (Thumb, 28 bytes, Stack size unknown bytes, __scatter_zi.o(!!handler_zi), UNUSED)

<P><STRONG><a name="[9b]"></a>_printf_percent</STRONG> (Thumb, 0 bytes, Stack size unknown bytes, _printf_percent.o(.ARM.Collect$$_printf_percent$$00000000))
<BR><BR>[Called By]<UL><LI><a href="#[99]">&gt;&gt;</a>&nbsp;&nbsp;&nbsp;__printf
</UL>

<P><STRONG><a name="[73]"></a>_printf_f</STRONG> (Thumb, 0 bytes, Stack size unknown bytes, _printf_f.o(.ARM.Collect$$_printf_percent$$00000003))
<BR><BR>[Stack]<UL><LI>Max Depth = 88 + Unknown Stack Size
<LI>Call Chain = _printf_f &rArr; _printf_i &rArr; _printf_d &rArr; _printf_int_dec &rArr; _printf_int_common &rArr; _printf_post_padding
</UL>
<BR>[Calls]<UL><LI><a href="#[75]">&gt;&gt;</a>&nbsp;&nbsp;&nbsp;_printf_fp_dec
<LI><a href="#[74]">&gt;&gt;</a>&nbsp;&nbsp;&nbsp;_printf_i
</UL>

<P><STRONG><a name="[74]"></a>_printf_i</STRONG> (Thumb, 0 bytes, Stack size unknown bytes, _printf_i.o(.ARM.Collect$$_printf_percent$$00000008))
<BR><BR>[Stack]<UL><LI>Max Depth = 88 + Unknown Stack Size
<LI>Call Chain = _printf_i &rArr; _printf_d &rArr; _printf_int_dec &rArr; _printf_int_common &rArr; _printf_post_padding
</UL>
<BR>[Calls]<UL><LI><a href="#[76]">&gt;&gt;</a>&nbsp;&nbsp;&nbsp;_printf_d
<LI><a href="#[77]">&gt;&gt;</a>&nbsp;&nbsp;&nbsp;_printf_int_dec
</UL>
<BR>[Called By]<UL><LI><a href="#[73]">&gt;&gt;</a>&nbsp;&nbsp;&nbsp;_printf_f
</UL>

<P><STRONG><a name="[76]"></a>_printf_d</STRONG> (Thumb, 0 bytes, Stack size unknown bytes, _printf_d.o(.ARM.Collect$$_printf_percent$$00000009))
<BR><BR>[Stack]<UL><LI>Max Depth = 88 + Unknown Stack Size
<LI>Call Chain = _printf_d &rArr; _printf_int_dec &rArr; _printf_int_common &rArr; _printf_post_padding
</UL>
<BR>[Calls]<UL><LI><a href="#[78]">&gt;&gt;</a>&nbsp;&nbsp;&nbsp;_printf_s
<LI><a href="#[77]">&gt;&gt;</a>&nbsp;&nbsp;&nbsp;_printf_int_dec
</UL>
<BR>[Called By]<UL><LI><a href="#[74]">&gt;&gt;</a>&nbsp;&nbsp;&nbsp;_printf_i
</UL>

<P><STRONG><a name="[78]"></a>_printf_s</STRONG> (Thumb, 0 bytes, Stack size unknown bytes, _printf_s.o(.ARM.Collect$$_printf_percent$$00000014))
<BR><BR>[Stack]<UL><LI>Max Depth = 40 + Unknown Stack Size
<LI>Call Chain = _printf_s &rArr; _printf_string &rArr; _printf_cs_common &rArr; _printf_str &rArr; _printf_post_padding
</UL>
<BR>[Calls]<UL><LI><a href="#[79]">&gt;&gt;</a>&nbsp;&nbsp;&nbsp;_printf_percent_end
<LI><a href="#[7a]">&gt;&gt;</a>&nbsp;&nbsp;&nbsp;_printf_string
</UL>
<BR>[Called By]<UL><LI><a href="#[76]">&gt;&gt;</a>&nbsp;&nbsp;&nbsp;_printf_d
</UL>

<P><STRONG><a name="[79]"></a>_printf_percent_end</STRONG> (Thumb, 0 bytes, Stack size unknown bytes, _printf_percent_end.o(.ARM.Collect$$_printf_percent$$00000017))
<BR><BR>[Called By]<UL><LI><a href="#[78]">&gt;&gt;</a>&nbsp;&nbsp;&nbsp;_printf_s
</UL>

<P><STRONG><a name="[84]"></a>__rt_lib_init</STRONG> (Thumb, 0 bytes, Stack size unknown bytes, libinit.o(.ARM.Collect$$libinit$$00000000))
<BR><BR>[Called By]<UL><LI><a href="#[83]">&gt;&gt;</a>&nbsp;&nbsp;&nbsp;__rt_entry_li
</UL>

<P><STRONG><a name="[1e4]"></a>__rt_lib_init_fp_1</STRONG> (Thumb, 0 bytes, Stack size unknown bytes, libinit2.o(.ARM.Collect$$libinit$$00000002))

<P><STRONG><a name="[7b]"></a>__rt_lib_init_heap_2</STRONG> (Thumb, 0 bytes, Stack size unknown bytes, libinit2.o(.ARM.Collect$$libinit$$00000005))
<BR><BR>[Stack]<UL><LI>Max Depth = 64 + Unknown Stack Size
<LI>Call Chain = __rt_lib_init_heap_2 &rArr; _init_alloc &rArr; __rt_SIGRTMEM &rArr; __rt_SIGRTMEM_inner &rArr; __default_signal_display &rArr; _ttywrch
</UL>
<BR>[Calls]<UL><LI><a href="#[7c]">&gt;&gt;</a>&nbsp;&nbsp;&nbsp;_init_alloc
</UL>

<P><STRONG><a name="[1e5]"></a>__rt_lib_init_preinit_1</STRONG> (Thumb, 0 bytes, Stack size unknown bytes, libinit2.o(.ARM.Collect$$libinit$$00000004))

<P><STRONG><a name="[1e6]"></a>__rt_lib_init_heap_1</STRONG> (Thumb, 0 bytes, Stack size unknown bytes, libinit2.o(.ARM.Collect$$libinit$$0000000A))

<P><STRONG><a name="[7d]"></a>__rt_lib_init_lc_common</STRONG> (Thumb, 0 bytes, Stack size unknown bytes, libinit2.o(.ARM.Collect$$libinit$$0000000F))
<BR><BR>[Calls]<UL><LI><a href="#[7e]">&gt;&gt;</a>&nbsp;&nbsp;&nbsp;__rt_locale
</UL>

<P><STRONG><a name="[1e7]"></a>__rt_lib_init_rand_1</STRONG> (Thumb, 0 bytes, Stack size unknown bytes, libinit2.o(.ARM.Collect$$libinit$$0000000E))

<P><STRONG><a name="[1e8]"></a>__rt_lib_init_user_alloc_1</STRONG> (Thumb, 0 bytes, Stack size unknown bytes, libinit2.o(.ARM.Collect$$libinit$$0000000C))

<P><STRONG><a name="[1e9]"></a>__rt_lib_init_lc_collate_1</STRONG> (Thumb, 0 bytes, Stack size unknown bytes, libinit2.o(.ARM.Collect$$libinit$$00000011))

<P><STRONG><a name="[1ea]"></a>__rt_lib_init_lc_ctype_1</STRONG> (Thumb, 0 bytes, Stack size unknown bytes, libinit2.o(.ARM.Collect$$libinit$$00000013))

<P><STRONG><a name="[1eb]"></a>__rt_lib_init_lc_monetary_1</STRONG> (Thumb, 0 bytes, Stack size unknown bytes, libinit2.o(.ARM.Collect$$libinit$$00000015))

<P><STRONG><a name="[7f]"></a>__rt_lib_init_lc_numeric_2</STRONG> (Thumb, 0 bytes, Stack size unknown bytes, libinit2.o(.ARM.Collect$$libinit$$00000016))
<BR><BR>[Stack]<UL><LI>Max Depth = 24 + Unknown Stack Size
<LI>Call Chain = __rt_lib_init_lc_numeric_2 &rArr; _get_lc_numeric &rArr; strcmp
</UL>
<BR>[Calls]<UL><LI><a href="#[80]">&gt;&gt;</a>&nbsp;&nbsp;&nbsp;_get_lc_numeric
</UL>

<P><STRONG><a name="[1ec]"></a>__rt_lib_init_alloca_1</STRONG> (Thumb, 0 bytes, Stack size unknown bytes, libinit2.o(.ARM.Collect$$libinit$$0000002E))

<P><STRONG><a name="[1ed]"></a>__rt_lib_init_argv_1</STRONG> (Thumb, 0 bytes, Stack size unknown bytes, libinit2.o(.ARM.Collect$$libinit$$0000002C))

<P><STRONG><a name="[1ee]"></a>__rt_lib_init_atexit_1</STRONG> (Thumb, 0 bytes, Stack size unknown bytes, libinit2.o(.ARM.Collect$$libinit$$0000001B))

<P><STRONG><a name="[1ef]"></a>__rt_lib_init_clock_1</STRONG> (Thumb, 0 bytes, Stack size unknown bytes, libinit2.o(.ARM.Collect$$libinit$$00000021))

<P><STRONG><a name="[1f0]"></a>__rt_lib_init_cpp_1</STRONG> (Thumb, 0 bytes, Stack size unknown bytes, libinit2.o(.ARM.Collect$$libinit$$00000032))

<P><STRONG><a name="[1f1]"></a>__rt_lib_init_exceptions_1</STRONG> (Thumb, 0 bytes, Stack size unknown bytes, libinit2.o(.ARM.Collect$$libinit$$00000030))

<P><STRONG><a name="[1f2]"></a>__rt_lib_init_fp_trap_1</STRONG> (Thumb, 0 bytes, Stack size unknown bytes, libinit2.o(.ARM.Collect$$libinit$$0000001F))

<P><STRONG><a name="[1f3]"></a>__rt_lib_init_getenv_1</STRONG> (Thumb, 0 bytes, Stack size unknown bytes, libinit2.o(.ARM.Collect$$libinit$$00000023))

<P><STRONG><a name="[1f4]"></a>__rt_lib_init_lc_numeric_1</STRONG> (Thumb, 0 bytes, Stack size unknown bytes, libinit2.o(.ARM.Collect$$libinit$$00000017))

<P><STRONG><a name="[1f5]"></a>__rt_lib_init_lc_time_1</STRONG> (Thumb, 0 bytes, Stack size unknown bytes, libinit2.o(.ARM.Collect$$libinit$$00000019))

<P><STRONG><a name="[1f6]"></a>__rt_lib_init_return</STRONG> (Thumb, 0 bytes, Stack size unknown bytes, libinit2.o(.ARM.Collect$$libinit$$00000033))

<P><STRONG><a name="[1f7]"></a>__rt_lib_init_signal_1</STRONG> (Thumb, 0 bytes, Stack size unknown bytes, libinit2.o(.ARM.Collect$$libinit$$0000001D))

<P><STRONG><a name="[1f8]"></a>__rt_lib_init_stdio_1</STRONG> (Thumb, 0 bytes, Stack size unknown bytes, libinit2.o(.ARM.Collect$$libinit$$00000025))

<P><STRONG><a name="[89]"></a>__rt_lib_shutdown</STRONG> (Thumb, 0 bytes, Stack size unknown bytes, libshutdown.o(.ARM.Collect$$libshutdown$$00000000))
<BR><BR>[Called By]<UL><LI><a href="#[88]">&gt;&gt;</a>&nbsp;&nbsp;&nbsp;__rt_exit_ls
</UL>

<P><STRONG><a name="[1f9]"></a>__rt_lib_shutdown_cpp_1</STRONG> (Thumb, 0 bytes, Stack size unknown bytes, libshutdown2.o(.ARM.Collect$$libshutdown$$00000002))

<P><STRONG><a name="[1fa]"></a>__rt_lib_shutdown_fp_trap_1</STRONG> (Thumb, 0 bytes, Stack size unknown bytes, libshutdown2.o(.ARM.Collect$$libshutdown$$00000007))

<P><STRONG><a name="[1fb]"></a>__rt_lib_shutdown_heap_1</STRONG> (Thumb, 0 bytes, Stack size unknown bytes, libshutdown2.o(.ARM.Collect$$libshutdown$$0000000F))

<P><STRONG><a name="[1fc]"></a>__rt_lib_shutdown_return</STRONG> (Thumb, 0 bytes, Stack size unknown bytes, libshutdown2.o(.ARM.Collect$$libshutdown$$00000010))

<P><STRONG><a name="[1fd]"></a>__rt_lib_shutdown_signal_1</STRONG> (Thumb, 0 bytes, Stack size unknown bytes, libshutdown2.o(.ARM.Collect$$libshutdown$$0000000A))

<P><STRONG><a name="[1fe]"></a>__rt_lib_shutdown_stdio_1</STRONG> (Thumb, 0 bytes, Stack size unknown bytes, libshutdown2.o(.ARM.Collect$$libshutdown$$00000004))

<P><STRONG><a name="[1ff]"></a>__rt_lib_shutdown_user_alloc_1</STRONG> (Thumb, 0 bytes, Stack size unknown bytes, libshutdown2.o(.ARM.Collect$$libshutdown$$0000000C))

<P><STRONG><a name="[71]"></a>__rt_entry</STRONG> (Thumb, 0 bytes, Stack size unknown bytes, __rtentry.o(.ARM.Collect$$rtentry$$00000000))
<BR><BR>[Called By]<UL><LI><a href="#[6f]">&gt;&gt;</a>&nbsp;&nbsp;&nbsp;__main
<LI><a href="#[72]">&gt;&gt;</a>&nbsp;&nbsp;&nbsp;__scatterload_rt2
</UL>

<P><STRONG><a name="[200]"></a>__rt_entry_presh_1</STRONG> (Thumb, 0 bytes, Stack size unknown bytes, __rtentry2.o(.ARM.Collect$$rtentry$$00000002))

<P><STRONG><a name="[81]"></a>__rt_entry_sh</STRONG> (Thumb, 0 bytes, Stack size unknown bytes, __rtentry4.o(.ARM.Collect$$rtentry$$00000004))
<BR><BR>[Stack]<UL><LI>Max Depth = 8 + Unknown Stack Size
<LI>Call Chain = __rt_entry_sh &rArr; __user_setup_stackheap
</UL>
<BR>[Calls]<UL><LI><a href="#[82]">&gt;&gt;</a>&nbsp;&nbsp;&nbsp;__user_setup_stackheap
</UL>

<P><STRONG><a name="[83]"></a>__rt_entry_li</STRONG> (Thumb, 0 bytes, Stack size unknown bytes, __rtentry2.o(.ARM.Collect$$rtentry$$0000000A))
<BR><BR>[Calls]<UL><LI><a href="#[84]">&gt;&gt;</a>&nbsp;&nbsp;&nbsp;__rt_lib_init
</UL>

<P><STRONG><a name="[201]"></a>__rt_entry_postsh_1</STRONG> (Thumb, 0 bytes, Stack size unknown bytes, __rtentry2.o(.ARM.Collect$$rtentry$$00000009))

<P><STRONG><a name="[85]"></a>__rt_entry_main</STRONG> (Thumb, 0 bytes, Stack size unknown bytes, __rtentry2.o(.ARM.Collect$$rtentry$$0000000D))
<BR><BR>[Stack]<UL><LI>Max Depth = 544 + Unknown Stack Size
<LI>Call Chain = __rt_entry_main &rArr; main &rArr; process_incoming_json &rArr; process_json_message &rArr; parse_json_data &rArr; distanceSetTimer &rArr; printShablon &rArr; MENU_Init &rArr; MENU_PrintPtr &rArr; MENU_PrintPage &rArr; ST7567_FB_printText &rArr; ST7567_FB_drawPixel
</UL>
<BR>[Calls]<UL><LI><a href="#[86]">&gt;&gt;</a>&nbsp;&nbsp;&nbsp;main
<LI><a href="#[87]">&gt;&gt;</a>&nbsp;&nbsp;&nbsp;exit
</UL>

<P><STRONG><a name="[202]"></a>__rt_entry_postli_1</STRONG> (Thumb, 0 bytes, Stack size unknown bytes, __rtentry2.o(.ARM.Collect$$rtentry$$0000000C))

<P><STRONG><a name="[cf]"></a>__rt_exit</STRONG> (Thumb, 0 bytes, Stack size unknown bytes, rtexit.o(.ARM.Collect$$rtexit$$00000000))
<BR><BR>[Called By]<UL><LI><a href="#[87]">&gt;&gt;</a>&nbsp;&nbsp;&nbsp;exit
</UL>

<P><STRONG><a name="[88]"></a>__rt_exit_ls</STRONG> (Thumb, 0 bytes, Stack size unknown bytes, rtexit2.o(.ARM.Collect$$rtexit$$00000003))
<BR><BR>[Calls]<UL><LI><a href="#[89]">&gt;&gt;</a>&nbsp;&nbsp;&nbsp;__rt_lib_shutdown
</UL>

<P><STRONG><a name="[203]"></a>__rt_exit_prels_1</STRONG> (Thumb, 0 bytes, Stack size unknown bytes, rtexit2.o(.ARM.Collect$$rtexit$$00000002))

<P><STRONG><a name="[8a]"></a>__rt_exit_exit</STRONG> (Thumb, 0 bytes, Stack size unknown bytes, rtexit2.o(.ARM.Collect$$rtexit$$00000004))
<BR><BR>[Calls]<UL><LI><a href="#[8b]">&gt;&gt;</a>&nbsp;&nbsp;&nbsp;_sys_exit
</UL>

<P><STRONG><a name="[9d]"></a>__aeabi_memcpy4</STRONG> (Thumb, 56 bytes, Stack size 0 bytes, rt_memcpy.o(.emb_text))
<BR><BR>[Called By]<UL><LI><a href="#[197]">&gt;&gt;</a>&nbsp;&nbsp;&nbsp;initDevice
<LI><a href="#[9c]">&gt;&gt;</a>&nbsp;&nbsp;&nbsp;__aeabi_memcpy
</UL>

<P><STRONG><a name="[204]"></a>__aeabi_memcpy8</STRONG> (Thumb, 0 bytes, Stack size 0 bytes, rt_memcpy.o(.emb_text), UNUSED)

<P><STRONG><a name="[2d]"></a>Reset_Handler</STRONG> (Thumb, 8 bytes, Stack size 0 bytes, startup_k1986ve1xi.o(.text))
<BR>[Address Reference Count : 1]<UL><LI> startup_k1986ve1xi.o(RESET)
</UL>
<P><STRONG><a name="[205]"></a>_maybe_terminate_alloc</STRONG> (Thumb, 0 bytes, Stack size 0 bytes, maybetermalloc1.o(.emb_text), UNUSED)

<P><STRONG><a name="[cd]"></a>__user_initial_stackheap</STRONG> (Thumb, 0 bytes, Stack size unknown bytes, startup_k1986ve1xi.o(.text))
<BR><BR>[Called By]<UL><LI><a href="#[82]">&gt;&gt;</a>&nbsp;&nbsp;&nbsp;__user_setup_stackheap
</UL>

<P><STRONG><a name="[8c]"></a>malloc</STRONG> (Thumb, 98 bytes, Stack size 16 bytes, h1_alloc.o(.text))
<BR><BR>[Stack]<UL><LI>Max Depth = 56<LI>Call Chain = malloc &rArr; __Heap_Full &rArr; __Heap_ProvideMemory &rArr; free
</UL>
<BR>[Calls]<UL><LI><a href="#[8e]">&gt;&gt;</a>&nbsp;&nbsp;&nbsp;__Heap_Full
<LI><a href="#[8d]">&gt;&gt;</a>&nbsp;&nbsp;&nbsp;__rt_heap_descriptor
</UL>
<BR>[Called By]<UL><LI><a href="#[db]">&gt;&gt;</a>&nbsp;&nbsp;&nbsp;DS18B20_ReadScratchpad
<LI><a href="#[da]">&gt;&gt;</a>&nbsp;&nbsp;&nbsp;DS18B20_ReadRom
</UL>

<P><STRONG><a name="[8f]"></a>free</STRONG> (Thumb, 76 bytes, Stack size 16 bytes, h1_free.o(.text))
<BR><BR>[Stack]<UL><LI>Max Depth = 16<LI>Call Chain = free
</UL>
<BR>[Calls]<UL><LI><a href="#[8d]">&gt;&gt;</a>&nbsp;&nbsp;&nbsp;__rt_heap_descriptor
</UL>
<BR>[Called By]<UL><LI><a href="#[db]">&gt;&gt;</a>&nbsp;&nbsp;&nbsp;DS18B20_ReadScratchpad
<LI><a href="#[da]">&gt;&gt;</a>&nbsp;&nbsp;&nbsp;DS18B20_ReadRom
<LI><a href="#[af]">&gt;&gt;</a>&nbsp;&nbsp;&nbsp;__Heap_ProvideMemory
</UL>

<P><STRONG><a name="[174]"></a>__aeabi_uldivmod</STRONG> (Thumb, 258 bytes, Stack size 32 bytes, lludiv.o(.text))
<BR><BR>[Stack]<UL><LI>Max Depth = 32<LI>Call Chain = __aeabi_uldivmod
</UL>
<BR>[Called By]<UL><LI><a href="#[19d]">&gt;&gt;</a>&nbsp;&nbsp;&nbsp;printMainPage
<LI><a href="#[175]">&gt;&gt;</a>&nbsp;&nbsp;&nbsp;changeReceptValueTimeLoaded
<LI><a href="#[179]">&gt;&gt;</a>&nbsp;&nbsp;&nbsp;changeValueTime
<LI><a href="#[172]">&gt;&gt;</a>&nbsp;&nbsp;&nbsp;changeReceptValueTime
<LI><a href="#[1a]">&gt;&gt;</a>&nbsp;&nbsp;&nbsp;printChangeTime
</UL>

<P><STRONG><a name="[206]"></a>_ll_udiv</STRONG> (Thumb, 0 bytes, Stack size 32 bytes, lludiv.o(.text), UNUSED)

<P><STRONG><a name="[90]"></a>__2sprintf</STRONG> (Thumb, 40 bytes, Stack size 32 bytes, __2sprintf.o(.text))
<BR><BR>[Stack]<UL><LI>Max Depth = 128 + Unknown Stack Size
<LI>Call Chain = __2sprintf &rArr; _printf_char_common &rArr; __printf
</UL>
<BR>[Calls]<UL><LI><a href="#[53]">&gt;&gt;</a>&nbsp;&nbsp;&nbsp;_sputc
<LI><a href="#[91]">&gt;&gt;</a>&nbsp;&nbsp;&nbsp;_printf_char_common
</UL>
<BR>[Called By]<UL><LI><a href="#[19d]">&gt;&gt;</a>&nbsp;&nbsp;&nbsp;printMainPage
<LI><a href="#[67]">&gt;&gt;</a>&nbsp;&nbsp;&nbsp;updateRelay
<LI><a href="#[17c]">&gt;&gt;</a>&nbsp;&nbsp;&nbsp;convertToJSON
<LI><a href="#[17f]">&gt;&gt;</a>&nbsp;&nbsp;&nbsp;displayTimeRemaining
<LI><a href="#[173]">&gt;&gt;</a>&nbsp;&nbsp;&nbsp;getTimerStr
<LI><a href="#[16b]">&gt;&gt;</a>&nbsp;&nbsp;&nbsp;getTemperatureStr
<LI><a href="#[1a]">&gt;&gt;</a>&nbsp;&nbsp;&nbsp;printChangeTime
<LI><a href="#[178]">&gt;&gt;</a>&nbsp;&nbsp;&nbsp;changeValueTime
<LI><a href="#[68]">&gt;&gt;</a>&nbsp;&nbsp;&nbsp;shablonExecute
<LI><a href="#[184]">&gt;&gt;</a>&nbsp;&nbsp;&nbsp;printShablon
<LI><a href="#[145]">&gt;&gt;</a>&nbsp;&nbsp;&nbsp;stateMahineReceptTimerLoaded
<LI><a href="#[141]">&gt;&gt;</a>&nbsp;&nbsp;&nbsp;stateMahineReceptTimer
</UL>

<P><STRONG><a name="[93]"></a>_printf_pre_padding</STRONG> (Thumb, 44 bytes, Stack size 16 bytes, _printf_pad.o(.text))
<BR><BR>[Stack]<UL><LI>Max Depth = 16<LI>Call Chain = _printf_pre_padding
</UL>
<BR>[Called By]<UL><LI><a href="#[6e]">&gt;&gt;</a>&nbsp;&nbsp;&nbsp;_printf_fp_dec_real
<LI><a href="#[98]">&gt;&gt;</a>&nbsp;&nbsp;&nbsp;_printf_int_common
<LI><a href="#[92]">&gt;&gt;</a>&nbsp;&nbsp;&nbsp;_printf_str
<LI><a href="#[ba]">&gt;&gt;</a>&nbsp;&nbsp;&nbsp;_printf_fp_infnan
</UL>

<P><STRONG><a name="[94]"></a>_printf_post_padding</STRONG> (Thumb, 34 bytes, Stack size 16 bytes, _printf_pad.o(.text))
<BR><BR>[Stack]<UL><LI>Max Depth = 16<LI>Call Chain = _printf_post_padding
</UL>
<BR>[Called By]<UL><LI><a href="#[6e]">&gt;&gt;</a>&nbsp;&nbsp;&nbsp;_printf_fp_dec_real
<LI><a href="#[98]">&gt;&gt;</a>&nbsp;&nbsp;&nbsp;_printf_int_common
<LI><a href="#[92]">&gt;&gt;</a>&nbsp;&nbsp;&nbsp;_printf_str
<LI><a href="#[ba]">&gt;&gt;</a>&nbsp;&nbsp;&nbsp;_printf_fp_infnan
</UL>

<P><STRONG><a name="[92]"></a>_printf_str</STRONG> (Thumb, 82 bytes, Stack size 16 bytes, _printf_str.o(.text))
<BR><BR>[Stack]<UL><LI>Max Depth = 32<LI>Call Chain = _printf_str &rArr; _printf_post_padding
</UL>
<BR>[Calls]<UL><LI><a href="#[94]">&gt;&gt;</a>&nbsp;&nbsp;&nbsp;_printf_post_padding
<LI><a href="#[93]">&gt;&gt;</a>&nbsp;&nbsp;&nbsp;_printf_pre_padding
</UL>
<BR>[Called By]<UL><LI><a href="#[bb]">&gt;&gt;</a>&nbsp;&nbsp;&nbsp;_printf_cs_common
</UL>

<P><STRONG><a name="[77]"></a>_printf_int_dec</STRONG> (Thumb, 90 bytes, Stack size 32 bytes, _printf_dec.o(.text))
<BR><BR>[Stack]<UL><LI>Max Depth = 88<LI>Call Chain = _printf_int_dec &rArr; _printf_int_common &rArr; _printf_post_padding
</UL>
<BR>[Calls]<UL><LI><a href="#[97]">&gt;&gt;</a>&nbsp;&nbsp;&nbsp;__rt_udiv10
<LI><a href="#[98]">&gt;&gt;</a>&nbsp;&nbsp;&nbsp;_printf_int_common
<LI><a href="#[96]">&gt;&gt;</a>&nbsp;&nbsp;&nbsp;_printf_truncate_unsigned (Weak Reference)
<LI><a href="#[95]">&gt;&gt;</a>&nbsp;&nbsp;&nbsp;_printf_truncate_signed (Weak Reference)
</UL>
<BR>[Called By]<UL><LI><a href="#[76]">&gt;&gt;</a>&nbsp;&nbsp;&nbsp;_printf_d
<LI><a href="#[74]">&gt;&gt;</a>&nbsp;&nbsp;&nbsp;_printf_i
</UL>

<P><STRONG><a name="[99]"></a>__printf</STRONG> (Thumb, 306 bytes, Stack size 32 bytes, __printf_flags_wp.o(.text))
<BR><BR>[Stack]<UL><LI>Max Depth = 32 + Unknown Stack Size
<LI>Call Chain = __printf
</UL>
<BR>[Calls]<UL><LI><a href="#[9b]">&gt;&gt;</a>&nbsp;&nbsp;&nbsp;_printf_percent
<LI><a href="#[9a]">&gt;&gt;</a>&nbsp;&nbsp;&nbsp;_is_digit
</UL>
<BR>[Called By]<UL><LI><a href="#[91]">&gt;&gt;</a>&nbsp;&nbsp;&nbsp;_printf_char_common
</UL>

<P><STRONG><a name="[9c]"></a>__aeabi_memcpy</STRONG> (Thumb, 130 bytes, Stack size 24 bytes, rt_memcpy.o(.text))
<BR><BR>[Stack]<UL><LI>Max Depth = 24<LI>Call Chain = __aeabi_memcpy
</UL>
<BR>[Calls]<UL><LI><a href="#[9d]">&gt;&gt;</a>&nbsp;&nbsp;&nbsp;__aeabi_memcpy4
</UL>
<BR>[Called By]<UL><LI><a href="#[102]">&gt;&gt;</a>&nbsp;&nbsp;&nbsp;I2Csft_Settings
<LI><a href="#[e1]">&gt;&gt;</a>&nbsp;&nbsp;&nbsp;DS18B20_WriteScratchpad
<LI><a href="#[e0]">&gt;&gt;</a>&nbsp;&nbsp;&nbsp;DS18B20_SkipRom
<LI><a href="#[db]">&gt;&gt;</a>&nbsp;&nbsp;&nbsp;DS18B20_ReadScratchpad
<LI><a href="#[da]">&gt;&gt;</a>&nbsp;&nbsp;&nbsp;DS18B20_ReadRom
<LI><a href="#[d2]">&gt;&gt;</a>&nbsp;&nbsp;&nbsp;DS18B20_ConvertT
<LI><a href="#[17]">&gt;&gt;</a>&nbsp;&nbsp;&nbsp;startRecepteProcess
<LI><a href="#[11f]">&gt;&gt;</a>&nbsp;&nbsp;&nbsp;Recipe_GetNames
</UL>

<P><STRONG><a name="[207]"></a>__rt_memcpy</STRONG> (Thumb, 0 bytes, Stack size 24 bytes, rt_memcpy.o(.text), UNUSED)

<P><STRONG><a name="[9f]"></a>_memset_w</STRONG> (Thumb, 26 bytes, Stack size 0 bytes, rt_memclr.o(.text), UNUSED)
<BR><BR>[Called By]<UL><LI><a href="#[a1]">&gt;&gt;</a>&nbsp;&nbsp;&nbsp;__rt_memclr_w
<LI><a href="#[9e]">&gt;&gt;</a>&nbsp;&nbsp;&nbsp;_memset
</UL>

<P><STRONG><a name="[9e]"></a>_memset</STRONG> (Thumb, 30 bytes, Stack size 0 bytes, rt_memclr.o(.text), UNUSED)
<BR><BR>[Calls]<UL><LI><a href="#[9f]">&gt;&gt;</a>&nbsp;&nbsp;&nbsp;_memset_w
</UL>
<BR>[Called By]<UL><LI><a href="#[a0]">&gt;&gt;</a>&nbsp;&nbsp;&nbsp;__aeabi_memclr
</UL>

<P><STRONG><a name="[a0]"></a>__aeabi_memclr</STRONG> (Thumb, 4 bytes, Stack size 0 bytes, rt_memclr.o(.text), UNUSED)
<BR><BR>[Calls]<UL><LI><a href="#[9e]">&gt;&gt;</a>&nbsp;&nbsp;&nbsp;_memset
</UL>

<P><STRONG><a name="[208]"></a>__rt_memclr</STRONG> (Thumb, 0 bytes, Stack size 0 bytes, rt_memclr.o(.text), UNUSED)

<P><STRONG><a name="[12d]"></a>__aeabi_memclr4</STRONG> (Thumb, 0 bytes, Stack size 0 bytes, rt_memclr.o(.text))
<BR><BR>[Called By]<UL><LI><a href="#[12c]">&gt;&gt;</a>&nbsp;&nbsp;&nbsp;ST7567_FB_cls
</UL>

<P><STRONG><a name="[209]"></a>__aeabi_memclr8</STRONG> (Thumb, 0 bytes, Stack size 0 bytes, rt_memclr.o(.text), UNUSED)

<P><STRONG><a name="[a1]"></a>__rt_memclr_w</STRONG> (Thumb, 4 bytes, Stack size 0 bytes, rt_memclr.o(.text), UNUSED)
<BR><BR>[Calls]<UL><LI><a href="#[9f]">&gt;&gt;</a>&nbsp;&nbsp;&nbsp;_memset_w
</UL>

<P><STRONG><a name="[ea]"></a>__aeabi_uread4</STRONG> (Thumb, 34 bytes, Stack size 0 bytes, uread4.o(.text))
<BR><BR>[Called By]<UL><LI><a href="#[fa]">&gt;&gt;</a>&nbsp;&nbsp;&nbsp;I2Csft_Stop
<LI><a href="#[f6]">&gt;&gt;</a>&nbsp;&nbsp;&nbsp;I2Csft_Start
<LI><a href="#[f7]">&gt;&gt;</a>&nbsp;&nbsp;&nbsp;I2Csft_SendByte
<LI><a href="#[f8]">&gt;&gt;</a>&nbsp;&nbsp;&nbsp;I2Csft_Restart
<LI><a href="#[f9]">&gt;&gt;</a>&nbsp;&nbsp;&nbsp;I2Csft_ReadByte
<LI><a href="#[fb]">&gt;&gt;</a>&nbsp;&nbsp;&nbsp;I2Csft_Init
<LI><a href="#[113]">&gt;&gt;</a>&nbsp;&nbsp;&nbsp;SetBaudrate
<LI><a href="#[10a]">&gt;&gt;</a>&nbsp;&nbsp;&nbsp;OneWire_InitUart
<LI><a href="#[ed]">&gt;&gt;</a>&nbsp;&nbsp;&nbsp;HAL_UART_Transmit
<LI><a href="#[e8]">&gt;&gt;</a>&nbsp;&nbsp;&nbsp;HAL_UART_Receive
</UL>

<P><STRONG><a name="[20a]"></a>__rt_uread4</STRONG> (Thumb, 0 bytes, Stack size 0 bytes, uread4.o(.text), UNUSED)

<P><STRONG><a name="[10b]"></a>__aeabi_uwrite4</STRONG> (Thumb, 16 bytes, Stack size 0 bytes, uwrite4.o(.text))
<BR><BR>[Called By]<UL><LI><a href="#[10a]">&gt;&gt;</a>&nbsp;&nbsp;&nbsp;OneWire_InitUart
</UL>

<P><STRONG><a name="[20b]"></a>__rt_uwrite4</STRONG> (Thumb, 0 bytes, Stack size 0 bytes, uwrite4.o(.text), UNUSED)

<P><STRONG><a name="[20c]"></a>__aeabi_uidiv</STRONG> (Thumb, 0 bytes, Stack size 0 bytes, aeabi_sdiv.o(.text), UNUSED)

<P><STRONG><a name="[11b]"></a>__aeabi_uidivmod</STRONG> (Thumb, 20 bytes, Stack size 0 bytes, aeabi_sdiv.o(.text))
<BR><BR>[Called By]<UL><LI><a href="#[17c]">&gt;&gt;</a>&nbsp;&nbsp;&nbsp;convertToJSON
<LI><a href="#[10f]">&gt;&gt;</a>&nbsp;&nbsp;&nbsp;UART_Init
<LI><a href="#[157]">&gt;&gt;</a>&nbsp;&nbsp;&nbsp;SystemCoreClockUpdate
<LI><a href="#[15f]">&gt;&gt;</a>&nbsp;&nbsp;&nbsp;W25qxx_Init
<LI><a href="#[e5]">&gt;&gt;</a>&nbsp;&nbsp;&nbsp;W25qxx_SectorToPage
<LI><a href="#[11a]">&gt;&gt;</a>&nbsp;&nbsp;&nbsp;RST_CLK_GetClocksFreq
</UL>

<P><STRONG><a name="[20d]"></a>__aeabi_idiv</STRONG> (Thumb, 0 bytes, Stack size 8 bytes, aeabi_sdiv.o(.text), UNUSED)

<P><STRONG><a name="[c3]"></a>__aeabi_idivmod</STRONG> (Thumb, 326 bytes, Stack size 8 bytes, aeabi_sdiv.o(.text))
<BR><BR>[Stack]<UL><LI>Max Depth = 8<LI>Call Chain = __aeabi_idivmod
</UL>
<BR>[Called By]<UL><LI><a href="#[19d]">&gt;&gt;</a>&nbsp;&nbsp;&nbsp;printMainPage
<LI><a href="#[67]">&gt;&gt;</a>&nbsp;&nbsp;&nbsp;updateRelay
<LI><a href="#[17f]">&gt;&gt;</a>&nbsp;&nbsp;&nbsp;displayTimeRemaining
<LI><a href="#[14b]">&gt;&gt;</a>&nbsp;&nbsp;&nbsp;shablonSetFunctionFermentingAutoResnartLoaded
<LI><a href="#[146]">&gt;&gt;</a>&nbsp;&nbsp;&nbsp;shablonSetFunctionCoolingAutoResnartLoaded
<LI><a href="#[151]">&gt;&gt;</a>&nbsp;&nbsp;&nbsp;shablonSetFunctionBoilingAutoResnartLoaded
<LI><a href="#[156]">&gt;&gt;</a>&nbsp;&nbsp;&nbsp;shablonSetFunctionAutoResnartLoaded
<LI><a href="#[2c]">&gt;&gt;</a>&nbsp;&nbsp;&nbsp;receptSetFunctionLoaded
<LI><a href="#[1cc]">&gt;&gt;</a>&nbsp;&nbsp;&nbsp;printShablonRecepteLoaded
<LI><a href="#[175]">&gt;&gt;</a>&nbsp;&nbsp;&nbsp;changeReceptValueTimeLoaded
<LI><a href="#[170]">&gt;&gt;</a>&nbsp;&nbsp;&nbsp;changeReceptValueTemperatureLoaded
<LI><a href="#[185]">&gt;&gt;</a>&nbsp;&nbsp;&nbsp;distanceSetTimer
<LI><a href="#[179]">&gt;&gt;</a>&nbsp;&nbsp;&nbsp;changeValueTime
<LI><a href="#[176]">&gt;&gt;</a>&nbsp;&nbsp;&nbsp;changeValue
<LI><a href="#[149]">&gt;&gt;</a>&nbsp;&nbsp;&nbsp;shablonSetFunctionFermentingAutoResnart
<LI><a href="#[143]">&gt;&gt;</a>&nbsp;&nbsp;&nbsp;shablonSetFunctionCoolingAutoResnart
<LI><a href="#[14f]">&gt;&gt;</a>&nbsp;&nbsp;&nbsp;shablonSetFunctionBoilingAutoResnart
<LI><a href="#[153]">&gt;&gt;</a>&nbsp;&nbsp;&nbsp;shablonSetFunctionAutoResnart
<LI><a href="#[24]">&gt;&gt;</a>&nbsp;&nbsp;&nbsp;receptSetFunction
<LI><a href="#[1cb]">&gt;&gt;</a>&nbsp;&nbsp;&nbsp;printShablonRecepte
<LI><a href="#[172]">&gt;&gt;</a>&nbsp;&nbsp;&nbsp;changeReceptValueTime
<LI><a href="#[16a]">&gt;&gt;</a>&nbsp;&nbsp;&nbsp;changeReceptValueTemperature
<LI><a href="#[1a]">&gt;&gt;</a>&nbsp;&nbsp;&nbsp;printChangeTime
<LI><a href="#[178]">&gt;&gt;</a>&nbsp;&nbsp;&nbsp;changeValueTime
<LI><a href="#[14a]">&gt;&gt;</a>&nbsp;&nbsp;&nbsp;StateMachine_ProcessCoolingLoaded
<LI><a href="#[13f]">&gt;&gt;</a>&nbsp;&nbsp;&nbsp;StateMachine_ProcessCooling
<LI><a href="#[b4]">&gt;&gt;</a>&nbsp;&nbsp;&nbsp;_btod_etento
</UL>

<P><STRONG><a name="[20e]"></a>__use_two_region_memory</STRONG> (Thumb, 2 bytes, Stack size 0 bytes, heapauxi.o(.text), UNUSED)

<P><STRONG><a name="[6]"></a>__rt_heap_escrow</STRONG> (Thumb, 2 bytes, Stack size 0 bytes, heapauxi.o(.text), UNUSED)

<P><STRONG><a name="[5]"></a>__rt_heap_expand</STRONG> (Thumb, 2 bytes, Stack size 0 bytes, heapauxi.o(.text), UNUSED)

<P><STRONG><a name="[de]"></a>__aeabi_d2f</STRONG> (Thumb, 0 bytes, Stack size 12 bytes, d2f.o(.text))
<BR><BR>[Stack]<UL><LI>Max Depth = 12<LI>Call Chain = __aeabi_d2f
</UL>
<BR>[Called By]<UL><LI><a href="#[db]">&gt;&gt;</a>&nbsp;&nbsp;&nbsp;DS18B20_ReadScratchpad
<LI><a href="#[1bb]">&gt;&gt;</a>&nbsp;&nbsp;&nbsp;string_to_float
</UL>

<P><STRONG><a name="[20f]"></a>_d2f</STRONG> (Thumb, 120 bytes, Stack size 12 bytes, d2f.o(.text), UNUSED)

<P><STRONG><a name="[1d6]"></a>__aeabi_dadd</STRONG> (Thumb, 0 bytes, Stack size 8 bytes, daddsub.o(.text))
<BR><BR>[Stack]<UL><LI>Max Depth = 8<LI>Call Chain = __aeabi_dadd
</UL>
<BR>[Called By]<UL><LI><a href="#[1bb]">&gt;&gt;</a>&nbsp;&nbsp;&nbsp;string_to_float
</UL>

<P><STRONG><a name="[a2]"></a>_dadd</STRONG> (Thumb, 26 bytes, Stack size 8 bytes, daddsub.o(.text), UNUSED)
<BR><BR>[Calls]<UL><LI><a href="#[a3]">&gt;&gt;</a>&nbsp;&nbsp;&nbsp;_dsub1
<LI><a href="#[a4]">&gt;&gt;</a>&nbsp;&nbsp;&nbsp;_dadd1
</UL>

<P><STRONG><a name="[210]"></a>__aeabi_dsub</STRONG> (Thumb, 0 bytes, Stack size 8 bytes, daddsub.o(.text), UNUSED)

<P><STRONG><a name="[a5]"></a>_dsub</STRONG> (Thumb, 22 bytes, Stack size 8 bytes, daddsub.o(.text), UNUSED)
<BR><BR>[Calls]<UL><LI><a href="#[a3]">&gt;&gt;</a>&nbsp;&nbsp;&nbsp;_dsub1
<LI><a href="#[a4]">&gt;&gt;</a>&nbsp;&nbsp;&nbsp;_dadd1
</UL>

<P><STRONG><a name="[211]"></a>__aeabi_drsub</STRONG> (Thumb, 0 bytes, Stack size 16 bytes, daddsub.o(.text), UNUSED)

<P><STRONG><a name="[a6]"></a>_drsb</STRONG> (Thumb, 28 bytes, Stack size 16 bytes, daddsub.o(.text), UNUSED)
<BR><BR>[Calls]<UL><LI><a href="#[a3]">&gt;&gt;</a>&nbsp;&nbsp;&nbsp;_dsub1
<LI><a href="#[a4]">&gt;&gt;</a>&nbsp;&nbsp;&nbsp;_dadd1
</UL>

<P><STRONG><a name="[a8]"></a>__aeabi_i2d_normalise</STRONG> (Thumb, 66 bytes, Stack size 0 bytes, dflti.o(.text))
<BR><BR>[Called By]<UL><LI><a href="#[a9]">&gt;&gt;</a>&nbsp;&nbsp;&nbsp;__aeabi_ui2d
<LI><a href="#[a7]">&gt;&gt;</a>&nbsp;&nbsp;&nbsp;__aeabi_i2d
</UL>

<P><STRONG><a name="[a7]"></a>__aeabi_i2d</STRONG> (Thumb, 16 bytes, Stack size 0 bytes, dflti.o(.text))
<BR><BR>[Calls]<UL><LI><a href="#[a8]">&gt;&gt;</a>&nbsp;&nbsp;&nbsp;__aeabi_i2d_normalise
</UL>
<BR>[Called By]<UL><LI><a href="#[1a9]">&gt;&gt;</a>&nbsp;&nbsp;&nbsp;process_incoming_json
<LI><a href="#[1bb]">&gt;&gt;</a>&nbsp;&nbsp;&nbsp;string_to_float
</UL>

<P><STRONG><a name="[212]"></a>_dflt</STRONG> (Thumb, 0 bytes, Stack size 0 bytes, dflti.o(.text), UNUSED)

<P><STRONG><a name="[a9]"></a>__aeabi_ui2d</STRONG> (Thumb, 6 bytes, Stack size 0 bytes, dflti.o(.text), UNUSED)
<BR><BR>[Calls]<UL><LI><a href="#[a8]">&gt;&gt;</a>&nbsp;&nbsp;&nbsp;__aeabi_i2d_normalise
</UL>

<P><STRONG><a name="[213]"></a>_dfltu</STRONG> (Thumb, 0 bytes, Stack size 0 bytes, dflti.o(.text), UNUSED)

<P><STRONG><a name="[dd]"></a>__aeabi_dmul</STRONG> (Thumb, 0 bytes, Stack size 56 bytes, dmul.o(.text))
<BR><BR>[Stack]<UL><LI>Max Depth = 56<LI>Call Chain = __aeabi_dmul
</UL>
<BR>[Called By]<UL><LI><a href="#[db]">&gt;&gt;</a>&nbsp;&nbsp;&nbsp;DS18B20_ReadScratchpad
<LI><a href="#[1bb]">&gt;&gt;</a>&nbsp;&nbsp;&nbsp;string_to_float
</UL>

<P><STRONG><a name="[214]"></a>_dmul</STRONG> (Thumb, 558 bytes, Stack size 56 bytes, dmul.o(.text), UNUSED)

<P><STRONG><a name="[dc]"></a>__aeabi_f2d</STRONG> (Thumb, 0 bytes, Stack size 0 bytes, f2d.o(.text))
<BR><BR>[Called By]<UL><LI><a href="#[db]">&gt;&gt;</a>&nbsp;&nbsp;&nbsp;DS18B20_ReadScratchpad
<LI><a href="#[17c]">&gt;&gt;</a>&nbsp;&nbsp;&nbsp;convertToJSON
<LI><a href="#[16b]">&gt;&gt;</a>&nbsp;&nbsp;&nbsp;getTemperatureStr
<LI><a href="#[68]">&gt;&gt;</a>&nbsp;&nbsp;&nbsp;shablonExecute
<LI><a href="#[184]">&gt;&gt;</a>&nbsp;&nbsp;&nbsp;printShablon
<LI><a href="#[1bb]">&gt;&gt;</a>&nbsp;&nbsp;&nbsp;string_to_float
<LI><a href="#[145]">&gt;&gt;</a>&nbsp;&nbsp;&nbsp;stateMahineReceptTimerLoaded
<LI><a href="#[141]">&gt;&gt;</a>&nbsp;&nbsp;&nbsp;stateMahineReceptTimer
</UL>

<P><STRONG><a name="[215]"></a>_f2d</STRONG> (Thumb, 80 bytes, Stack size 0 bytes, f2d.o(.text), UNUSED)

<P><STRONG><a name="[147]"></a>__aeabi_fdiv</STRONG> (Thumb, 0 bytes, Stack size 20 bytes, fdiv.o(.text))
<BR><BR>[Stack]<UL><LI>Max Depth = 20<LI>Call Chain = __aeabi_fdiv
</UL>
<BR>[Called By]<UL><LI><a href="#[1c7]">&gt;&gt;</a>&nbsp;&nbsp;&nbsp;pid_compute
<LI><a href="#[1bb]">&gt;&gt;</a>&nbsp;&nbsp;&nbsp;string_to_float
<LI><a href="#[154]">&gt;&gt;</a>&nbsp;&nbsp;&nbsp;StateMachine_ProcessMashingLoaded
<LI><a href="#[14d]">&gt;&gt;</a>&nbsp;&nbsp;&nbsp;StateMachine_ProcessFermentingLoaded
<LI><a href="#[14a]">&gt;&gt;</a>&nbsp;&nbsp;&nbsp;StateMachine_ProcessCoolingLoaded
<LI><a href="#[13c]">&gt;&gt;</a>&nbsp;&nbsp;&nbsp;StateMachine_ProcessMashing
<LI><a href="#[140]">&gt;&gt;</a>&nbsp;&nbsp;&nbsp;StateMachine_ProcessFermenting
<LI><a href="#[13f]">&gt;&gt;</a>&nbsp;&nbsp;&nbsp;StateMachine_ProcessCooling
</UL>

<P><STRONG><a name="[ab]"></a>_fdiv</STRONG> (Thumb, 334 bytes, Stack size 20 bytes, fdiv.o(.text), UNUSED)
<BR><BR>[Called By]<UL><LI><a href="#[aa]">&gt;&gt;</a>&nbsp;&nbsp;&nbsp;_frdiv
</UL>

<P><STRONG><a name="[aa]"></a>_frdiv</STRONG> (Thumb, 8 bytes, Stack size 0 bytes, fdiv.o(.text), UNUSED)
<BR><BR>[Calls]<UL><LI><a href="#[ab]">&gt;&gt;</a>&nbsp;&nbsp;&nbsp;_fdiv
</UL>

<P><STRONG><a name="[1c9]"></a>__aeabi_f2uiz</STRONG> (Thumb, 0 bytes, Stack size 0 bytes, ffixui.o(.text))
<BR><BR>[Called By]<UL><LI><a href="#[1b0]">&gt;&gt;</a>&nbsp;&nbsp;&nbsp;pid_relay_control
</UL>

<P><STRONG><a name="[216]"></a>_ffixu</STRONG> (Thumb, 48 bytes, Stack size 0 bytes, ffixui.o(.text), UNUSED)

<P><STRONG><a name="[ad]"></a>__aeabi_i2f_normalise</STRONG> (Thumb, 72 bytes, Stack size 0 bytes, fflti.o(.text))
<BR><BR>[Called By]<UL><LI><a href="#[ae]">&gt;&gt;</a>&nbsp;&nbsp;&nbsp;__aeabi_ui2f
<LI><a href="#[ac]">&gt;&gt;</a>&nbsp;&nbsp;&nbsp;__aeabi_i2f
</UL>

<P><STRONG><a name="[ac]"></a>__aeabi_i2f</STRONG> (Thumb, 16 bytes, Stack size 0 bytes, fflti.o(.text))
<BR><BR>[Calls]<UL><LI><a href="#[ad]">&gt;&gt;</a>&nbsp;&nbsp;&nbsp;__aeabi_i2f_normalise
</UL>
<BR>[Called By]<UL><LI><a href="#[14b]">&gt;&gt;</a>&nbsp;&nbsp;&nbsp;shablonSetFunctionFermentingAutoResnartLoaded
<LI><a href="#[146]">&gt;&gt;</a>&nbsp;&nbsp;&nbsp;shablonSetFunctionCoolingAutoResnartLoaded
<LI><a href="#[156]">&gt;&gt;</a>&nbsp;&nbsp;&nbsp;shablonSetFunctionAutoResnartLoaded
<LI><a href="#[2c]">&gt;&gt;</a>&nbsp;&nbsp;&nbsp;receptSetFunctionLoaded
<LI><a href="#[1cc]">&gt;&gt;</a>&nbsp;&nbsp;&nbsp;printShablonRecepteLoaded
<LI><a href="#[149]">&gt;&gt;</a>&nbsp;&nbsp;&nbsp;shablonSetFunctionFermentingAutoResnart
<LI><a href="#[143]">&gt;&gt;</a>&nbsp;&nbsp;&nbsp;shablonSetFunctionCoolingAutoResnart
<LI><a href="#[153]">&gt;&gt;</a>&nbsp;&nbsp;&nbsp;shablonSetFunctionAutoResnart
<LI><a href="#[24]">&gt;&gt;</a>&nbsp;&nbsp;&nbsp;receptSetFunction
<LI><a href="#[1cb]">&gt;&gt;</a>&nbsp;&nbsp;&nbsp;printShablonRecepte
<LI><a href="#[14a]">&gt;&gt;</a>&nbsp;&nbsp;&nbsp;StateMachine_ProcessCoolingLoaded
<LI><a href="#[13f]">&gt;&gt;</a>&nbsp;&nbsp;&nbsp;StateMachine_ProcessCooling
</UL>

<P><STRONG><a name="[217]"></a>_fflt</STRONG> (Thumb, 0 bytes, Stack size 0 bytes, fflti.o(.text), UNUSED)

<P><STRONG><a name="[ae]"></a>__aeabi_ui2f</STRONG> (Thumb, 6 bytes, Stack size 0 bytes, fflti.o(.text))
<BR><BR>[Calls]<UL><LI><a href="#[ad]">&gt;&gt;</a>&nbsp;&nbsp;&nbsp;__aeabi_i2f_normalise
</UL>
<BR>[Called By]<UL><LI><a href="#[db]">&gt;&gt;</a>&nbsp;&nbsp;&nbsp;DS18B20_ReadScratchpad
<LI><a href="#[1c7]">&gt;&gt;</a>&nbsp;&nbsp;&nbsp;pid_compute
<LI><a href="#[17e]">&gt;&gt;</a>&nbsp;&nbsp;&nbsp;supportWoshingTemperature
<LI><a href="#[1be]">&gt;&gt;</a>&nbsp;&nbsp;&nbsp;parse_json_data
<LI><a href="#[154]">&gt;&gt;</a>&nbsp;&nbsp;&nbsp;StateMachine_ProcessMashingLoaded
<LI><a href="#[14d]">&gt;&gt;</a>&nbsp;&nbsp;&nbsp;StateMachine_ProcessFermentingLoaded
<LI><a href="#[14a]">&gt;&gt;</a>&nbsp;&nbsp;&nbsp;StateMachine_ProcessCoolingLoaded
<LI><a href="#[13c]">&gt;&gt;</a>&nbsp;&nbsp;&nbsp;StateMachine_ProcessMashing
<LI><a href="#[140]">&gt;&gt;</a>&nbsp;&nbsp;&nbsp;StateMachine_ProcessFermenting
<LI><a href="#[13f]">&gt;&gt;</a>&nbsp;&nbsp;&nbsp;StateMachine_ProcessCooling
</UL>

<P><STRONG><a name="[218]"></a>_ffltu</STRONG> (Thumb, 0 bytes, Stack size 0 bytes, fflti.o(.text), UNUSED)

<P><STRONG><a name="[8d]"></a>__rt_heap_descriptor</STRONG> (Thumb, 8 bytes, Stack size 0 bytes, rt_heap_descriptor_intlibspace.o(.text))
<BR><BR>[Called By]<UL><LI><a href="#[7c]">&gt;&gt;</a>&nbsp;&nbsp;&nbsp;_init_alloc
<LI><a href="#[8f]">&gt;&gt;</a>&nbsp;&nbsp;&nbsp;free
<LI><a href="#[8c]">&gt;&gt;</a>&nbsp;&nbsp;&nbsp;malloc
</UL>

<P><STRONG><a name="[7e]"></a>__rt_locale</STRONG> (Thumb, 8 bytes, Stack size 0 bytes, rt_locale_intlibspace.o(.text))
<BR><BR>[Called By]<UL><LI><a href="#[7d]">&gt;&gt;</a>&nbsp;&nbsp;&nbsp;__rt_lib_init_lc_common
<LI><a href="#[6e]">&gt;&gt;</a>&nbsp;&nbsp;&nbsp;_printf_fp_dec_real
</UL>

<P><STRONG><a name="[219]"></a>__use_no_heap</STRONG> (Thumb, 2 bytes, Stack size 0 bytes, hguard.o(.text), UNUSED)

<P><STRONG><a name="[21a]"></a>__heap$guard</STRONG> (Thumb, 2 bytes, Stack size 0 bytes, hguard.o(.text), UNUSED)

<P><STRONG><a name="[f]"></a>_terminate_user_alloc</STRONG> (Thumb, 2 bytes, Stack size 0 bytes, init_alloc.o(.text), UNUSED)

<P><STRONG><a name="[a]"></a>_init_user_alloc</STRONG> (Thumb, 2 bytes, Stack size 0 bytes, init_alloc.o(.text), UNUSED)

<P><STRONG><a name="[8e]"></a>__Heap_Full</STRONG> (Thumb, 32 bytes, Stack size 16 bytes, init_alloc.o(.text))
<BR><BR>[Stack]<UL><LI>Max Depth = 40<LI>Call Chain = __Heap_Full &rArr; __Heap_ProvideMemory &rArr; free
</UL>
<BR>[Calls]<UL><LI><a href="#[af]">&gt;&gt;</a>&nbsp;&nbsp;&nbsp;__Heap_ProvideMemory
</UL>
<BR>[Called By]<UL><LI><a href="#[8c]">&gt;&gt;</a>&nbsp;&nbsp;&nbsp;malloc
</UL>

<P><STRONG><a name="[b0]"></a>__Heap_Broken</STRONG> (Thumb, 10 bytes, Stack size 8 bytes, init_alloc.o(.text), UNUSED)
<BR><BR>[Calls]<UL><LI><a href="#[b1]">&gt;&gt;</a>&nbsp;&nbsp;&nbsp;__rt_SIGRTMEM
</UL>

<P><STRONG><a name="[7c]"></a>_init_alloc</STRONG> (Thumb, 90 bytes, Stack size 24 bytes, init_alloc.o(.text))
<BR><BR>[Stack]<UL><LI>Max Depth = 64<LI>Call Chain = _init_alloc &rArr; __rt_SIGRTMEM &rArr; __rt_SIGRTMEM_inner &rArr; __default_signal_display &rArr; _ttywrch
</UL>
<BR>[Calls]<UL><LI><a href="#[b2]">&gt;&gt;</a>&nbsp;&nbsp;&nbsp;__Heap_Initialize
<LI><a href="#[8d]">&gt;&gt;</a>&nbsp;&nbsp;&nbsp;__rt_heap_descriptor
<LI><a href="#[b1]">&gt;&gt;</a>&nbsp;&nbsp;&nbsp;__rt_SIGRTMEM
<LI><a href="#[af]">&gt;&gt;</a>&nbsp;&nbsp;&nbsp;__Heap_ProvideMemory
</UL>
<BR>[Called By]<UL><LI><a href="#[7b]">&gt;&gt;</a>&nbsp;&nbsp;&nbsp;__rt_lib_init_heap_2
</UL>

<P><STRONG><a name="[b2]"></a>__Heap_Initialize</STRONG> (Thumb, 10 bytes, Stack size 0 bytes, h1_init.o(.text))
<BR><BR>[Called By]<UL><LI><a href="#[7c]">&gt;&gt;</a>&nbsp;&nbsp;&nbsp;_init_alloc
</UL>

<P><STRONG><a name="[7]"></a>__Heap_DescSize</STRONG> (Thumb, 4 bytes, Stack size 0 bytes, h1_init.o(.text), UNUSED)

<P><STRONG><a name="[98]"></a>_printf_int_common</STRONG> (Thumb, 176 bytes, Stack size 40 bytes, _printf_intcommon.o(.text))
<BR><BR>[Stack]<UL><LI>Max Depth = 56<LI>Call Chain = _printf_int_common &rArr; _printf_post_padding
</UL>
<BR>[Calls]<UL><LI><a href="#[94]">&gt;&gt;</a>&nbsp;&nbsp;&nbsp;_printf_post_padding
<LI><a href="#[93]">&gt;&gt;</a>&nbsp;&nbsp;&nbsp;_printf_pre_padding
</UL>
<BR>[Called By]<UL><LI><a href="#[77]">&gt;&gt;</a>&nbsp;&nbsp;&nbsp;_printf_int_dec
</UL>

<P><STRONG><a name="[21b]"></a>__lib_sel_fp_printf</STRONG> (Thumb, 2 bytes, Stack size 0 bytes, _printf_fp_dec.o(.text), UNUSED)

<P><STRONG><a name="[6e]"></a>_printf_fp_dec_real</STRONG> (Thumb, 620 bytes, Stack size 96 bytes, _printf_fp_dec.o(.text))
<BR><BR>[Stack]<UL><LI>Max Depth = 368<LI>Call Chain = _printf_fp_dec_real &rArr; _fp_digits &rArr; _btod_etento &rArr; _btod_emul &rArr; btod_internal_mul &rArr; __ARM_common_ll_muluu
</UL>
<BR>[Calls]<UL><LI><a href="#[97]">&gt;&gt;</a>&nbsp;&nbsp;&nbsp;__rt_udiv10
<LI><a href="#[b3]">&gt;&gt;</a>&nbsp;&nbsp;&nbsp;_fp_digits
<LI><a href="#[7e]">&gt;&gt;</a>&nbsp;&nbsp;&nbsp;__rt_locale
<LI><a href="#[94]">&gt;&gt;</a>&nbsp;&nbsp;&nbsp;_printf_post_padding
<LI><a href="#[93]">&gt;&gt;</a>&nbsp;&nbsp;&nbsp;_printf_pre_padding
<LI><a href="#[b9]">&gt;&gt;</a>&nbsp;&nbsp;&nbsp;__ARM_fpclassify
<LI><a href="#[ba]">&gt;&gt;</a>&nbsp;&nbsp;&nbsp;_printf_fp_infnan
</UL>
<BR>[Address Reference Count : 1]<UL><LI> printf1.o(x$fpl$printf1)
</UL>
<P><STRONG><a name="[91]"></a>_printf_char_common</STRONG> (Thumb, 32 bytes, Stack size 64 bytes, _printf_char_common.o(.text))
<BR><BR>[Stack]<UL><LI>Max Depth = 96 + Unknown Stack Size
<LI>Call Chain = _printf_char_common &rArr; __printf
</UL>
<BR>[Calls]<UL><LI><a href="#[99]">&gt;&gt;</a>&nbsp;&nbsp;&nbsp;__printf
</UL>
<BR>[Called By]<UL><LI><a href="#[90]">&gt;&gt;</a>&nbsp;&nbsp;&nbsp;__2sprintf
</UL>

<P><STRONG><a name="[53]"></a>_sputc</STRONG> (Thumb, 10 bytes, Stack size 0 bytes, _sputc.o(.text))
<BR><BR>[Called By]<UL><LI><a href="#[90]">&gt;&gt;</a>&nbsp;&nbsp;&nbsp;__2sprintf
</UL>
<BR>[Address Reference Count : 1]<UL><LI> __2sprintf.o(.text)
</UL>
<P><STRONG><a name="[bb]"></a>_printf_cs_common</STRONG> (Thumb, 22 bytes, Stack size 8 bytes, _printf_char.o(.text))
<BR><BR>[Stack]<UL><LI>Max Depth = 40<LI>Call Chain = _printf_cs_common &rArr; _printf_str &rArr; _printf_post_padding
</UL>
<BR>[Calls]<UL><LI><a href="#[bc]">&gt;&gt;</a>&nbsp;&nbsp;&nbsp;_printf_mbtowc (Weak Reference)
<LI><a href="#[92]">&gt;&gt;</a>&nbsp;&nbsp;&nbsp;_printf_str
</UL>
<BR>[Called By]<UL><LI><a href="#[7a]">&gt;&gt;</a>&nbsp;&nbsp;&nbsp;_printf_string
<LI><a href="#[bd]">&gt;&gt;</a>&nbsp;&nbsp;&nbsp;_printf_char
</UL>

<P><STRONG><a name="[bd]"></a>_printf_char</STRONG> (Thumb, 16 bytes, Stack size 0 bytes, _printf_char.o(.text), UNUSED)
<BR><BR>[Calls]<UL><LI><a href="#[bb]">&gt;&gt;</a>&nbsp;&nbsp;&nbsp;_printf_cs_common
</UL>

<P><STRONG><a name="[7a]"></a>_printf_string</STRONG> (Thumb, 8 bytes, Stack size 0 bytes, _printf_char.o(.text))
<BR><BR>[Stack]<UL><LI>Max Depth = 40<LI>Call Chain = _printf_string &rArr; _printf_cs_common &rArr; _printf_str &rArr; _printf_post_padding
</UL>
<BR>[Calls]<UL><LI><a href="#[bb]">&gt;&gt;</a>&nbsp;&nbsp;&nbsp;_printf_cs_common
</UL>
<BR>[Called By]<UL><LI><a href="#[78]">&gt;&gt;</a>&nbsp;&nbsp;&nbsp;_printf_s
</UL>

<P><STRONG><a name="[97]"></a>__rt_udiv10</STRONG> (Thumb, 40 bytes, Stack size 0 bytes, rtudiv10.o(.text))
<BR><BR>[Called By]<UL><LI><a href="#[6e]">&gt;&gt;</a>&nbsp;&nbsp;&nbsp;_printf_fp_dec_real
<LI><a href="#[77]">&gt;&gt;</a>&nbsp;&nbsp;&nbsp;_printf_int_dec
</UL>

<P><STRONG><a name="[be]"></a>__fpl_dcmp_InfNaN</STRONG> (Thumb, 140 bytes, Stack size 24 bytes, dcmpin.o(.text), UNUSED)
<BR><BR>[Calls]<UL><LI><a href="#[c0]">&gt;&gt;</a>&nbsp;&nbsp;&nbsp;__fpl_dcheck_NaN2
<LI><a href="#[bf]">&gt;&gt;</a>&nbsp;&nbsp;&nbsp;__fpl_cmpreturn
</UL>
<BR>[Called By]<UL><LI><a href="#[1da]">&gt;&gt;</a>&nbsp;&nbsp;&nbsp;_drcmple
</UL>

<P><STRONG><a name="[c1]"></a>__fpl_fcmp_InfNaN</STRONG> (Thumb, 96 bytes, Stack size 8 bytes, fcmpin.o(.text), UNUSED)
<BR><BR>[Calls]<UL><LI><a href="#[c2]">&gt;&gt;</a>&nbsp;&nbsp;&nbsp;__fpl_fcheck_NaN2
<LI><a href="#[bf]">&gt;&gt;</a>&nbsp;&nbsp;&nbsp;__fpl_cmpreturn
</UL>
<BR>[Called By]<UL><LI><a href="#[1de]">&gt;&gt;</a>&nbsp;&nbsp;&nbsp;_frcmple
<LI><a href="#[1dd]">&gt;&gt;</a>&nbsp;&nbsp;&nbsp;_fcmple
</UL>

<P><STRONG><a name="[21c]"></a>__user_libspace</STRONG> (Thumb, 8 bytes, Stack size 0 bytes, libspace.o(.text), UNUSED)

<P><STRONG><a name="[cc]"></a>__user_perproc_libspace</STRONG> (Thumb, 0 bytes, Stack size 0 bytes, libspace.o(.text))
<BR><BR>[Called By]<UL><LI><a href="#[82]">&gt;&gt;</a>&nbsp;&nbsp;&nbsp;__user_setup_stackheap
</UL>

<P><STRONG><a name="[21d]"></a>__user_perthread_libspace</STRONG> (Thumb, 0 bytes, Stack size 0 bytes, libspace.o(.text), UNUSED)

<P><STRONG><a name="[af]"></a>__Heap_ProvideMemory</STRONG> (Thumb, 52 bytes, Stack size 8 bytes, h1_extend.o(.text))
<BR><BR>[Stack]<UL><LI>Max Depth = 24<LI>Call Chain = __Heap_ProvideMemory &rArr; free
</UL>
<BR>[Calls]<UL><LI><a href="#[8f]">&gt;&gt;</a>&nbsp;&nbsp;&nbsp;free
</UL>
<BR>[Called By]<UL><LI><a href="#[7c]">&gt;&gt;</a>&nbsp;&nbsp;&nbsp;_init_alloc
<LI><a href="#[8e]">&gt;&gt;</a>&nbsp;&nbsp;&nbsp;__Heap_Full
</UL>

<P><STRONG><a name="[b8]"></a>_ll_udiv10</STRONG> (Thumb, 122 bytes, Stack size 16 bytes, lludiv10.o(.text))
<BR><BR>[Stack]<UL><LI>Max Depth = 16<LI>Call Chain = _ll_udiv10
</UL>
<BR>[Called By]<UL><LI><a href="#[b3]">&gt;&gt;</a>&nbsp;&nbsp;&nbsp;_fp_digits
</UL>

<P><STRONG><a name="[ba]"></a>_printf_fp_infnan</STRONG> (Thumb, 120 bytes, Stack size 24 bytes, _printf_fp_infnan.o(.text))
<BR><BR>[Stack]<UL><LI>Max Depth = 40<LI>Call Chain = _printf_fp_infnan &rArr; _printf_post_padding
</UL>
<BR>[Calls]<UL><LI><a href="#[94]">&gt;&gt;</a>&nbsp;&nbsp;&nbsp;_printf_post_padding
<LI><a href="#[93]">&gt;&gt;</a>&nbsp;&nbsp;&nbsp;_printf_pre_padding
</UL>
<BR>[Called By]<UL><LI><a href="#[6e]">&gt;&gt;</a>&nbsp;&nbsp;&nbsp;_printf_fp_dec_real
</UL>

<P><STRONG><a name="[b4]"></a>_btod_etento</STRONG> (Thumb, 210 bytes, Stack size 72 bytes, bigflt0.o(.text))
<BR><BR>[Stack]<UL><LI>Max Depth = 176<LI>Call Chain = _btod_etento &rArr; _btod_emul &rArr; btod_internal_mul &rArr; __ARM_common_ll_muluu
</UL>
<BR>[Calls]<UL><LI><a href="#[c3]">&gt;&gt;</a>&nbsp;&nbsp;&nbsp;__aeabi_idivmod
<LI><a href="#[b6]">&gt;&gt;</a>&nbsp;&nbsp;&nbsp;_btod_ediv
<LI><a href="#[b7]">&gt;&gt;</a>&nbsp;&nbsp;&nbsp;_btod_emul
</UL>
<BR>[Called By]<UL><LI><a href="#[b3]">&gt;&gt;</a>&nbsp;&nbsp;&nbsp;_fp_digits
</UL>

<P><STRONG><a name="[b5]"></a>_btod_d2e</STRONG> (Thumb, 64 bytes, Stack size 8 bytes, btod.o(.text))
<BR><BR>[Stack]<UL><LI>Max Depth = 8<LI>Call Chain = _btod_d2e
</UL>
<BR>[Called By]<UL><LI><a href="#[b3]">&gt;&gt;</a>&nbsp;&nbsp;&nbsp;_fp_digits
</UL>

<P><STRONG><a name="[b7]"></a>_btod_emul</STRONG> (Thumb, 28 bytes, Stack size 24 bytes, btod.o(.text))
<BR><BR>[Stack]<UL><LI>Max Depth = 104<LI>Call Chain = _btod_emul &rArr; btod_internal_mul &rArr; __ARM_common_ll_muluu
</UL>
<BR>[Calls]<UL><LI><a href="#[c4]">&gt;&gt;</a>&nbsp;&nbsp;&nbsp;btod_internal_mul
</UL>
<BR>[Called By]<UL><LI><a href="#[b3]">&gt;&gt;</a>&nbsp;&nbsp;&nbsp;_fp_digits
<LI><a href="#[b4]">&gt;&gt;</a>&nbsp;&nbsp;&nbsp;_btod_etento
</UL>

<P><STRONG><a name="[c6]"></a>_btod_emuld</STRONG> (Thumb, 144 bytes, Stack size 56 bytes, btod.o(.text), UNUSED)
<BR><BR>[Calls]<UL><LI><a href="#[c4]">&gt;&gt;</a>&nbsp;&nbsp;&nbsp;btod_internal_mul
</UL>

<P><STRONG><a name="[b6]"></a>_btod_ediv</STRONG> (Thumb, 26 bytes, Stack size 24 bytes, btod.o(.text))
<BR><BR>[Stack]<UL><LI>Max Depth = 88<LI>Call Chain = _btod_ediv &rArr; btod_internal_div
</UL>
<BR>[Calls]<UL><LI><a href="#[c7]">&gt;&gt;</a>&nbsp;&nbsp;&nbsp;btod_internal_div
</UL>
<BR>[Called By]<UL><LI><a href="#[b3]">&gt;&gt;</a>&nbsp;&nbsp;&nbsp;_fp_digits
<LI><a href="#[b4]">&gt;&gt;</a>&nbsp;&nbsp;&nbsp;_btod_etento
</UL>

<P><STRONG><a name="[c8]"></a>_btod_edivd</STRONG> (Thumb, 124 bytes, Stack size 56 bytes, btod.o(.text), UNUSED)
<BR><BR>[Calls]<UL><LI><a href="#[c7]">&gt;&gt;</a>&nbsp;&nbsp;&nbsp;btod_internal_div
</UL>

<P><STRONG><a name="[b1]"></a>__rt_SIGRTMEM</STRONG> (Thumb, 12 bytes, Stack size 8 bytes, defsig_rtmem_outer.o(.text))
<BR><BR>[Stack]<UL><LI>Max Depth = 40<LI>Call Chain = __rt_SIGRTMEM &rArr; __rt_SIGRTMEM_inner &rArr; __default_signal_display &rArr; _ttywrch
</UL>
<BR>[Calls]<UL><LI><a href="#[c9]">&gt;&gt;</a>&nbsp;&nbsp;&nbsp;__rt_SIGRTMEM_inner
<LI><a href="#[ca]">&gt;&gt;</a>&nbsp;&nbsp;&nbsp;__sig_exit
</UL>
<BR>[Called By]<UL><LI><a href="#[7c]">&gt;&gt;</a>&nbsp;&nbsp;&nbsp;_init_alloc
<LI><a href="#[b0]">&gt;&gt;</a>&nbsp;&nbsp;&nbsp;__Heap_Broken
</UL>

<P><STRONG><a name="[1d9]"></a>strcmp</STRONG> (Thumb, 132 bytes, Stack size 16 bytes, strcmp.o(.text))
<BR><BR>[Stack]<UL><LI>Max Depth = 16<LI>Call Chain = strcmp
</UL>
<BR>[Called By]<UL><LI><a href="#[80]">&gt;&gt;</a>&nbsp;&nbsp;&nbsp;_get_lc_numeric
</UL>

<P><STRONG><a name="[bf]"></a>__fpl_cmpreturn</STRONG> (Thumb, 46 bytes, Stack size 0 bytes, cmpret.o(.text), UNUSED)
<BR><BR>[Called By]<UL><LI><a href="#[cb]">&gt;&gt;</a>&nbsp;&nbsp;&nbsp;__fpl_return_NaN
<LI><a href="#[c1]">&gt;&gt;</a>&nbsp;&nbsp;&nbsp;__fpl_fcmp_InfNaN
<LI><a href="#[be]">&gt;&gt;</a>&nbsp;&nbsp;&nbsp;__fpl_dcmp_InfNaN
</UL>

<P><STRONG><a name="[c0]"></a>__fpl_dcheck_NaN2</STRONG> (Thumb, 14 bytes, Stack size 8 bytes, dnan2.o(.text), UNUSED)
<BR><BR>[Calls]<UL><LI><a href="#[cb]">&gt;&gt;</a>&nbsp;&nbsp;&nbsp;__fpl_return_NaN
</UL>
<BR>[Called By]<UL><LI><a href="#[be]">&gt;&gt;</a>&nbsp;&nbsp;&nbsp;__fpl_dcmp_InfNaN
</UL>

<P><STRONG><a name="[c2]"></a>__fpl_fcheck_NaN2</STRONG> (Thumb, 10 bytes, Stack size 8 bytes, fnan2.o(.text), UNUSED)
<BR><BR>[Calls]<UL><LI><a href="#[cb]">&gt;&gt;</a>&nbsp;&nbsp;&nbsp;__fpl_return_NaN
</UL>
<BR>[Called By]<UL><LI><a href="#[c1]">&gt;&gt;</a>&nbsp;&nbsp;&nbsp;__fpl_fcmp_InfNaN
</UL>

<P><STRONG><a name="[21e]"></a>__I$use$semihosting</STRONG> (Thumb, 0 bytes, Stack size 0 bytes, use_no_semi.o(.text), UNUSED)

<P><STRONG><a name="[21f]"></a>__use_no_semihosting_swi</STRONG> (Thumb, 2 bytes, Stack size 0 bytes, use_no_semi.o(.text), UNUSED)

<P><STRONG><a name="[220]"></a>__semihosting_library_function</STRONG> (Thumb, 0 bytes, Stack size 8 bytes, indicate_semi.o(.text), UNUSED)

<P><STRONG><a name="[82]"></a>__user_setup_stackheap</STRONG> (Thumb, 62 bytes, Stack size 8 bytes, sys_stackheap_outer.o(.text))
<BR><BR>[Stack]<UL><LI>Max Depth = 8 + Unknown Stack Size
<LI>Call Chain = __user_setup_stackheap
</UL>
<BR>[Calls]<UL><LI><a href="#[cd]">&gt;&gt;</a>&nbsp;&nbsp;&nbsp;__user_initial_stackheap
<LI><a href="#[cc]">&gt;&gt;</a>&nbsp;&nbsp;&nbsp;__user_perproc_libspace
</UL>
<BR>[Called By]<UL><LI><a href="#[81]">&gt;&gt;</a>&nbsp;&nbsp;&nbsp;__rt_entry_sh
</UL>

<P><STRONG><a name="[87]"></a>exit</STRONG> (Thumb, 16 bytes, Stack size 8 bytes, exit.o(.text))
<BR><BR>[Stack]<UL><LI>Max Depth = 8 + Unknown Stack Size
<LI>Call Chain = exit
</UL>
<BR>[Calls]<UL><LI><a href="#[cf]">&gt;&gt;</a>&nbsp;&nbsp;&nbsp;__rt_exit
<LI><a href="#[ce]">&gt;&gt;</a>&nbsp;&nbsp;&nbsp;_call_atexit_fns (Weak Reference)
</UL>
<BR>[Called By]<UL><LI><a href="#[85]">&gt;&gt;</a>&nbsp;&nbsp;&nbsp;__rt_entry_main
</UL>

<P><STRONG><a name="[ca]"></a>__sig_exit</STRONG> (Thumb, 12 bytes, Stack size 8 bytes, defsig_exit.o(.text))
<BR><BR>[Stack]<UL><LI>Max Depth = 8<LI>Call Chain = __sig_exit
</UL>
<BR>[Calls]<UL><LI><a href="#[8b]">&gt;&gt;</a>&nbsp;&nbsp;&nbsp;_sys_exit
</UL>
<BR>[Called By]<UL><LI><a href="#[b1]">&gt;&gt;</a>&nbsp;&nbsp;&nbsp;__rt_SIGRTMEM
</UL>

<P><STRONG><a name="[c9]"></a>__rt_SIGRTMEM_inner</STRONG> (Thumb, 22 bytes, Stack size 8 bytes, defsig_rtmem_inner.o(.text))
<BR><BR>[Stack]<UL><LI>Max Depth = 32<LI>Call Chain = __rt_SIGRTMEM_inner &rArr; __default_signal_display &rArr; _ttywrch
</UL>
<BR>[Calls]<UL><LI><a href="#[d0]">&gt;&gt;</a>&nbsp;&nbsp;&nbsp;__default_signal_display
</UL>
<BR>[Called By]<UL><LI><a href="#[b1]">&gt;&gt;</a>&nbsp;&nbsp;&nbsp;__rt_SIGRTMEM
</UL>

<P><STRONG><a name="[cb]"></a>__fpl_return_NaN</STRONG> (Thumb, 94 bytes, Stack size 8 bytes, retnan.o(.text), UNUSED)
<BR><BR>[Calls]<UL><LI><a href="#[bf]">&gt;&gt;</a>&nbsp;&nbsp;&nbsp;__fpl_cmpreturn
</UL>
<BR>[Called By]<UL><LI><a href="#[c2]">&gt;&gt;</a>&nbsp;&nbsp;&nbsp;__fpl_fcheck_NaN2
<LI><a href="#[c0]">&gt;&gt;</a>&nbsp;&nbsp;&nbsp;__fpl_dcheck_NaN2
</UL>

<P><STRONG><a name="[8b]"></a>_sys_exit</STRONG> (Thumb, 8 bytes, Stack size 0 bytes, sys_exit.o(.text))
<BR><BR>[Called By]<UL><LI><a href="#[8a]">&gt;&gt;</a>&nbsp;&nbsp;&nbsp;__rt_exit_exit
<LI><a href="#[ca]">&gt;&gt;</a>&nbsp;&nbsp;&nbsp;__sig_exit
</UL>

<P><STRONG><a name="[d0]"></a>__default_signal_display</STRONG> (Thumb, 52 bytes, Stack size 16 bytes, defsig_general.o(.text))
<BR><BR>[Stack]<UL><LI>Max Depth = 24<LI>Call Chain = __default_signal_display &rArr; _ttywrch
</UL>
<BR>[Calls]<UL><LI><a href="#[d1]">&gt;&gt;</a>&nbsp;&nbsp;&nbsp;_ttywrch
</UL>
<BR>[Called By]<UL><LI><a href="#[c9]">&gt;&gt;</a>&nbsp;&nbsp;&nbsp;__rt_SIGRTMEM_inner
</UL>

<P><STRONG><a name="[d1]"></a>_ttywrch</STRONG> (Thumb, 12 bytes, Stack size 8 bytes, sys_wrch.o(.text))
<BR><BR>[Stack]<UL><LI>Max Depth = 8<LI>Call Chain = _ttywrch
</UL>
<BR>[Called By]<UL><LI><a href="#[d0]">&gt;&gt;</a>&nbsp;&nbsp;&nbsp;__default_signal_display
</UL>

<P><STRONG><a name="[221]"></a>__decompress</STRONG> (Thumb, 0 bytes, Stack size unknown bytes, __dczerorl2.o(.text), UNUSED)

<P><STRONG><a name="[222]"></a>__decompress1</STRONG> (Thumb, 86 bytes, Stack size unknown bytes, __dczerorl2.o(.text), UNUSED)

<P><STRONG><a name="[44]"></a>ADC_IRQHandler</STRONG> (Thumb, 2 bytes, Stack size 0 bytes, interrupts.o(i.ADC_IRQHandler))
<BR>[Address Reference Count : 1]<UL><LI> startup_k1986ve1xi.o(RESET)
</UL>
<P><STRONG><a name="[3d]"></a>ARINC429R_IRQHandler</STRONG> (Thumb, 2 bytes, Stack size 0 bytes, interrupts.o(i.ARINC429R_IRQHandler))
<BR>[Address Reference Count : 1]<UL><LI> startup_k1986ve1xi.o(RESET)
</UL>
<P><STRONG><a name="[48]"></a>ARINC429T1_IRQHandler</STRONG> (Thumb, 2 bytes, Stack size 0 bytes, interrupts.o(i.ARINC429T1_IRQHandler))
<BR>[Address Reference Count : 1]<UL><LI> startup_k1986ve1xi.o(RESET)
</UL>
<P><STRONG><a name="[49]"></a>ARINC429T2_IRQHandler</STRONG> (Thumb, 2 bytes, Stack size 0 bytes, interrupts.o(i.ARINC429T2_IRQHandler))
<BR>[Address Reference Count : 1]<UL><LI> startup_k1986ve1xi.o(RESET)
</UL>
<P><STRONG><a name="[4a]"></a>ARINC429T3_IRQHandler</STRONG> (Thumb, 2 bytes, Stack size 0 bytes, interrupts.o(i.ARINC429T3_IRQHandler))
<BR>[Address Reference Count : 1]<UL><LI> startup_k1986ve1xi.o(RESET)
</UL>
<P><STRONG><a name="[4b]"></a>ARINC429T4_IRQHandler</STRONG> (Thumb, 2 bytes, Stack size 0 bytes, interrupts.o(i.ARINC429T4_IRQHandler))
<BR>[Address Reference Count : 1]<UL><LI> startup_k1986ve1xi.o(RESET)
</UL>
<P><STRONG><a name="[4c]"></a>BKP_IRQHandler</STRONG> (Thumb, 2 bytes, Stack size 0 bytes, interrupts.o(i.BKP_IRQHandler))
<BR>[Address Reference Count : 1]<UL><LI> startup_k1986ve1xi.o(RESET)
</UL>
<P><STRONG><a name="[3c]"></a>BUSY_IRQHandler</STRONG> (Thumb, 2 bytes, Stack size 0 bytes, interrupts.o(i.BUSY_IRQHandler))
<BR>[Address Reference Count : 1]<UL><LI> startup_k1986ve1xi.o(RESET)
</UL>
<P><STRONG><a name="[36]"></a>CAN1_IRQHandler</STRONG> (Thumb, 2 bytes, Stack size 0 bytes, interrupts.o(i.CAN1_IRQHandler))
<BR>[Address Reference Count : 1]<UL><LI> startup_k1986ve1xi.o(RESET)
</UL>
<P><STRONG><a name="[37]"></a>CAN2_IRQHandler</STRONG> (Thumb, 2 bytes, Stack size 0 bytes, interrupts.o(i.CAN2_IRQHandler))
<BR>[Address Reference Count : 1]<UL><LI> startup_k1986ve1xi.o(RESET)
</UL>
<P><STRONG><a name="[123]"></a>CRC16_Calculate</STRONG> (Thumb, 68 bytes, Stack size 16 bytes, recipe_manager.o(i.CRC16_Calculate))
<BR><BR>[Stack]<UL><LI>Max Depth = 16<LI>Call Chain = CRC16_Calculate
</UL>
<BR>[Called By]<UL><LI><a href="#[122]">&gt;&gt;</a>&nbsp;&nbsp;&nbsp;Recipe_ReadFromFlash
</UL>

<P><STRONG><a name="[38]"></a>DMA_IRQHandler</STRONG> (Thumb, 2 bytes, Stack size 0 bytes, interrupts.o(i.DMA_IRQHandler))
<BR>[Address Reference Count : 1]<UL><LI> startup_k1986ve1xi.o(RESET)
</UL>
<P><STRONG><a name="[d2]"></a>DS18B20_ConvertT</STRONG> (Thumb, 98 bytes, Stack size 32 bytes, ds18b20.o(i.DS18B20_ConvertT))
<BR><BR>[Stack]<UL><LI>Max Depth = 168<LI>Call Chain = DS18B20_ConvertT &rArr; ExecuteCommand &rArr; OneWire_ProcessByte &rArr; OneWire_ProcessBit &rArr; HAL_UART_Transmit
</UL>
<BR>[Calls]<UL><LI><a href="#[d5]">&gt;&gt;</a>&nbsp;&nbsp;&nbsp;delay_ms
<LI><a href="#[d4]">&gt;&gt;</a>&nbsp;&nbsp;&nbsp;WaitForConversionFinished
<LI><a href="#[d3]">&gt;&gt;</a>&nbsp;&nbsp;&nbsp;ExecuteCommand
<LI><a href="#[9c]">&gt;&gt;</a>&nbsp;&nbsp;&nbsp;__aeabi_memcpy
</UL>
<BR>[Called By]<UL><LI><a href="#[1af]">&gt;&gt;</a>&nbsp;&nbsp;&nbsp;readTemperature
</UL>

<P><STRONG><a name="[d6]"></a>DS18B20_Init</STRONG> (Thumb, 20 bytes, Stack size 8 bytes, ds18b20.o(i.DS18B20_Init))
<BR><BR>[Stack]<UL><LI>Max Depth = 168<LI>Call Chain = DS18B20_Init &rArr; OneWire_Init &rArr; OneWire_InitUart &rArr; UART_Init &rArr; RST_CLK_GetClocksFreq
</UL>
<BR>[Calls]<UL><LI><a href="#[d7]">&gt;&gt;</a>&nbsp;&nbsp;&nbsp;OneWire_Init
</UL>
<BR>[Called By]<UL><LI><a href="#[19e]">&gt;&gt;</a>&nbsp;&nbsp;&nbsp;tempSensorInit
</UL>

<P><STRONG><a name="[d8]"></a>DS18B20_InitializationCommand</STRONG> (Thumb, 42 bytes, Stack size 16 bytes, ds18b20.o(i.DS18B20_InitializationCommand))
<BR><BR>[Stack]<UL><LI>Max Depth = 184<LI>Call Chain = DS18B20_InitializationCommand &rArr; OneWire_Reset &rArr; SetBaudrate &rArr; UART_Init &rArr; RST_CLK_GetClocksFreq
</UL>
<BR>[Calls]<UL><LI><a href="#[d9]">&gt;&gt;</a>&nbsp;&nbsp;&nbsp;OneWire_Reset
</UL>
<BR>[Called By]<UL><LI><a href="#[19e]">&gt;&gt;</a>&nbsp;&nbsp;&nbsp;tempSensorInit
<LI><a href="#[1af]">&gt;&gt;</a>&nbsp;&nbsp;&nbsp;readTemperature
</UL>

<P><STRONG><a name="[da]"></a>DS18B20_ReadRom</STRONG> (Thumb, 88 bytes, Stack size 32 bytes, ds18b20.o(i.DS18B20_ReadRom))
<BR><BR>[Stack]<UL><LI>Max Depth = 168<LI>Call Chain = DS18B20_ReadRom &rArr; ExecuteCommand &rArr; OneWire_ProcessByte &rArr; OneWire_ProcessBit &rArr; HAL_UART_Transmit
</UL>
<BR>[Calls]<UL><LI><a href="#[d3]">&gt;&gt;</a>&nbsp;&nbsp;&nbsp;ExecuteCommand
<LI><a href="#[9c]">&gt;&gt;</a>&nbsp;&nbsp;&nbsp;__aeabi_memcpy
<LI><a href="#[8f]">&gt;&gt;</a>&nbsp;&nbsp;&nbsp;free
<LI><a href="#[8c]">&gt;&gt;</a>&nbsp;&nbsp;&nbsp;malloc
</UL>
<BR>[Called By]<UL><LI><a href="#[19e]">&gt;&gt;</a>&nbsp;&nbsp;&nbsp;tempSensorInit
</UL>

<P><STRONG><a name="[db]"></a>DS18B20_ReadScratchpad</STRONG> (Thumb, 220 bytes, Stack size 56 bytes, ds18b20.o(i.DS18B20_ReadScratchpad))
<BR><BR>[Stack]<UL><LI>Max Depth = 192<LI>Call Chain = DS18B20_ReadScratchpad &rArr; ExecuteCommand &rArr; OneWire_ProcessByte &rArr; OneWire_ProcessBit &rArr; HAL_UART_Transmit
</UL>
<BR>[Calls]<UL><LI><a href="#[d3]">&gt;&gt;</a>&nbsp;&nbsp;&nbsp;ExecuteCommand
<LI><a href="#[df]">&gt;&gt;</a>&nbsp;&nbsp;&nbsp;__aeabi_fmul
<LI><a href="#[ae]">&gt;&gt;</a>&nbsp;&nbsp;&nbsp;__aeabi_ui2f
<LI><a href="#[dc]">&gt;&gt;</a>&nbsp;&nbsp;&nbsp;__aeabi_f2d
<LI><a href="#[dd]">&gt;&gt;</a>&nbsp;&nbsp;&nbsp;__aeabi_dmul
<LI><a href="#[de]">&gt;&gt;</a>&nbsp;&nbsp;&nbsp;__aeabi_d2f
<LI><a href="#[9c]">&gt;&gt;</a>&nbsp;&nbsp;&nbsp;__aeabi_memcpy
<LI><a href="#[8f]">&gt;&gt;</a>&nbsp;&nbsp;&nbsp;free
<LI><a href="#[8c]">&gt;&gt;</a>&nbsp;&nbsp;&nbsp;malloc
</UL>
<BR>[Called By]<UL><LI><a href="#[19e]">&gt;&gt;</a>&nbsp;&nbsp;&nbsp;tempSensorInit
<LI><a href="#[1af]">&gt;&gt;</a>&nbsp;&nbsp;&nbsp;readTemperature
</UL>

<P><STRONG><a name="[e0]"></a>DS18B20_SkipRom</STRONG> (Thumb, 38 bytes, Stack size 24 bytes, ds18b20.o(i.DS18B20_SkipRom))
<BR><BR>[Stack]<UL><LI>Max Depth = 160<LI>Call Chain = DS18B20_SkipRom &rArr; ExecuteCommand &rArr; OneWire_ProcessByte &rArr; OneWire_ProcessBit &rArr; HAL_UART_Transmit
</UL>
<BR>[Calls]<UL><LI><a href="#[d3]">&gt;&gt;</a>&nbsp;&nbsp;&nbsp;ExecuteCommand
<LI><a href="#[9c]">&gt;&gt;</a>&nbsp;&nbsp;&nbsp;__aeabi_memcpy
</UL>
<BR>[Called By]<UL><LI><a href="#[19e]">&gt;&gt;</a>&nbsp;&nbsp;&nbsp;tempSensorInit
<LI><a href="#[1af]">&gt;&gt;</a>&nbsp;&nbsp;&nbsp;readTemperature
</UL>

<P><STRONG><a name="[e1]"></a>DS18B20_WriteScratchpad</STRONG> (Thumb, 52 bytes, Stack size 24 bytes, ds18b20.o(i.DS18B20_WriteScratchpad))
<BR><BR>[Stack]<UL><LI>Max Depth = 160<LI>Call Chain = DS18B20_WriteScratchpad &rArr; ExecuteCommand &rArr; OneWire_ProcessByte &rArr; OneWire_ProcessBit &rArr; HAL_UART_Transmit
</UL>
<BR>[Calls]<UL><LI><a href="#[d3]">&gt;&gt;</a>&nbsp;&nbsp;&nbsp;ExecuteCommand
<LI><a href="#[9c]">&gt;&gt;</a>&nbsp;&nbsp;&nbsp;__aeabi_memcpy
</UL>
<BR>[Called By]<UL><LI><a href="#[19e]">&gt;&gt;</a>&nbsp;&nbsp;&nbsp;tempSensorInit
</UL>

<P><STRONG><a name="[45]"></a>ETHERNET_IRQHandler</STRONG> (Thumb, 2 bytes, Stack size 0 bytes, interrupts.o(i.ETHERNET_IRQHandler))
<BR>[Address Reference Count : 1]<UL><LI> startup_k1986ve1xi.o(RESET)
</UL>
<P><STRONG><a name="[4d]"></a>EXT_INT1_IRQHandler</STRONG> (Thumb, 2 bytes, Stack size 0 bytes, interrupts.o(i.EXT_INT1_IRQHandler))
<BR>[Address Reference Count : 1]<UL><LI> startup_k1986ve1xi.o(RESET)
</UL>
<P><STRONG><a name="[4e]"></a>EXT_INT2_IRQHandler</STRONG> (Thumb, 2 bytes, Stack size 0 bytes, interrupts.o(i.EXT_INT2_IRQHandler))
<BR>[Address Reference Count : 1]<UL><LI> startup_k1986ve1xi.o(RESET)
</UL>
<P><STRONG><a name="[4f]"></a>EXT_INT3_IRQHandler</STRONG> (Thumb, 2 bytes, Stack size 0 bytes, interrupts.o(i.EXT_INT3_IRQHandler))
<BR>[Address Reference Count : 1]<UL><LI> startup_k1986ve1xi.o(RESET)
</UL>
<P><STRONG><a name="[50]"></a>EXT_INT4_IRQHandler</STRONG> (Thumb, 2 bytes, Stack size 0 bytes, interrupts.o(i.EXT_INT4_IRQHandler))
<BR>[Address Reference Count : 1]<UL><LI> startup_k1986ve1xi.o(RESET)
</UL>
<P><STRONG><a name="[e4]"></a>GetRecipePageAddress</STRONG> (Thumb, 16 bytes, Stack size 16 bytes, recipe_manager.o(i.GetRecipePageAddress))
<BR><BR>[Stack]<UL><LI>Max Depth = 24<LI>Call Chain = GetRecipePageAddress &rArr; W25qxx_SectorToPage
</UL>
<BR>[Calls]<UL><LI><a href="#[e5]">&gt;&gt;</a>&nbsp;&nbsp;&nbsp;W25qxx_SectorToPage
</UL>
<BR>[Called By]<UL><LI><a href="#[124]">&gt;&gt;</a>&nbsp;&nbsp;&nbsp;Recipe_StorageInit
<LI><a href="#[11f]">&gt;&gt;</a>&nbsp;&nbsp;&nbsp;Recipe_GetNames
<LI><a href="#[122]">&gt;&gt;</a>&nbsp;&nbsp;&nbsp;Recipe_ReadFromFlash
</UL>

<P><STRONG><a name="[e6]"></a>HAL_SPI_Receive</STRONG> (Thumb, 36 bytes, Stack size 24 bytes, w25qxx.o(i.HAL_SPI_Receive))
<BR><BR>[Stack]<UL><LI>Max Depth = 40<LI>Call Chain = HAL_SPI_Receive &rArr; SPI_transmit
</UL>
<BR>[Calls]<UL><LI><a href="#[e7]">&gt;&gt;</a>&nbsp;&nbsp;&nbsp;SPI_transmit
</UL>
<BR>[Called By]<UL><LI><a href="#[121]">&gt;&gt;</a>&nbsp;&nbsp;&nbsp;W25qxx_ReadPage
<LI><a href="#[120]">&gt;&gt;</a>&nbsp;&nbsp;&nbsp;W25qxx_IsEmptyPage
</UL>

<P><STRONG><a name="[e8]"></a>HAL_UART_Receive</STRONG> (Thumb, 124 bytes, Stack size 40 bytes, mdr32_uart.o(i.HAL_UART_Receive))
<BR><BR>[Stack]<UL><LI>Max Depth = 40<LI>Call Chain = HAL_UART_Receive
</UL>
<BR>[Calls]<UL><LI><a href="#[ec]">&gt;&gt;</a>&nbsp;&nbsp;&nbsp;UART_ReceiveData
<LI><a href="#[e9]">&gt;&gt;</a>&nbsp;&nbsp;&nbsp;millis
<LI><a href="#[eb]">&gt;&gt;</a>&nbsp;&nbsp;&nbsp;UART_GetFlagStatus
<LI><a href="#[ea]">&gt;&gt;</a>&nbsp;&nbsp;&nbsp;__aeabi_uread4
</UL>
<BR>[Called By]<UL><LI><a href="#[d9]">&gt;&gt;</a>&nbsp;&nbsp;&nbsp;OneWire_Reset
<LI><a href="#[112]">&gt;&gt;</a>&nbsp;&nbsp;&nbsp;OneWire_ProcessBit
</UL>

<P><STRONG><a name="[ed]"></a>HAL_UART_Transmit</STRONG> (Thumb, 166 bytes, Stack size 40 bytes, mdr32_uart.o(i.HAL_UART_Transmit))
<BR><BR>[Stack]<UL><LI>Max Depth = 40<LI>Call Chain = HAL_UART_Transmit
</UL>
<BR>[Calls]<UL><LI><a href="#[ee]">&gt;&gt;</a>&nbsp;&nbsp;&nbsp;UART_SendData
<LI><a href="#[e9]">&gt;&gt;</a>&nbsp;&nbsp;&nbsp;millis
<LI><a href="#[eb]">&gt;&gt;</a>&nbsp;&nbsp;&nbsp;UART_GetFlagStatus
<LI><a href="#[ea]">&gt;&gt;</a>&nbsp;&nbsp;&nbsp;__aeabi_uread4
</UL>
<BR>[Called By]<UL><LI><a href="#[d9]">&gt;&gt;</a>&nbsp;&nbsp;&nbsp;OneWire_Reset
<LI><a href="#[112]">&gt;&gt;</a>&nbsp;&nbsp;&nbsp;OneWire_ProcessBit
</UL>

<P><STRONG><a name="[ef]"></a>HC595_Init</STRONG> (Thumb, 116 bytes, Stack size 24 bytes, hc595.o(i.HC595_Init))
<BR><BR>[Stack]<UL><LI>Max Depth = 84<LI>Call Chain = HC595_Init &rArr; PORT_Init
</UL>
<BR>[Calls]<UL><LI><a href="#[f0]">&gt;&gt;</a>&nbsp;&nbsp;&nbsp;PORT_StructInit
<LI><a href="#[f2]">&gt;&gt;</a>&nbsp;&nbsp;&nbsp;PORT_ResetBits
<LI><a href="#[f1]">&gt;&gt;</a>&nbsp;&nbsp;&nbsp;PORT_Init
</UL>
<BR>[Called By]<UL><LI><a href="#[197]">&gt;&gt;</a>&nbsp;&nbsp;&nbsp;initDevice
</UL>

<P><STRONG><a name="[f3]"></a>HC595_SendByte</STRONG> (Thumb, 144 bytes, Stack size 24 bytes, hc595.o(i.HC595_SendByte))
<BR><BR>[Stack]<UL><LI>Max Depth = 24<LI>Call Chain = HC595_SendByte
</UL>
<BR>[Calls]<UL><LI><a href="#[f4]">&gt;&gt;</a>&nbsp;&nbsp;&nbsp;PORT_SetBits
<LI><a href="#[f2]">&gt;&gt;</a>&nbsp;&nbsp;&nbsp;PORT_ResetBits
</UL>
<BR>[Called By]<UL><LI><a href="#[17a]">&gt;&gt;</a>&nbsp;&nbsp;&nbsp;checkSlider
</UL>

<P><STRONG><a name="[2f]"></a>HardFault_Handler</STRONG> (Thumb, 4 bytes, Stack size 0 bytes, interrupts.o(i.HardFault_Handler))
<BR>[Address Reference Count : 1]<UL><LI> startup_k1986ve1xi.o(RESET)
</UL>
[...]
</UL>
<BR>[Address Reference Count : 5]<UL><LI> menuclearing.o(i.rinsingProcessStart)
<LI> menuclearing.o(i.transitionToDisinfectionMenu)
<LI> menuclearing.o(i.transitionToRinsingMenu)
<LI> menuclearing.o(i.woshingProcessStart)
<LI> menuclearing.o(i.disinfectionProcessStart)
</UL>
<P><STRONG><a name="[69]"></a>woshingComplite</STRONG> (Thumb, 8 bytes, Stack size 8 bytes, menuclearing.o(i.woshingComplite))
<BR><BR>[Stack]<UL><LI>Max Depth = 184<LI>Call Chain = woshingComplite &rArr; woshingCancel &rArr; initMenuMainPage &rArr; MENU_Init &rArr; MENU_PrintPtr &rArr; MENU_PrintPage &rArr; ST7567_FB_printText &rArr; ST7567_FB_drawPixel
</UL>
<BR>[Calls]<UL><LI><a href="#[58]">&gt;&gt;</a>&nbsp;&nbsp;&nbsp;woshingCancel
</UL>
<BR>[Address Reference Count : 1]<UL><LI> menuclearing.o(i.transitionToCompletionMenu)
</UL>
<P><STRONG><a name="[6d]"></a>woshingProcess</STRONG> (Thumb, 102 bytes, Stack size 8 bytes, menuclearing.o(i.woshingProcess))
<BR><BR>[Stack]<UL><LI>Max Depth = 192 + Unknown Stack Size
<LI>Call Chain = woshingProcess &rArr; transitionToRinsingMenu &rArr; MENU_Init &rArr; MENU_PrintPtr &rArr; MENU_PrintPage &rArr; ST7567_FB_printText &rArr; ST7567_FB_drawPixel
</UL>
<BR>[Calls]<UL><LI><a href="#[180]">&gt;&gt;</a>&nbsp;&nbsp;&nbsp;nasosOff
<LI><a href="#[e9]">&gt;&gt;</a>&nbsp;&nbsp;&nbsp;millis
<LI><a href="#[109]">&gt;&gt;</a>&nbsp;&nbsp;&nbsp;ST7567_FB_display
<LI><a href="#[14e]">&gt;&gt;</a>&nbsp;&nbsp;&nbsp;nasosOn
<LI><a href="#[17f]">&gt;&gt;</a>&nbsp;&nbsp;&nbsp;displayTimeRemaining
<LI><a href="#[1d7]">&gt;&gt;</a>&nbsp;&nbsp;&nbsp;transitionToRinsingMenu
<LI><a href="#[17e]">&gt;&gt;</a>&nbsp;&nbsp;&nbsp;supportWoshingTemperature
</UL>
<BR>[Address Reference Count : 1]<UL><LI> menuclearing.o(i.woshingProcessStart)
</UL>
<P><STRONG><a name="[5b]"></a>woshingProcessStart</STRONG> (Thumb, 80 bytes, Stack size 24 bytes, menuclearing.o(i.woshingProcessStart))
<BR><BR>[Stack]<UL><LI>Max Depth = 184<LI>Call Chain = woshingProcessStart &rArr; MENU_Init &rArr; MENU_PrintPtr &rArr; MENU_PrintPage &rArr; ST7567_FB_printText &rArr; ST7567_FB_drawPixel
</UL>
<BR>[Calls]<UL><LI><a href="#[108]">&gt;&gt;</a>&nbsp;&nbsp;&nbsp;ST7567_FB_printText
<LI><a href="#[109]">&gt;&gt;</a>&nbsp;&nbsp;&nbsp;ST7567_FB_display
<LI><a href="#[12c]">&gt;&gt;</a>&nbsp;&nbsp;&nbsp;ST7567_FB_cls
<LI><a href="#[182]">&gt;&gt;</a>&nbsp;&nbsp;&nbsp;configureMenuButtons
<LI><a href="#[103]">&gt;&gt;</a>&nbsp;&nbsp;&nbsp;MENU_Init
</UL>
<BR>[Address Reference Count : 1]<UL><LI> menuclearing.o(i.printMenuClearingState_1)
</UL>
<P><STRONG><a name="[6c]"></a>woshingSkip</STRONG> (Thumb, 8 bytes, Stack size 8 bytes, menuclearing.o(i.woshingSkip))
<BR><BR>[Stack]<UL><LI>Max Depth = 192<LI>Call Chain = woshingSkip &rArr; transitionToRinsingMenu &rArr; MENU_Init &rArr; MENU_PrintPtr &rArr; MENU_PrintPage &rArr; ST7567_FB_printText &rArr; ST7567_FB_drawPixel
</UL>
<BR>[Calls]<UL><LI><a href="#[1d7]">&gt;&gt;</a>&nbsp;&nbsp;&nbsp;transitionToRinsingMenu
</UL>
<BR>[Address Reference Count : 1]<UL><LI> menuclearing.o(i.woshingProcessStart)
</UL>
<P><STRONG><a name="[1b6]"></a>write_register</STRONG> (Thumb, 22 bytes, Stack size 16 bytes, mpr121.o(i.write_register))
<BR><BR>[Stack]<UL><LI>Max Depth = 156<LI>Call Chain = write_register &rArr; I2Csft_SendAdrReg &rArr; I2Csft_SendByte &rArr; PIO_Init_Pin &rArr; PORT_Init
</UL>
<BR>[Calls]<UL><LI><a href="#[101]">&gt;&gt;</a>&nbsp;&nbsp;&nbsp;I2Csft_SendAdrReg
</UL>
<BR>[Called By]<UL><LI><a href="#[1a1]">&gt;&gt;</a>&nbsp;&nbsp;&nbsp;mpr121_init
</UL>

<P><STRONG><a name="[80]"></a>_get_lc_numeric</STRONG> (Thumb, 44 bytes, Stack size 8 bytes, lc_numeric_c.o(locale$$code))
<BR><BR>[Stack]<UL><LI>Max Depth = 24<LI>Call Chain = _get_lc_numeric &rArr; strcmp
</UL>
<BR>[Calls]<UL><LI><a href="#[1d9]">&gt;&gt;</a>&nbsp;&nbsp;&nbsp;strcmp
</UL>
<BR>[Called By]<UL><LI><a href="#[7f]">&gt;&gt;</a>&nbsp;&nbsp;&nbsp;__rt_lib_init_lc_numeric_2
</UL>

<P><STRONG><a name="[1d0]"></a>__aeabi_cdrcmple</STRONG> (Thumb, 0 bytes, Stack size 32 bytes, drlef.o(x$fpl$drleqf))
<BR><BR>[Stack]<UL><LI>Max Depth = 32<LI>Call Chain = __aeabi_cdrcmple
</UL>
<BR>[Called By]<UL><LI><a href="#[1a9]">&gt;&gt;</a>&nbsp;&nbsp;&nbsp;process_incoming_json
</UL>

<P><STRONG><a name="[1da]"></a>_drcmple</STRONG> (Thumb, 100 bytes, Stack size 32 bytes, drlef.o(x$fpl$drleqf), UNUSED)
<BR><BR>[Calls]<UL><LI><a href="#[be]">&gt;&gt;</a>&nbsp;&nbsp;&nbsp;__fpl_dcmp_InfNaN
</UL>

<P><STRONG><a name="[16c]"></a>__aeabi_fadd</STRONG> (Thumb, 0 bytes, Stack size 16 bytes, faddsub.o(x$fpl$fadd))
<BR><BR>[Stack]<UL><LI>Max Depth = 16<LI>Call Chain = __aeabi_fadd
</UL>
<BR>[Called By]<UL><LI><a href="#[1af]">&gt;&gt;</a>&nbsp;&nbsp;&nbsp;readTemperature
<LI><a href="#[1c7]">&gt;&gt;</a>&nbsp;&nbsp;&nbsp;pid_compute
<LI><a href="#[170]">&gt;&gt;</a>&nbsp;&nbsp;&nbsp;changeReceptValueTemperatureLoaded
<LI><a href="#[176]">&gt;&gt;</a>&nbsp;&nbsp;&nbsp;changeValue
<LI><a href="#[16a]">&gt;&gt;</a>&nbsp;&nbsp;&nbsp;changeReceptValueTemperature
<LI><a href="#[1bb]">&gt;&gt;</a>&nbsp;&nbsp;&nbsp;string_to_float
</UL>

<P><STRONG><a name="[1db]"></a>_fadd</STRONG> (Thumb, 134 bytes, Stack size 16 bytes, faddsub.o(x$fpl$fadd), UNUSED)
<BR><BR>[Calls]<UL><LI><a href="#[1dc]">&gt;&gt;</a>&nbsp;&nbsp;&nbsp;_fsub1
</UL>

<P><STRONG><a name="[1b8]"></a>__aeabi_cfcmple</STRONG> (Thumb, 0 bytes, Stack size 8 bytes, flef.o(x$fpl$fleqf))
<BR><BR>[Stack]<UL><LI>Max Depth = 8<LI>Call Chain = __aeabi_cfcmple
</UL>
<BR>[Called By]<UL><LI><a href="#[1b0]">&gt;&gt;</a>&nbsp;&nbsp;&nbsp;pid_relay_control
<LI><a href="#[1c7]">&gt;&gt;</a>&nbsp;&nbsp;&nbsp;pid_compute
<LI><a href="#[1b7]">&gt;&gt;</a>&nbsp;&nbsp;&nbsp;myFabs
</UL>

<P><STRONG><a name="[1dd]"></a>_fcmple</STRONG> (Thumb, 78 bytes, Stack size 8 bytes, flef.o(x$fpl$fleqf), UNUSED)
<BR><BR>[Calls]<UL><LI><a href="#[c1]">&gt;&gt;</a>&nbsp;&nbsp;&nbsp;__fpl_fcmp_InfNaN
</UL>

<P><STRONG><a name="[df]"></a>__aeabi_fmul</STRONG> (Thumb, 0 bytes, Stack size 16 bytes, fmul.o(x$fpl$fmul))
<BR><BR>[Stack]<UL><LI>Max Depth = 16<LI>Call Chain = __aeabi_fmul
</UL>
<BR>[Called By]<UL><LI><a href="#[db]">&gt;&gt;</a>&nbsp;&nbsp;&nbsp;DS18B20_ReadScratchpad
<LI><a href="#[1c7]">&gt;&gt;</a>&nbsp;&nbsp;&nbsp;pid_compute
<LI><a href="#[1b7]">&gt;&gt;</a>&nbsp;&nbsp;&nbsp;myFabs
</UL>

<P><STRONG><a name="[223]"></a>_fmul</STRONG> (Thumb, 172 bytes, Stack size 16 bytes, fmul.o(x$fpl$fmul), UNUSED)

<P><STRONG><a name="[148]"></a>__aeabi_cfrcmple</STRONG> (Thumb, 0 bytes, Stack size 8 bytes, frlef.o(x$fpl$frleqf))
<BR><BR>[Stack]<UL><LI>Max Depth = 8<LI>Call Chain = __aeabi_cfrcmple
</UL>
<BR>[Called By]<UL><LI><a href="#[1b0]">&gt;&gt;</a>&nbsp;&nbsp;&nbsp;pid_relay_control
<LI><a href="#[1c7]">&gt;&gt;</a>&nbsp;&nbsp;&nbsp;pid_compute
<LI><a href="#[17e]">&gt;&gt;</a>&nbsp;&nbsp;&nbsp;supportWoshingTemperature
<LI><a href="#[14a]">&gt;&gt;</a>&nbsp;&nbsp;&nbsp;StateMachine_ProcessCoolingLoaded
<LI><a href="#[13f]">&gt;&gt;</a>&nbsp;&nbsp;&nbsp;StateMachine_ProcessCooling
</UL>

<P><STRONG><a name="[1de]"></a>_frcmple</STRONG> (Thumb, 84 bytes, Stack size 8 bytes, frlef.o(x$fpl$frleqf), UNUSED)
<BR><BR>[Calls]<UL><LI><a href="#[c1]">&gt;&gt;</a>&nbsp;&nbsp;&nbsp;__fpl_fcmp_InfNaN
</UL>

<P><STRONG><a name="[16d]"></a>__aeabi_fsub</STRONG> (Thumb, 0 bytes, Stack size 16 bytes, faddsub.o(x$fpl$fsub))
<BR><BR>[Stack]<UL><LI>Max Depth = 16<LI>Call Chain = __aeabi_fsub
</UL>
<BR>[Called By]<UL><LI><a href="#[1c7]">&gt;&gt;</a>&nbsp;&nbsp;&nbsp;pid_compute
<LI><a href="#[170]">&gt;&gt;</a>&nbsp;&nbsp;&nbsp;changeReceptValueTemperatureLoaded
<LI><a href="#[176]">&gt;&gt;</a>&nbsp;&nbsp;&nbsp;changeValue
<LI><a href="#[16a]">&gt;&gt;</a>&nbsp;&nbsp;&nbsp;changeReceptValueTemperature
</UL>

<P><STRONG><a name="[1df]"></a>_fsub</STRONG> (Thumb, 204 bytes, Stack size 16 bytes, faddsub.o(x$fpl$fsub), UNUSED)
<BR><BR>[Calls]<UL><LI><a href="#[1e0]">&gt;&gt;</a>&nbsp;&nbsp;&nbsp;_fadd1
</UL>

<P><STRONG><a name="[75]"></a>_printf_fp_dec</STRONG> (Thumb, 16 bytes, Stack size 8 bytes, printf1.o(x$fpl$printf1))
<BR><BR>[Stack]<UL><LI>Max Depth = 8<LI>Call Chain = _printf_fp_dec
</UL>
<BR>[Called By]<UL><LI><a href="#[73]">&gt;&gt;</a>&nbsp;&nbsp;&nbsp;_printf_f
</UL>
<P>
<H3>
Local Symbols
</H3>
<P><STRONG><a name="[169]"></a>NVIC_EnableIRQ</STRONG> (Thumb, 14 bytes, Stack size 0 bytes, hal.o(i.NVIC_EnableIRQ))
<BR><BR>[Called By]<UL><LI><a href="#[198]">&gt;&gt;</a>&nbsp;&nbsp;&nbsp;initMainTimer
<LI><a href="#[189]">&gt;&gt;</a>&nbsp;&nbsp;&nbsp;initBuzerTimer
<LI><a href="#[168]">&gt;&gt;</a>&nbsp;&nbsp;&nbsp;WiFi_uartInit
</UL>

<P><STRONG><a name="[e3]"></a>CalculateChecksum</STRONG> (Thumb, 58 bytes, Stack size 16 bytes, ds18b20.o(i.CalculateChecksum))
<BR><BR>[Stack]<UL><LI>Max Depth = 16<LI>Call Chain = CalculateChecksum
</UL>
<BR>[Called By]<UL><LI><a href="#[d3]">&gt;&gt;</a>&nbsp;&nbsp;&nbsp;ExecuteCommand
</UL>

<P><STRONG><a name="[d3]"></a>ExecuteCommand</STRONG> (Thumb, 122 bytes, Stack size 32 bytes, ds18b20.o(i.ExecuteCommand))
<BR><BR>[Stack]<UL><LI>Max Depth = 136<LI>Call Chain = ExecuteCommand &rArr; OneWire_ProcessByte &rArr; OneWire_ProcessBit &rArr; HAL_UART_Transmit
</UL>
<BR>[Calls]<UL><LI><a href="#[e2]">&gt;&gt;</a>&nbsp;&nbsp;&nbsp;OneWire_ProcessByte
<LI><a href="#[e3]">&gt;&gt;</a>&nbsp;&nbsp;&nbsp;CalculateChecksum
</UL>
<BR>[Called By]<UL><LI><a href="#[e1]">&gt;&gt;</a>&nbsp;&nbsp;&nbsp;DS18B20_WriteScratchpad
<LI><a href="#[e0]">&gt;&gt;</a>&nbsp;&nbsp;&nbsp;DS18B20_SkipRom
<LI><a href="#[db]">&gt;&gt;</a>&nbsp;&nbsp;&nbsp;DS18B20_ReadScratchpad
<LI><a href="#[da]">&gt;&gt;</a>&nbsp;&nbsp;&nbsp;DS18B20_ReadRom
<LI><a href="#[d2]">&gt;&gt;</a>&nbsp;&nbsp;&nbsp;DS18B20_ConvertT
</UL>

<P><STRONG><a name="[d4]"></a>WaitForConversionFinished</STRONG> (Thumb, 32 bytes, Stack size 16 bytes, ds18b20.o(i.WaitForConversionFinished))
<BR><BR>[Stack]<UL><LI>Max Depth = 80<LI>Call Chain = WaitForConversionFinished &rArr; OneWire_ProcessBit &rArr; HAL_UART_Transmit
</UL>
<BR>[Calls]<UL><LI><a href="#[112]">&gt;&gt;</a>&nbsp;&nbsp;&nbsp;OneWire_ProcessBit
</UL>
<BR>[Called By]<UL><LI><a href="#[d2]">&gt;&gt;</a>&nbsp;&nbsp;&nbsp;DS18B20_ConvertT
</UL>

<P><STRONG><a name="[17f]"></a>displayTimeRemaining</STRONG> (Thumb, 76 bytes, Stack size 32 bytes, menuclearing.o(i.displayTimeRemaining))
<BR><BR>[Stack]<UL><LI>Max Depth = 160 + Unknown Stack Size
<LI>Call Chain = displayTimeRemaining &rArr; __2sprintf &rArr; _printf_char_common &rArr; __printf
</UL>
<BR>[Calls]<UL><LI><a href="#[136]">&gt;&gt;</a>&nbsp;&nbsp;&nbsp;ST7567_FB_fillRect
<LI><a href="#[108]">&gt;&gt;</a>&nbsp;&nbsp;&nbsp;ST7567_FB_printText
<LI><a href="#[128]">&gt;&gt;</a>&nbsp;&nbsp;&nbsp;ST7567_FB_align_text
<LI><a href="#[c3]">&gt;&gt;</a>&nbsp;&nbsp;&nbsp;__aeabi_idivmod
<LI><a href="#[90]">&gt;&gt;</a>&nbsp;&nbsp;&nbsp;__2sprintf
</UL>
<BR>[Called By]<UL><LI><a href="#[6d]">&gt;&gt;</a>&nbsp;&nbsp;&nbsp;woshingProcess
<LI><a href="#[60]">&gt;&gt;</a>&nbsp;&nbsp;&nbsp;rinsingProcess
<LI><a href="#[56]">&gt;&gt;</a>&nbsp;&nbsp;&nbsp;disinfection
</UL>

<P><STRONG><a name="[178]"></a>changeValueTime</STRONG> (Thumb, 400 bytes, Stack size 24 bytes, menusetting.o(i.changeValueTime))
<BR><BR>[Stack]<UL><LI>Max Depth = 184 + Unknown Stack Size
<LI>Call Chain = changeValueTime &rArr; MENU_Init &rArr; MENU_PrintPtr &rArr; MENU_PrintPage &rArr; ST7567_FB_printText &rArr; ST7567_FB_drawPixel
</UL>
<BR>[Calls]<UL><LI><a href="#[e9]">&gt;&gt;</a>&nbsp;&nbsp;&nbsp;millis
<LI><a href="#[136]">&gt;&gt;</a>&nbsp;&nbsp;&nbsp;ST7567_FB_fillRect
<LI><a href="#[108]">&gt;&gt;</a>&nbsp;&nbsp;&nbsp;ST7567_FB_printText
<LI><a href="#[109]">&gt;&gt;</a>&nbsp;&nbsp;&nbsp;ST7567_FB_display
<LI><a href="#[103]">&gt;&gt;</a>&nbsp;&nbsp;&nbsp;MENU_Init
<LI><a href="#[c3]">&gt;&gt;</a>&nbsp;&nbsp;&nbsp;__aeabi_idivmod
<LI><a href="#[90]">&gt;&gt;</a>&nbsp;&nbsp;&nbsp;__2sprintf
</UL>
<BR>[Called By]<UL><LI><a href="#[5a]">&gt;&gt;</a>&nbsp;&nbsp;&nbsp;menuChangeTimeFunctionTime
</UL>

<P><STRONG><a name="[1ba]"></a>find_field_value</STRONG> (Thumb, 142 bytes, Stack size 100 bytes, json.o(i.find_field_value))
<BR><BR>[Stack]<UL><LI>Max Depth = 100<LI>Call Chain = find_field_value
</UL>
<BR>[Called By]<UL><LI><a href="#[1bc]">&gt;&gt;</a>&nbsp;&nbsp;&nbsp;parse_int_field
<LI><a href="#[1b9]">&gt;&gt;</a>&nbsp;&nbsp;&nbsp;parse_float_field
</UL>

<P><STRONG><a name="[1d8]"></a>my_memset</STRONG> (Thumb, 18 bytes, Stack size 8 bytes, json.o(i.my_memset))
<BR><BR>[Stack]<UL><LI>Max Depth = 8<LI>Call Chain = my_memset
</UL>
<BR>[Called By]<UL><LI><a href="#[1a0]">&gt;&gt;</a>&nbsp;&nbsp;&nbsp;uart_parser_init
</UL>

<P><STRONG><a name="[1b9]"></a>parse_float_field</STRONG> (Thumb, 42 bytes, Stack size 40 bytes, json.o(i.parse_float_field))
<BR><BR>[Stack]<UL><LI>Max Depth = 152<LI>Call Chain = parse_float_field &rArr; string_to_float &rArr; __aeabi_dmul
</UL>
<BR>[Calls]<UL><LI><a href="#[1bb]">&gt;&gt;</a>&nbsp;&nbsp;&nbsp;string_to_float
<LI><a href="#[1ba]">&gt;&gt;</a>&nbsp;&nbsp;&nbsp;find_field_value
</UL>
<BR>[Called By]<UL><LI><a href="#[1be]">&gt;&gt;</a>&nbsp;&nbsp;&nbsp;parse_json_data
</UL>

<P><STRONG><a name="[1bc]"></a>parse_int_field</STRONG> (Thumb, 42 bytes, Stack size 40 bytes, json.o(i.parse_int_field))
<BR><BR>[Stack]<UL><LI>Max Depth = 140<LI>Call Chain = parse_int_field &rArr; find_field_value
</UL>
<BR>[Calls]<UL><LI><a href="#[1bd]">&gt;&gt;</a>&nbsp;&nbsp;&nbsp;string_to_int
<LI><a href="#[1ba]">&gt;&gt;</a>&nbsp;&nbsp;&nbsp;find_field_value
</UL>
<BR>[Called By]<UL><LI><a href="#[1c0]">&gt;&gt;</a>&nbsp;&nbsp;&nbsp;parse_uint8_field
<LI><a href="#[1c2]">&gt;&gt;</a>&nbsp;&nbsp;&nbsp;parse_uint32_field
<LI><a href="#[1c1]">&gt;&gt;</a>&nbsp;&nbsp;&nbsp;parse_uint16_field
</UL>

<P><STRONG><a name="[1bf]"></a>parse_string_field</STRONG> (Thumb, 222 bytes, Stack size 112 bytes, json.o(i.parse_string_field))
<BR><BR>[Stack]<UL><LI>Max Depth = 112<LI>Call Chain = parse_string_field
</UL>
<BR>[Called By]<UL><LI><a href="#[1be]">&gt;&gt;</a>&nbsp;&nbsp;&nbsp;parse_json_data
</UL>

<P><STRONG><a name="[1c1]"></a>parse_uint16_field</STRONG> (Thumb, 38 bytes, Stack size 24 bytes, json.o(i.parse_uint16_field))
<BR><BR>[Stack]<UL><LI>Max Depth = 164<LI>Call Chain = parse_uint16_field &rArr; parse_int_field &rArr; find_field_value
</UL>
<BR>[Calls]<UL><LI><a href="#[1bc]">&gt;&gt;</a>&nbsp;&nbsp;&nbsp;parse_int_field
</UL>
<BR>[Called By]<UL><LI><a href="#[1be]">&gt;&gt;</a>&nbsp;&nbsp;&nbsp;parse_json_data
</UL>

<P><STRONG><a name="[1c2]"></a>parse_uint32_field</STRONG> (Thumb, 38 bytes, Stack size 24 bytes, json.o(i.parse_uint32_field))
<BR><BR>[Stack]<UL><LI>Max Depth = 164<LI>Call Chain = parse_uint32_field &rArr; parse_int_field &rArr; find_field_value
</UL>
<BR>[Calls]<UL><LI><a href="#[1bc]">&gt;&gt;</a>&nbsp;&nbsp;&nbsp;parse_int_field
</UL>
<BR>[Called By]<UL><LI><a href="#[1be]">&gt;&gt;</a>&nbsp;&nbsp;&nbsp;parse_json_data
</UL>

<P><STRONG><a name="[1c0]"></a>parse_uint8_field</STRONG> (Thumb, 38 bytes, Stack size 24 bytes, json.o(i.parse_uint8_field))
<BR><BR>[Stack]<UL><LI>Max Depth = 164<LI>Call Chain = parse_uint8_field &rArr; parse_int_field &rArr; find_field_value
</UL>
<BR>[Calls]<UL><LI><a href="#[1bc]">&gt;&gt;</a>&nbsp;&nbsp;&nbsp;parse_int_field
</UL>
<BR>[Called By]<UL><LI><a href="#[1be]">&gt;&gt;</a>&nbsp;&nbsp;&nbsp;parse_json_data
</UL>

<P><STRONG><a name="[1bb]"></a>string_to_float</STRONG> (Thumb, 218 bytes, Stack size 56 bytes, json.o(i.string_to_float))
<BR><BR>[Stack]<UL><LI>Max Depth = 112<LI>Call Chain = string_to_float &rArr; __aeabi_dmul
</UL>
<BR>[Calls]<UL><LI><a href="#[147]">&gt;&gt;</a>&nbsp;&nbsp;&nbsp;__aeabi_fdiv
<LI><a href="#[16c]">&gt;&gt;</a>&nbsp;&nbsp;&nbsp;__aeabi_fadd
<LI><a href="#[dc]">&gt;&gt;</a>&nbsp;&nbsp;&nbsp;__aeabi_f2d
<LI><a href="#[dd]">&gt;&gt;</a>&nbsp;&nbsp;&nbsp;__aeabi_dmul
<LI><a href="#[a7]">&gt;&gt;</a>&nbsp;&nbsp;&nbsp;__aeabi_i2d
<LI><a href="#[1d6]">&gt;&gt;</a>&nbsp;&nbsp;&nbsp;__aeabi_dadd
<LI><a href="#[de]">&gt;&gt;</a>&nbsp;&nbsp;&nbsp;__aeabi_d2f
</UL>
<BR>[Called By]<UL><LI><a href="#[1b9]">&gt;&gt;</a>&nbsp;&nbsp;&nbsp;parse_float_field
</UL>

<P><STRONG><a name="[1bd]"></a>string_to_int</STRONG> (Thumb, 36 bytes, Stack size 8 bytes, json.o(i.string_to_int))
<BR><BR>[Stack]<UL><LI>Max Depth = 8<LI>Call Chain = string_to_int
</UL>
<BR>[Called By]<UL><LI><a href="#[1bc]">&gt;&gt;</a>&nbsp;&nbsp;&nbsp;parse_int_field
</UL>

<P><STRONG><a name="[a4]"></a>_dadd1</STRONG> (Thumb, 290 bytes, Stack size 20 bytes, daddsub.o(.text), UNUSED)
<BR><BR>[Called By]<UL><LI><a href="#[a6]">&gt;&gt;</a>&nbsp;&nbsp;&nbsp;_drsb
<LI><a href="#[a5]">&gt;&gt;</a>&nbsp;&nbsp;&nbsp;_dsub
<LI><a href="#[a2]">&gt;&gt;</a>&nbsp;&nbsp;&nbsp;_dadd
</UL>

<P><STRONG><a name="[a3]"></a>_dsub1</STRONG> (Thumb, 470 bytes, Stack size 40 bytes, daddsub.o(.text), UNUSED)
<BR><BR>[Called By]<UL><LI><a href="#[a6]">&gt;&gt;</a>&nbsp;&nbsp;&nbsp;_drsb
<LI><a href="#[a5]">&gt;&gt;</a>&nbsp;&nbsp;&nbsp;_dsub
<LI><a href="#[a2]">&gt;&gt;</a>&nbsp;&nbsp;&nbsp;_dadd
</UL>

<P><STRONG><a name="[1e0]"></a>_fadd1</STRONG> (Thumb, 0 bytes, Stack size unknown bytes, faddsub.o(x$fpl$fadd), UNUSED)
<BR><BR>[Called By]<UL><LI><a href="#[1df]">&gt;&gt;</a>&nbsp;&nbsp;&nbsp;_fsub
</UL>

<P><STRONG><a name="[1dc]"></a>_fsub1</STRONG> (Thumb, 0 bytes, Stack size unknown bytes, faddsub.o(x$fpl$fsub), UNUSED)
<BR><BR>[Called By]<UL><LI><a href="#[1db]">&gt;&gt;</a>&nbsp;&nbsp;&nbsp;_fadd
</UL>

<P><STRONG><a name="[b3]"></a>_fp_digits</STRONG> (Thumb, 412 bytes, Stack size 96 bytes, _printf_fp_dec.o(.text))
<BR><BR>[Stack]<UL><LI>Max Depth = 272<LI>Call Chain = _fp_digits &rArr; _btod_etento &rArr; _btod_emul &rArr; btod_internal_mul &rArr; __ARM_common_ll_muluu
</UL>
<BR>[Calls]<UL><LI><a href="#[b6]">&gt;&gt;</a>&nbsp;&nbsp;&nbsp;_btod_ediv
<LI><a href="#[b7]">&gt;&gt;</a>&nbsp;&nbsp;&nbsp;_btod_emul
<LI><a href="#[b5]">&gt;&gt;</a>&nbsp;&nbsp;&nbsp;_btod_d2e
<LI><a href="#[b4]">&gt;&gt;</a>&nbsp;&nbsp;&nbsp;_btod_etento
<LI><a href="#[b8]">&gt;&gt;</a>&nbsp;&nbsp;&nbsp;_ll_udiv10
</UL>
<BR>[Called By]<UL><LI><a href="#[6e]">&gt;&gt;</a>&nbsp;&nbsp;&nbsp;_printf_fp_dec_real
</UL>

<P><STRONG><a name="[54]"></a>_printf_input_char</STRONG> (Thumb, 10 bytes, Stack size 0 bytes, _printf_char_common.o(.text))
<BR>[Address Reference Count : 1]<UL><LI> _printf_char_common.o(.text)
</UL>
<P><STRONG><a name="[c4]"></a>btod_internal_mul</STRONG> (Thumb, 492 bytes, Stack size 56 bytes, btod.o(.text))
<BR><BR>[Stack]<UL><LI>Max Depth = 80<LI>Call Chain = btod_internal_mul &rArr; __ARM_common_ll_muluu
</UL>
<BR>[Calls]<UL><LI><a href="#[c5]">&gt;&gt;</a>&nbsp;&nbsp;&nbsp;__ARM_common_ll_muluu
</UL>
<BR>[Called By]<UL><LI><a href="#[c6]">&gt;&gt;</a>&nbsp;&nbsp;&nbsp;_btod_emuld
<LI><a href="#[b7]">&gt;&gt;</a>&nbsp;&nbsp;&nbsp;_btod_emul
</UL>

<P><STRONG><a name="[c7]"></a>btod_internal_div</STRONG> (Thumb, 520 bytes, Stack size 64 bytes, btod.o(.text))
<BR><BR>[Stack]<UL><LI>Max Depth = 64<LI>Call Chain = btod_internal_div
</UL>
<BR>[Called By]<UL><LI><a href="#[c8]">&gt;&gt;</a>&nbsp;&nbsp;&nbsp;_btod_edivd
<LI><a href="#[b6]">&gt;&gt;</a>&nbsp;&nbsp;&nbsp;_btod_ediv
</UL>
<P>
<H3>
Undefined Global Symbols
</H3>
<P><STRONG><a name="[ce]"></a>_call_atexit_fns</STRONG> (ARM, 0 bytes, Stack size 0 bytes, UNDEFINED)
<BR><BR>[Called By]<UL><LI><a href="#[87]">&gt;&gt;</a>&nbsp;&nbsp;&nbsp;exit
</UL>

<P><STRONG><a name="[bc]"></a>_printf_mbtowc</STRONG> (ARM, 0 bytes, Stack size 0 bytes, UNDEFINED)
<BR><BR>[Called By]<UL><LI><a href="#[bb]">&gt;&gt;</a>&nbsp;&nbsp;&nbsp;_printf_cs_common
</UL>

<P><STRONG><a name="[95]"></a>_printf_truncate_signed</STRONG> (ARM, 0 bytes, Stack size 0 bytes, UNDEFINED)
<BR><BR>[Called By]<UL><LI><a href="#[77]">&gt;&gt;</a>&nbsp;&nbsp;&nbsp;_printf_int_dec
</UL>

<P><STRONG><a name="[96]"></a>_printf_truncate_unsigned</STRONG> (ARM, 0 bytes, Stack size 0 bytes, UNDEFINED)
<BR><BR>[Called By]<UL><LI><a href="#[77]">&gt;&gt;</a>&nbsp;&nbsp;&nbsp;_printf_int_dec
</UL>
<HR></body></html>
