<html>
<body>
<pre>
<h1>µVision Build Log</h1>
<h2>Tool Versions:</h2>
IDE-Version: µVision V5.28.0.0
Copyright (C) 2019 ARM Ltd and ARM Germany GmbH. All rights reserved.
License Information: QQ Q, Q, LIC=Q7GU5-GD7YL-BXCUY-IHQ98-AKNDR-T3BX9
 
Tool Versions:
Toolchain:       MDK-ARM Professional  Version: 5.28.0.0
Toolchain Path:  C:\Keil_v5\ARM\ARMCC\Bin
C Compiler:      Armcc.exe V5.06 update 6 (build 750)
Assembler:       Armasm.exe V5.06 update 6 (build 750)
Linker/Locator:  ArmLink.exe V5.06 update 6 (build 750)
Library Manager: ArmAr.exe V5.06 update 6 (build 750)
Hex Converter:   FromElf.exe V5.06 update 6 (build 750)
CPU DLL:         SARMCM3.DLL V5.28.0.0
Dialog DLL:      DARMCM1.DLL V1.19.2.0
Target DLL:      CMSIS_AGDI.dll V1.31.18.0
Dialog DLL:      TARMCM1.DLL V1.14.1.0
 
<h2>Project:</h2>
D:\0_AVANGARD\1_brewery\»ÌÚÂÎÂÍÚÛ‡Î¸Ì‡ˇ\brewberySmartSoft\brewberySmart.uvprojx
Project File Date:  10/18/2025

<h2>Output:</h2>
*** Using Compiler 'V5.06 update 6 (build 750)', folder: 'C:\Keil_v5\ARM\ARMCC\Bin'
Build target 'Target 1'
compiling main.c...
linking...
Program Size: Code=38992 RO-data=5668 RW-data=2324 ZI-data=12604  
FromELF: creating hex file...
".\Objects\HeatINtelekt.axf" - 0 Error(s), 0 Warning(s).

<h2>Software Packages used:</h2>

Package Vendor: Milandr
                
                Milandr.MDR32FxQI.1.3.2
                Milandr MDR32FxQI Series Device Support, Drivers and Examples
   * Component: Startup Version: 2.2.0i
   * Component: BKP Version: 2.2.0i
   * Component: EEPROM Version: 2.2.0i
   * Component: PORT Version: 2.2.0i
   * Component: RST_CLK Version: 2.2.0i
   * Component: SSP Version: 2.2.0i
   * Component: TIMER Version: 2.2.0i
   * Component: UART Version: 2.2.0i
   * Component: UTILS Version: 1.2.0i

<h2>Collection of Component include folders:</h2>
  .\RTE\Device\K1986VE1xI
  .\RTE\_Target_1
  C:\Users\User\AppData\Local\Arm\Packs\Milandr\MDR32FxQI\1.3.2\Libraries\CMSIS\MDR32FxQI\CoreSupport\CM1
  C:\Users\User\AppData\Local\Arm\Packs\Milandr\MDR32FxQI\1.3.2\Libraries\CMSIS\MDR32FxQI\DeviceSupport\K1986VE1xI\inc
  C:\Users\User\AppData\Local\Arm\Packs\Milandr\MDR32FxQI\1.3.2\Libraries\SPL\MDR32FxQI\inc

<h2>Collection of Component Files used:</h2>

   * Component: Milandr::Device:Startup:2.2.0i
      Include file:  Libraries\CMSIS\MDR32FxQI\DeviceSupport\K1986VE1xI\startup\system_K1986VE1xI.h
      Include file:  Libraries\SPL\MDR32FxQI\inc\IRQ_Handler_Template\K1986VE1xI_IT.h
      Source file:   Libraries\CMSIS\MDR32FxQI\DeviceSupport\K1986VE1xI\startup\arm\startup_K1986VE1xI.S
      Source file:   Libraries\CMSIS\MDR32FxQI\DeviceSupport\K1986VE1xI\startup\system_K1986VE1xI.c
      Source file:   Libraries\SPL\MDR32FxQI\src\IRQ_Handler_Template\K1986VE1xI_IT.c
      Include file:  Libraries\CMSIS\MDR32FxQI\CoreSupport\CM1\core_cm1.h
      Include file:  Libraries\SPL\MDR32FxQI\MDR32FxQI_config.h
      Include file:  Libraries\CMSIS\MDR32FxQI\DeviceSupport\K1986VE1xI\inc\K1986VE1xI.h

   * Component: Milandr::Drivers:BKP:2.2.0i
      Include file:  Libraries\SPL\MDR32FxQI\inc\MDR32FxQI_bkp.h
      Source file:   Libraries\SPL\MDR32FxQI\src\MDR32FxQI_bkp.c

   * Component: Milandr::Drivers:EEPROM:2.2.0i
      Source file:   Libraries\SPL\MDR32FxQI\src\MDR32FxQI_eeprom.c
      Source file:   Libraries\SPL\MDR32FxQI\src\MDR32FxQI_asm.S
      Include file:  Libraries\SPL\MDR32FxQI\inc\MDR32FxQI_eeprom.h

   * Component: Milandr::Drivers:PORT:2.2.0i
      Include file:  Libraries\SPL\MDR32FxQI\inc\MDR32FxQI_port.h
      Source file:   Libraries\SPL\MDR32FxQI\src\MDR32FxQI_port.c

   * Component: Milandr::Drivers:RST_CLK:2.2.0i
      Include file:  Libraries\SPL\MDR32FxQI\inc\MDR32FxQI_rst_clk.h
      Source file:   Libraries\SPL\MDR32FxQI\src\MDR32FxQI_rst_clk.c

   * Component: Milandr::Drivers:SSP:2.2.0i
      Source file:   Libraries\SPL\MDR32FxQI\src\MDR32FxQI_ssp.c
      Include file:  Libraries\SPL\MDR32FxQI\inc\MDR32FxQI_ssp.h

   * Component: Milandr::Drivers:TIMER:2.2.0i
      Include file:  Libraries\SPL\MDR32FxQI\inc\MDR32FxQI_timer.h
      Source file:   Libraries\SPL\MDR32FxQI\src\MDR32FxQI_timer.c

   * Component: Milandr::Drivers:UART:2.2.0i
      Include file:  Libraries\SPL\MDR32FxQI\inc\MDR32FxQI_uart.h
      Source file:   Libraries\SPL\MDR32FxQI\src\MDR32FxQI_uart.c

   * Component: Milandr::Drivers:UTILS:1.2.0i
      Source file:   Libraries\SPL\MDR32FxQI\src\MDR32FxQI_utils.c
      Include file:  Libraries\SPL\MDR32FxQI\inc\MDR32FxQI_utils.h
      Source file:   Libraries\SPL\MDR32FxQI\src\MDR32FxQI_asm.S
Build Time Elapsed:  00:00:02
</pre>
</body>
</html>
