Component: ARM Compiler 5.06 update 6 (build 750) Tool: armlink [4d35ed]

==============================================================================

Section Cross References

    main.o(i.main) refers to pid.o(i.pid_init) for pid_init
    main.o(i.main) refers to hal.o(i.initDevice) for initDevice
    main.o(i.main) refers to mainpage.o(i.initMenuMainPage) for initMenuMainPage
    main.o(i.main) refers to mainpage.o(i.printMainPage) for printMainPage
    main.o(i.main) refers to mdr32_inout.o(i.PIO_ReadInputDataBit) for PIO_ReadInputDataBit
    main.o(i.main) refers to mpr121.o(i.mpr121_get_touch) for mpr121_get_touch
    main.o(i.main) refers to hal.o(i.beep) for beep
    main.o(i.main) refers to delay.o(i.millis) for millis
    main.o(i.main) refers to hal.o(i.heatOff) for heatOff
    main.o(i.main) refers to hal.o(i.nasosOff) for nasosOff
    main.o(i.main) refers to hal.o(i.collOff) for collOff
    main.o(i.main) refers to state_machine.o(i.StateMachine_Process_Stop) for StateMachine_Process_Stop
    main.o(i.main) refers to state_machineloaded.o(i.StateMachine_Process_Stop_Loaded) for StateMachine_Process_Stop_Loaded
    main.o(i.main) refers to hal.o(i.printTempSensorError) for printTempSensorError
    main.o(i.main) refers to tempsensor.o(i.tempSensorInit) for tempSensorInit
    main.o(i.main) refers to slider.o(i.checkSlider) for checkSlider
    main.o(i.main) refers to tempsensor.o(i.readTemperature) for readTemperature
    main.o(i.main) refers to pid.o(i.pid_relay_control) for pid_relay_control
    main.o(i.main) refers to hal.o(i.sendStatus) for sendStatus
    main.o(i.main) refers to hal.o(i.functionNull) for functionNull
    main.o(i.main) refers to hal.o(.data) for mainProcess
    main.o(i.main) refers to hal.o(.bss) for deviceStatus
    main.o(i.main) refers to pid.o(.bss) for pid
    main.o(i.main) refers to main.o(i.menuNavigationFunction) for menuNavigationFunction
    main.o(i.main) refers to main.o(.data) for buttonNavigationFunction
    main.o(i.main) refers to ds18b20.o(.bss) for ds18b20
    main.o(i.menuNavigationFunction) refers to menu.o(i.menuNavigation) for menuNavigation
    main.o(i.menuNavigationFunction) refers to main.o(.data) for allButtonsRAW
    delay.o(i.delay_ms) refers to delay.o(.data) for tickDelay
    delay.o(i.getGlobalTime) refers to delay.o(.data) for sysTickGlobalTime
    delay.o(i.getTick) refers to delay.o(.data) for sysTickCount
    delay.o(i.millis) refers to delay.o(.data) for sysTickCount
    delay.o(i.setGlobalTime) refers to delay.o(.data) for sysTickGlobalTime
    interrupts.o(i.TIMER1_IRQHandler) refers to mdr32fxqi_timer.o(i.TIMER_GetITStatus) for TIMER_GetITStatus
    interrupts.o(i.TIMER1_IRQHandler) refers to mdr32fxqi_timer.o(i.TIMER_ClearFlag) for TIMER_ClearFlag
    interrupts.o(i.TIMER1_IRQHandler) refers to delay.o(.data) for sysTickCount
    interrupts.o(i.TIMER2_IRQHandler) refers to mdr32fxqi_timer.o(i.TIMER_GetITStatus) for TIMER_GetITStatus
    interrupts.o(i.TIMER2_IRQHandler) refers to mdr32fxqi_timer.o(i.TIMER_ClearFlag) for TIMER_ClearFlag
    interrupts.o(i.TIMER2_IRQHandler) refers to mdr32fxqi_port.o(i.PORT_WriteBit) for PORT_WriteBit
    interrupts.o(i.TIMER2_IRQHandler) refers to main.o(.data) for buzerEn
    interrupts.o(i.TIMER2_IRQHandler) refers to interrupts.o(.data) for beep
    interrupts.o(i.UART2_IRQHandler) refers to mdr32fxqi_uart.o(i.UART_GetITStatus) for UART_GetITStatus
    interrupts.o(i.UART2_IRQHandler) refers to mdr32fxqi_uart.o(i.UART_ReceiveData) for UART_ReceiveData
    interrupts.o(i.UART2_IRQHandler) refers to json.o(i.uart_receive_byte) for uart_receive_byte
    interrupts.o(i.UART2_IRQHandler) refers to mdr32fxqi_uart.o(i.UART_ClearITPendingBit) for UART_ClearITPendingBit
    interrupts.o(i.UART2_IRQHandler) refers to mdr32fxqi_uart.o(i.UART_SendData) for UART_SendData
    interrupts.o(i.UART2_IRQHandler) refers to mdr32fxqi_uart.o(i.UART_ITConfig) for UART_ITConfig
    interrupts.o(i.UART2_IRQHandler) refers to delay.o(i.millis) for millis
    interrupts.o(i.UART2_IRQHandler) refers to json.o(.bss) for uart_parser
    interrupts.o(i.UART2_IRQHandler) refers to hal.o(.bss) for uartTxBuffer
    interrupts.o(i.UART2_IRQHandler) refers to interrupts.o(.data) for txIndex
    i2c_soft.o(i.I2Csft_GetAdrReg) refers to i2c_soft.o(i.I2Csft_Start) for I2Csft_Start
    i2c_soft.o(i.I2Csft_GetAdrReg) refers to i2c_soft.o(i.I2Csft_SendByte) for I2Csft_SendByte
    i2c_soft.o(i.I2Csft_GetAdrReg) refers to i2c_soft.o(i.I2Csft_Restart) for I2Csft_Restart
    i2c_soft.o(i.I2Csft_GetAdrReg) refers to i2c_soft.o(i.I2Csft_ReadByte) for I2Csft_ReadByte
    i2c_soft.o(i.I2Csft_GetAdrReg) refers to i2c_soft.o(i.I2Csft_Stop) for I2Csft_Stop
    i2c_soft.o(i.I2Csft_Init) refers to uread4.o(.text) for __aeabi_uread4
    i2c_soft.o(i.I2Csft_Init) refers to mdr32_inout.o(i.PIO_Init_Pin) for PIO_Init_Pin
    i2c_soft.o(i.I2Csft_ReadByte) refers to uread4.o(.text) for __aeabi_uread4
[...]
    _frcmple                                 0x00009a79   Thumb Code    84  frlef.o(x$fpl$frleqf)
    __aeabi_fsub                             0x00009ad1   Thumb Code     0  faddsub.o(x$fpl$fsub)
    _fsub                                    0x00009ad1   Thumb Code   204  faddsub.o(x$fpl$fsub)
    _printf_fp_dec                           0x00009ba1   Thumb Code    16  printf1.o(x$fpl$printf1)
    __I$use$fp                               0x00009bb0   Number         0  usenofp.o(x$fpl$usenofp)
    image_data_Alarm_3                       0x00009bb0   Data          38  grapf.o(.constdata)
    image_data_Avaria_2                      0x00009bd6   Data          52  grapf.o(.constdata)
    image_data_AI_10V                        0x00009c0a   Data          77  grapf.o(.constdata)
    image_data_calotifer                     0x00009c57   Data          44  grapf.o(.constdata)
    image_data_kaskadControl                 0x00009c83   Data          56  grapf.o(.constdata)
    image_data_Image                         0x00009cbb   Data          34  grapf.o(.constdata)
    image_data_externTempCompensation        0x00009cdd   Data          48  grapf.o(.constdata)
    image_data_temperatureControl            0x00009d0d   Data          36  grapf.o(.constdata)
    image_data_3PointControl                 0x00009d31   Data          34  grapf.o(.constdata)
    image_data_fun                           0x00009d53   Data          34  grapf.o(.constdata)
    image_data_StepUp                        0x00009d75   Data          34  grapf.o(.constdata)
    image_data_flap                          0x00009d97   Data          34  grapf.o(.constdata)
    image_data_snow                          0x00009db9   Data          62  grapf.o(.constdata)
    image_data_sun                           0x00009df7   Data          32  grapf.o(.constdata)
    image_data_Simbol_P                      0x00009e17   Data          47  grapf.o(.constdata)
    image_data_Lock                          0x00009e46   Data          20  grapf.o(.constdata)
    image_data_BT                            0x00009e5a   Data          14  grapf.o(.constdata)
    image_data_WiFi                          0x00009e68   Data          30  grapf.o(.constdata)
    microsoftSansSerif_8ptBitmaps            0x00009e88   Data        2119  microsoftsansserif_8ptfont.o(.constdata)
    microsoftSansSerif_8ptDescriptors        0x0000a6d0   Data         636  microsoftsansserif_8ptfont.o(.constdata)
    microsoftSansSerif_8ptFontInfo           0x0000a94c   Data          16  microsoftsansserif_8ptfont.o(.constdata)
    initData                                 0x0000a95c   Data           9  st7567_fb.o(.constdata)
    ST7567_FB_ditherTab                      0x0000a965   Data          68  st7567_fb.o(.constdata)
    charHeight                               0x0000a9a9   Data           1  menu.o(.constdata)
    label_OK                                 0x0000a9aa   Data           3  menu.o(.constdata)
    OK_x                                     0x0000a9ad   Data           1  menu.o(.constdata)
    OK_y                                     0x0000a9ae   Data           1  menu.o(.constdata)
    OK_cursor_x                              0x0000a9af   Data           1  menu.o(.constdata)
    OK_cursor_y                              0x0000a9b0   Data           1  menu.o(.constdata)
    stringDalshe                             0x0000a9b1   Data          13  mainfest.o(.constdata)
    stringNazad                              0x0000a9be   Data          11  mainfest.o(.constdata)
    stringProdolgit                          0x0000a9c9   Data          21  mainfest.o(.constdata)
    stringOtmena                             0x0000a9de   Data          13  mainfest.o(.constdata)
    stringOK                                 0x0000a9eb   Data           3  mainfest.o(.constdata)
    stringSkip                               0x0000a9ee   Data          18  mainfest.o(.constdata)
    stringBegin                              0x0000aa00   Data          13  mainfest.o(.constdata)
    stringRecept                             0x0000aa0d   Data          13  mainfest.o(.constdata)
    stringClearing                           0x0000aa1a   Data          15  mainfest.o(.constdata)
    stringManualControl                      0x0000aa29   Data          34  mainfest.o(.constdata)
    stringSetting                            0x0000aa4b   Data          19  mainfest.o(.constdata)
    stringPsenichnoe                         0x0000aa5e   Data          19  mainfest.o(.constdata)
    stringTemnoe                             0x0000aa71   Data          13  mainfest.o(.constdata)
    stringSvetloe                            0x0000aa7e   Data          15  mainfest.o(.constdata)
    stringLowTemp                            0x0000aa8d   Data          36  mainfest.o(.constdata)
    stringWoshingState_1                     0x0000aab1   Data          85  mainfest.o(.constdata)
    stringWoshing                            0x0000ab06   Data          14  mainfest.o(.constdata)
    stringWoshingState_2                     0x0000ab14   Data          68  mainfest.o(.constdata)
    stringWoshingRinsing                     0x0000ab58   Data          30  mainfest.o(.constdata)
    stringWoshingState_3                     0x0000ab76   Data          87  mainfest.o(.constdata)
    stringWoshingDesinfektion                0x0000abcd   Data          26  mainfest.o(.constdata)
    stringWoshingComplite                    0x0000abe7   Data          30  mainfest.o(.constdata)
    stringReceptIns                          0x0000ac05   Data          15  mainfest.o(.constdata)
    stringReceptLoaded                       0x0000ac14   Data          23  mainfest.o(.constdata)
    stringNoRecepte                          0x0000ac2b   Data          47  mainfest.o(.constdata)
    stringReseptDell                         0x0000ac5a   Data          15  mainfest.o(.constdata)
    stringMesh                               0x0000ac69   Data          19  mainfest.o(.constdata)
    stringFermentation                       0x0000ac7c   Data          18  mainfest.o(.constdata)
    stringFiltracion                         0x0000ac8e   Data          16  mainfest.o(.constdata)
    stringNagrev                             0x0000ac9e   Data          13  mainfest.o(.constdata)
    string_u0420_u040eold                    0x0000acab   Data          16  mainfest.o(.constdata)
    _stringMesh                              0x0000acbb   Data          12  mainfest.o(.constdata)
    _stringFermentation                      0x0000acc7   Data          10  mainfest.o(.constdata)
    _stringFiltracion                        0x0000acd1   Data          12  mainfest.o(.constdata)
    _stringNagrev                            0x0000acdd   Data          13  mainfest.o(.constdata)
    _string_u0420_u040eold                   0x0000acea   Data          14  mainfest.o(.constdata)
    stringTemperature                        0x0000acf8   Data          14  mainfest.o(.constdata)
    stringTime                               0x0000ad06   Data          11  mainfest.o(.constdata)
    stringUstavka                            0x0000ad11   Data           8  mainfest.o(.constdata)
    stringSostoianie                         0x0000ad19   Data          10  mainfest.o(.constdata)
    stringPusk                               0x0000ad23   Data          10  mainfest.o(.constdata)
    stringStop                               0x0000ad2d   Data          10  mainfest.o(.constdata)
    tempSensorError                          0x0000ad37   Data         145  mainfest.o(.constdata)
    stringBtOn                               0x0000adc8   Data          11  mainfest.o(.constdata)
    stringBtOff                              0x0000add3   Data          13  mainfest.o(.constdata)
    stringWiFiOn                             0x0000ade0   Data          13  mainfest.o(.constdata)
    stringWiFiOff                            0x0000aded   Data          15  mainfest.o(.constdata)
    stringMuteOn                             0x0000adfc   Data          17  mainfest.o(.constdata)
    stringMuteOff                            0x0000ae0d   Data          19  mainfest.o(.constdata)
    mashTypeProtein                          0x0000ae20   Data          28  recept.o(.constdata)
    mashTypeSaccherification                 0x0000ae3c   Data          25  recept.o(.constdata)
    mashTypeMasOut                           0x0000ae55   Data          14  recept.o(.constdata)
    pshenichnoe_beer                         0x0000ae63   Data         123  recept.o(.constdata)
    darck_beer                               0x0000aede   Data         123  recept.o(.constdata)
    light_beer                               0x0000af59   Data         123  recept.o(.constdata)
    EEPROM_FACTORY_READ_WORD_FUNC            0x0000afd4   Data          64  system_k1986ve1xi.o(.constdata)
    Region$$Table$$Base                      0x0000b0fc   Number         0  anon$$obj.o(Region$$Table)
    Region$$Table$$Limit                     0x0000b11c   Number         0  anon$$obj.o(Region$$Table)
    buttonNavigationFunction                 0x20000000   Data           4  main.o(.data)
    allButtonsRAW                            0x20000004   Data           2  main.o(.data)
    buttonPressStartTime                     0x20000008   Data           8  main.o(.data)
    lastIncrementTime                        0x20000010   Data           8  main.o(.data)
    buttonUpWasPressed                       0x20000018   Data           1  main.o(.data)
    buttonDownWasPressed                     0x20000019   Data           1  main.o(.data)
    cnt                                      0x2000001a   Data           2  main.o(.data)
    buzerEn                                  0x2000001c   Data           1  main.o(.data)
    printIndicateCnt                         0x20000020   Data           8  main.o(.data)
    delayStartSec                            0x20000028   Data           8  main.o(.data)
    blincStateCnt                            0x20000030   Data           8  main.o(.data)
    delayTimerSec                            0x20000038   Data           8  main.o(.data)
    keyBufCnt                                0x20000040   Data           1  main.o(.data)
    startDelayNum                            0x20000041   Data           1  main.o(.data)
    blincTimetCny                            0x20000042   Data           1  main.o(.data)
    readTemperatureTimer                     0x20000048   Data           8  main.o(.data)
    reinitButton                             0x20000050   Data           8  main.o(.data)
    timeButtonLock                           0x20000058   Data           8  main.o(.data)
    triggerButtonLock                        0x20000060   Data           1  main.o(.data)
    timeNow                                  0x20000068   Data           8  main.o(.data)
    timeButtonPres                           0x20000070   Data           8  main.o(.data)
    stepUnLOC                                0x20000078   Data           1  main.o(.data)
    tickDelay                                0x2000007c   Data           4  delay.o(.data)
    sysTickCount                             0x20000080   Data           4  delay.o(.data)
    sysTickGlobalTime                        0x20000084   Data           4  delay.o(.data)
    hc595NumOfReg                            0x2000008b   Data           1  hc595.o(.data)
    MPR121initRresult                        0x20000090   Data           1  hal.o(.data)
    mainProcess                              0x20000094   Data           4  hal.o(.data)
    pumpWorkDelay                            0x200000b0   Data           2  pid.o(.data)
    pumpWorkPeriod                           0x200000b2   Data           2  pid.o(.data)
    pumpStopPeriod                           0x200000b4   Data           2  pid.o(.data)
    pidTimeoutCnt                            0x200000b8   Data           8  pid.o(.data)
    pumpTimeoutCnt                           0x200000c0   Data           8  pid.o(.data)
    relay_state                              0x200000c8   Data           1  pid.o(.data)
    pumpCnt                                  0x200000ca   Data           2  pid.o(.data)
    current_temperature                      0x200000cc   Data           4  pid.o(.data)
    TemperatureCorrection                    0x200000d4   Data           4  tempsensor.o(.data)
    TemperatureCorrectionMin                 0x200000d8   Data           4  tempsensor.o(.data)
    TemperatureCorrectionMax                 0x200000dc   Data           4  tempsensor.o(.data)
    scrWd                                    0x200000e0   Data           1  st7567_fb.o(.data)
    scrHt                                    0x200000e1   Data           1  st7567_fb.o(.data)
    dcPin                                    0x200000e2   Data           1  st7567_fb.o(.data)
    csPin                                    0x200000e3   Data           1  st7567_fb.o(.data)
    rstPin                                   0x200000e4   Data           1  st7567_fb.o(.data)
    sdiPin                                   0x200000e5   Data           1  st7567_fb.o(.data)
    clkPin                                   0x200000e6   Data           1  st7567_fb.o(.data)
    rotation                                 0x200000e7   Data           1  st7567_fb.o(.data)
    cr                                       0x200000fc   Data           1  st7567_fb.o(.data)
    dualChar                                 0x200000fd   Data           1  st7567_fb.o(.data)
    invertCh                                 0x200000fe   Data           1  st7567_fb.o(.data)
    spacing                                  0x200000ff   Data           1  st7567_fb.o(.data)
    isNumberFun                              0x20000100   Data           4  st7567_fb.o(.data)
    ST7567_FB_ystab                          0x20000104   Data           8  st7567_fb.o(.data)
    ST7567_FB_yetab                          0x2000010c   Data           8  st7567_fb.o(.data)
    ST7567_FB_pattern                        0x20000114   Data           4  st7567_fb.o(.data)
    label_Recept                             0x20000128   Data           8  mainpage.o(.data)
    label_Clearing                           0x20000130   Data           8  mainpage.o(.data)
    label_ManualControl                      0x20000138   Data           8  mainpage.o(.data)
    label_Setting                            0x20000140   Data           8  mainpage.o(.data)
    menu_Recept                              0x20000148   Data          24  mainpage.o(.data)
    menu_Clearing                            0x20000160   Data          24  mainpage.o(.data)
    menu_ManualControl                       0x20000178   Data          24  mainpage.o(.data)
    menu_Setting                             0x20000190   Data          24  mainpage.o(.data)
    OK                                       0x200001bc   Data          12  menu.o(.data)
    m_curr                                   0x200001c8   Data           4  menu.o(.data)
    label_Nazad                              0x200001cc   Data           8  menu.o(.data)
    menu_Nazad                               0x200001d4   Data          24  menu.o(.data)
    label_Dalshe                             0x200001ec   Data           8  menu.o(.data)
    menu_Dalshe                              0x200001f4   Data          24  menu.o(.data)
    label_ReceptIns                          0x20000210   Data           8  menurecept.o(.data)
    label_ReceptLoaded                       0x20000218   Data           8  menurecept.o(.data)
    menu_ReceptIns                           0x20000220   Data          24  menurecept.o(.data)
    menu_ReceptLoaded                        0x20000238   Data          24  menurecept.o(.data)
    label_Psenichnoe                         0x20000250   Data           8  menurecept.o(.data)
    label_Temnoe                             0x20000258   Data           8  menurecept.o(.data)
    label_Svetloe                            0x20000260   Data           8  menurecept.o(.data)
    insBeerNumber                            0x20000268   Data           3  menurecept.o(.data)
    menu_Psenichnoe                          0x2000026c   Data          24  menurecept.o(.data)
    menu_Temnoe                              0x20000284   Data          24  menurecept.o(.data)
    menu_Svetloe                             0x2000029c   Data          24  menurecept.o(.data)
    label_ReseptDell                         0x200002b4   Data           8  menurecept.o(.data)
    menu_ReceptLoaded_Data                   0x200002bc   Data           3  menurecept.o(.data)
    menu_ReceptLoaded_1                      0x200002c0   Data          24  menurecept.o(.data)
    menu_ReceptLoaded_2                      0x200002d8   Data          24  menurecept.o(.data)
    menu_ReceptLoaded_3                      0x200002f0   Data          24  menurecept.o(.data)
    menu_ReceptLoaded_arr                    0x20000308   Data          12  menurecept.o(.data)
    woshingTime                              0x20000318   Data           2  menuclearing.o(.data)
    label_WoshingState_1                     0x2000031c   Data           8  menuclearing.o(.data)
    label_Woshing                            0x20000324   Data           8  menuclearing.o(.data)
    manualControl                            0x20000348   Data          60  menumanualcontrol.o(.data)
    label_Mesh                               0x20000384   Data           8  menumanualcontrol.o(.data)
    label_Filtracion                         0x2000038c   Data           8  menumanualcontrol.o(.data)
    label_Nagrev                             0x20000394   Data           8  menumanualcontrol.o(.data)
    label_Cold                               0x2000039c   Data           8  menumanualcontrol.o(.data)
    label_Fermentation                       0x200003a4   Data           8  menumanualcontrol.o(.data)
    mesh                                     0x200003ac   Data           1  menumanualcontrol.o(.data)
    nagrev                                   0x200003ad   Data           1  menumanualcontrol.o(.data)
    cold                                     0x200003ae   Data           1  menumanualcontrol.o(.data)
    ferm                                     0x200003af   Data           1  menumanualcontrol.o(.data)
    filt                                     0x200003b0   Data           1  menumanualcontrol.o(.data)
    menu_Mesh                                0x200003b4   Data          24  menumanualcontrol.o(.data)
    menu_Filtracion                          0x200003cc   Data          24  menumanualcontrol.o(.data)
    menu_Nagrev                              0x200003e4   Data          24  menumanualcontrol.o(.data)
    menu_Cold                                0x200003fc   Data          24  menumanualcontrol.o(.data)
    menu_Fermentation                        0x20000414   Data          24  menumanualcontrol.o(.data)
    label_SetTime                            0x20000430   Data           8  menusetting.o(.data)
    label_WiFi                               0x20000438   Data           8  menusetting.o(.data)
    label_BT                                 0x20000440   Data           8  menusetting.o(.data)
    label_Mute                               0x20000448   Data           8  menusetting.o(.data)
    label_SettingNazad                       0x20000450   Data           8  menusetting.o(.data)
    menu_SetTime                             0x20000458   Data          24  menusetting.o(.data)
    menu_WiFi                                0x20000470   Data          24  menusetting.o(.data)
    menu_BT                                  0x20000488   Data          24  menusetting.o(.data)
    menu_Mute                                0x200004a0   Data          24  menusetting.o(.data)
    menu_SettingNazad                        0x200004b8   Data          24  menusetting.o(.data)
    maxH                                     0x200004f0   Data           1  menusetting.o(.data)
    maxM                                     0x200004f1   Data           1  menusetting.o(.data)
    menu_SetH                                0x200004f4   Data          24  menusetting.o(.data)
    menu_SetM                                0x2000050c   Data          24  menusetting.o(.data)
    menu_SetTimeNazad                        0x20000524   Data          24  menusetting.o(.data)
    menu_SetTimeOK                           0x2000053c   Data          24  menusetting.o(.data)
    menu_RecepteTempersture                  0x2000057c   Data          24  menureceptcontrol.o(.data)
    menu_RecepteTime                         0x20000594   Data          24  menureceptcontrol.o(.data)
    menu_RecepteNazad                        0x200005ac   Data          24  menureceptcontrol.o(.data)
    menu_RecepteState                        0x200005c4   Data          24  menureceptcontrol.o(.data)
    menu_RecepteSkip                         0x200005dc   Data          24  menureceptcontrol.o(.data)
    shablonExecuteSetFunction                0x20000630   Data           4  menureceptshablon.o(.data)
    currentProcessBuf                        0x20000634   Data           4  menureceptshablon.o(.data)
    label_Temperature                        0x20000638   Data           8  menureceptshablon.o(.data)
    label_Time                               0x20000640   Data           8  menureceptshablon.o(.data)
    label_Ustavka                            0x20000648   Data           8  menureceptshablon.o(.data)
    label_Sostoianie                         0x20000650   Data           8  menureceptshablon.o(.data)
    label_ShablonTemperature                 0x20000658   Data           8  menureceptshablon.o(.data)
    label_ShablonTimer                       0x20000660   Data           8  menureceptshablon.o(.data)
    label_ShablonNazad                       0x20000668   Data           8  menureceptshablon.o(.data)
    label_ShablonState                       0x20000670   Data           8  menureceptshablon.o(.data)
    label_ShablonSkip                        0x20000678   Data           8  menureceptshablon.o(.data)
    shablonTemperatureData                   0x20000680   Data           1  menureceptshablon.o(.data)
    shablonTimeData                          0x20000681   Data           1  menureceptshablon.o(.data)
    menu_ShablonState_data                   0x20000682   Data           1  menureceptshablon.o(.data)
    menu_ShablonTempersture                  0x20000684   Data          24  menureceptshablon.o(.data)
    menu_ShablonTime                         0x2000069c   Data          24  menureceptshablon.o(.data)
    menu_ShablonNazad                        0x200006b4   Data          24  menureceptshablon.o(.data)
    menu_ShablonState                        0x200006cc   Data          24  menureceptshablon.o(.data)
    menu_ShablonSkip                         0x200006e4   Data          24  menureceptshablon.o(.data)
    label_ShablonCurentTemperature           0x200006fc   Data           8  menureceptshablon.o(.data)
    label_ShablonCurrentTime                 0x20000704   Data           8  menureceptshablon.o(.data)
    menu_RecepteLoadedTempersture            0x2000077c   Data          24  menureceptloaded.o(.data)
    menu_RecepteLoadedTime                   0x20000794   Data          24  menureceptloaded.o(.data)
    menu_RecepteLoadedNazad                  0x200007ac   Data          24  menureceptloaded.o(.data)
    menu_RecepteLoadedState                  0x200007c4   Data          24  menureceptloaded.o(.data)
    menu_RecepteLoadedSkip                   0x200007dc   Data          24  menureceptloaded.o(.data)
    current_state                            0x20000838   Data           1  state_machine.o(.data)
    current_stage                            0x20000839   Data           1  state_machine.o(.data)
    current_mash_stage                       0x2000083a   Data           1  state_machine.o(.data)
    stage_start_time                         0x2000083c   Data           4  state_machine.o(.data)
    stage_remaining_time                     0x20000840   Data           4  state_machine.o(.data)
    current_recipe_index                     0x2000086a   Data           1  recipe_manager.o(.data)
    total_recipes                            0x2000086b   Data           1  recipe_manager.o(.data)
    receptBuf                                0x2000086c   Data         129  recipe_manager.o(.data)
    current_stateLoaded                      0x200008f0   Data           1  state_machineloaded.o(.data)
    current_stage_Loaded                     0x200008f1   Data           1  state_machineloaded.o(.data)
    current_mash_stage_Loaded                0x200008f2   Data           1  state_machineloaded.o(.data)
    stage_start_time_Loaded                  0x200008f4   Data           4  state_machineloaded.o(.data)
    stage_remaining_time_Loaded              0x200008f8   Data           4  state_machineloaded.o(.data)
    SystemCoreClock                          0x20000920   Data           4  system_k1986ve1xi.o(.data)
    uartTxBuffer                             0x20000924   Data         268  hal.o(.bss)
    I2C_b                                    0x20000a30   Data           9  hal.o(.bss)
    deviceStatus                             0x20000a3c   Data          72  hal.o(.bss)
    sSSP                                     0x20000a84   Data          10  hal.o(.bss)
    PORT_InitStructure                       0x20000a8e   Data          12  hal.o(.bss)
    pid                                      0x20000a9c   Data          48  pid.o(.bss)
    onewire                                  0x20000adc   Data        1053  mdr32_uart.o(.bss)
    cfont                                    0x20001340   Data          16  st7567_fb.o(.bss)
    ST7567_FB_scr                            0x20001350   Data        1024  st7567_fb.o(.bss)
    ds18b20                                  0x20001750   Data          24  ds18b20.o(.bss)
    menuBuf                                  0x20001768   Data          32  menu.o(.bss)
    m_null                                   0x20001788   Data          24  menu.o(.bss)
    label_Recept_s_Loaded                    0x200017a0   Data          24  menurecept.o(.bss)
    shablonlControl                          0x200017b8   Data          12  menurecept.o(.bss)
    receptControl                            0x20001824   Data          60  menureceptshablon.o(.bss)
    current_recipe                           0x20001860   Data         123  recipe_manager.o(.bss)
    w25qxx                                   0x200018dc   Data          40  w25qxx.o(.bss)
    uart_parser                              0x20001904   Data         518  json.o(.bss)
    __libspace_start                         0x20001b0c   Data          96  libspace.o(.bss)
    __temporary_stack_top$libspace           0x20001b6c   Data           0  libspace.o(.bss)



==============================================================================

Memory Map of the image

  Image Entry point : 0x000000c1

  Load Region LR_IROM1 (Base: 0x00000000, Size: 0x0000ba5c, Max: 0x00020000, ABSOLUTE, COMPRESSED[0x0000b498])

    Execution Region ER_IROM1 (Exec base: 0x00000000, Load base: 0x00000000, Size: 0x0000b138, Max: 0x00020000, ABSOLUTE)

    Exec Addr    Load Addr    Size         Type   Attr      Idx    E Section Name        Object

    0x00000000   0x00000000   0x000000c0   Data   RO         3585    RESET               startup_k1986ve1xi.o
    0x000000c0   0x000000c0   0x00000008   Code   RO         4904  * !!!main             c_p.l(__main.o)
    0x000000c8   0x000000c8   0x0000003c   Code   RO         5287    !!!scatter          c_p.l(__scatter.o)
    0x00000104   0x00000104   0x0000001c   Code   RO         5289    !!handler_zi        c_p.l(__scatter_zi.o)
    0x00000120   0x00000120   0x00000002   Code   RO         4887    .ARM.Collect$$_printf_percent$$00000000  c_p.l(_printf_percent.o)
    0x00000122   0x00000122   0x0000000a   Code   RO         4886    .ARM.Collect$$_printf_percent$$00000003  c_p.l(_printf_f.o)
    0x0000012c   0x0000012c   0x0000000a   Code   RO         4884    .ARM.Collect$$_printf_percent$$00000008  c_p.l(_printf_i.o)
    0x00000136   0x00000136   0x0000000a   Code   RO         4885    .ARM.Collect$$_printf_percent$$00000009  c_p.l(_printf_d.o)
    0x00000140   0x00000140   0x0000000a   Code   RO         4883    .ARM.Collect$$_printf_percent$$00000014  c_p.l(_printf_s.o)
    0x0000014a   0x0000014a   0x00000004   Code   RO         4992    .ARM.Collect$$_printf_percent$$00000017  c_p.l(_printf_percent_end.o)
    0x0000014e   0x0000014e   0x00000002   Code   RO         5190    .ARM.Collect$$libinit$$00000000  c_p.l(libinit.o)
    0x00000150   0x00000150   0x00000000   Code   RO         5007    .ARM.Collect$$libinit$$00000002  c_p.l(libinit2.o)
    0x00000150   0x00000150   0x00000000   Code   RO         5009    .ARM.Collect$$libinit$$00000004  c_p.l(libinit2.o)
    0x00000150   0x00000150   0x00000008   Code   RO         5010    .ARM.Collect$$libinit$$00000005  c_p.l(libinit2.o)
    0x00000158   0x00000158   0x00000000   Code   RO         5012    .ARM.Collect$$libinit$$0000000A  c_p.l(libinit2.o)
    0x00000158   0x00000158   0x00000000   Code   RO         5014    .ARM.Collect$$libinit$$0000000C  c_p.l(libinit2.o)
    0x00000158   0x00000158   0x00000000   Code   RO         5016    .ARM.Collect$$libinit$$0000000E  c_p.l(libinit2.o)
    0x00000158   0x00000158   0x00000006   Code   RO         5017    .ARM.Collect$$libinit$$0000000F  c_p.l(libinit2.o)
    0x0000015e   0x0000015e   0x00000000   Code   RO         5019    .ARM.Collect$$libinit$$00000011  c_p.l(libinit2.o)
    0x0000015e   0x0000015e   0x00000000   Code   RO         5021    .ARM.Collect$$libinit$$00000013  c_p.l(libinit2.o)
    0x0000015e   0x0000015e   0x00000000   Code   RO         5023    .ARM.Collect$$libinit$$00000015  c_p.l(libinit2.o)
    0x0000015e   0x0000015e   0x0000000a   Code   RO         5024    .ARM.Collect$$libinit$$00000016  c_p.l(libinit2.o)
    0x00000168   0x00000168   0x00000000   Code   RO         5025    .ARM.Collect$$libinit$$00000017  c_p.l(libinit2.o)
    0x00000168   0x00000168   0x00000000   Code   RO         5027    .ARM.Collect$$libinit$$00000019  c_p.l(libinit2.o)
    0x00000168   0x00000168   0x00000000   Code   RO         5029    .ARM.Collect$$libinit$$0000001B  c_p.l(libinit2.o)
    0x00000168   0x00000168   0x00000000   Code   RO         5031    .ARM.Collect$$libinit$$0000001D  c_p.l(libinit2.o)
    0x00000168   0x00000168   0x00000000   Code   RO         5033    .ARM.Collect$$libinit$$0000001F  c_p.l(libinit2.o)
    0x00000168   0x00000168   0x00000000   Code   RO         5035    .ARM.Collect$$libinit$$00000021  c_p.l(libinit2.o)
    0x00000168   0x00000168   0x00000000   Code   RO         5037    .ARM.Collect$$libinit$$00000023  c_p.l(libinit2.o)
    0x00000168   0x00000168   0x00000000   Code   RO         5039    .ARM.Collect$$libinit$$00000025  c_p.l(libinit2.o)
    0x00000168   0x00000168   0x00000000   Code   RO         5043    .ARM.Collect$$libinit$$0000002C  c_p.l(libinit2.o)
    0x00000168   0x00000168   0x00000000   Code   RO         5045    .ARM.Collect$$libinit$$0000002E  c_p.l(libinit2.o)
    0x00000168   0x00000168   0x00000000   Code   RO         5047    .ARM.Collect$$libinit$$00000030  c_p.l(libinit2.o)
    0x00000168   0x00000168   0x00000000   Code   RO         5049    .ARM.Collect$$libinit$$00000032  c_p.l(libinit2.o)
    0x00000168   0x00000168   0x00000002   Code   RO         5050    .ARM.Collect$$libinit$$00000033  c_p.l(libinit2.o)
    0x0000016a   0x0000016a   0x00000002   Code   RO         5282    .ARM.Collect$$libshutdown$$00000000  c_p.l(libshutdown.o)
    0x0000016c   0x0000016c   0x00000000   Code   RO         5192    .ARM.Collect$$libshutdown$$00000002  c_p.l(libshutdown2.o)
    0x0000016c   0x0000016c   0x00000000   Code   RO         5194    .ARM.Collect$$libshutdown$$00000004  c_p.l(libshutdown2.o)
    0x0000016c   0x0000016c   0x00000000   Code   RO         5197    .ARM.Collect$$libshutdown$$00000007  c_p.l(libshutdown2.o)
    0x0000016c   0x0000016c   0x00000000   Code   RO         5200    .ARM.Collect$$libshutdown$$0000000A  c_p.l(libshutdown2.o)
    0x0000016c   0x0000016c   0x00000000   Code   RO         5202    .ARM.Collect$$libshutdown$$0000000C  c_p.l(libshutdown2.o)
    0x0000016c   0x0000016c   0x00000000   Code   RO         5205    .ARM.Collect$$libshutdown$$0000000F  c_p.l(libshutdown2.o)
    0x0000016c   0x0000016c   0x00000002   Code   RO         5206    .ARM.Collect$$libshutdown$$00000010  c_p.l(libshutdown2.o)
    0x0000016e   0x0000016e   0x00000000   Code   RO         4941    .ARM.Collect$$rtentry$$00000000  c_p.l(__rtentry.o)
    0x0000016e   0x0000016e   0x00000000   Code   RO         5062    .ARM.Collect$$rtentry$$00000002  c_p.l(__rtentry2.o)
    0x0000016e   0x0000016e   0x00000006   Code   RO         5074    .ARM.Collect$$rtentry$$00000004  c_p.l(__rtentry4.o)
    0x00000174   0x00000174   0x00000000   Code   RO         5064    .ARM.Collect$$rtentry$$00000009  c_p.l(__rtentry2.o)
    0x00000174   0x00000174   0x00000004   Code   RO         5065    .ARM.Collect$$rtentry$$0000000A  c_p.l(__rtentry2.o)
    0x00000178   0x00000178   0x00000000   Code   RO         5067    .ARM.Collect$$rtentry$$0000000C  c_p.l(__rtentry2.o)
    0x00000178   0x00000178   0x00000008   Code   RO         5068    .ARM.Collect$$rtentry$$0000000D  c_p.l(__rtentry2.o)
    0x00000180   0x00000180   0x00000002   Code   RO         5214    .ARM.Collect$$rtexit$$00000000  c_p.l(rtexit.o)
    0x00000182   0x00000182   0x00000000   Code   RO         5245    .ARM.Collect$$rtexit$$00000002  c_p.l(rtexit2.o)
    0x00000182   0x00000182   0x00000004   Code   RO         5246    .ARM.Collect$$rtexit$$00000003  c_p.l(rtexit2.o)
    0x00000186   0x00000186   0x00000006   Code   RO         5247    .ARM.Collect$$rtexit$$00000004  c_p.l(rtexit2.o)
    0x0000018c   0x0000018c   0x00000038   Code   RO         4888    .emb_text           c_p.l(rt_memcpy.o)
    0x000001c4   0x000001c4   0x00000000   Code   RO         5080    .emb_text           c_p.l(maybetermalloc1.o)
    0x000001c4   0x000001c4   0x00000074   Code   RO         3586    .text               startup_k1986ve1xi.o
    0x00000238   0x00000238   0x00000062   Code   RO         4787    .text               c_p.l(h1_alloc.o)
    0x0000029a   0x0000029a   0x0000004c   Code   RO         4789    .text               c_p.l(h1_free.o)
    0x000002e6   0x000002e6   0x00000102   Code   RO         4845    .text               c_p.l(lludiv.o)
    0x000003e8   0x000003e8   0x0000002c   Code   RO         4849    .text               c_p.l(__2sprintf.o)
    0x00000414   0x00000414   0x0000004e   Code   RO         4857    .text               c_p.l(_printf_pad.o)
    0x00000462   0x00000462   0x00000052   Code   RO         4859    .text               c_p.l(_printf_str.o)
    0x000004b4   0x000004b4   0x0000006c   Code   RO         4861    .text               c_p.l(_printf_dec.o)
    0x00000520   0x00000520   0x00000138   Code   RO         4875    .text               c_p.l(__printf_flags_wp.o)
    0x00000658   0x00000658   0x00000082   Code   RO         4889    .text               c_p.l(rt_memcpy.o)
    0x000006da   0x000006da   0x00000040   Code   RO         4892    .text               c_p.l(rt_memclr.o)
    0x0000071a   0x0000071a   0x00000022   Code   RO         4894    .text               c_p.l(uread4.o)
    0x0000073c   0x0000073c   0x00000010   Code   RO         4896    .text               c_p.l(uwrite4.o)
    0x0000074c   0x0000074c   0x0000015a   Code   RO         4898    .text               c_p.l(aeabi_sdiv.o)
    0x000008a6   0x000008a6   0x00000006   Code   RO         4902    .text               c_p.l(heapauxi.o)
    0x000008ac   0x000008ac   0x0000007c   Code   RO         4906    .text               fz_ps.l(d2f.o)
    0x00000928   0x00000928   0x00000248   Code   RO         4912    .text               fz_ps.l(dmul.o)
    0x00000b70   0x00000b70   0x00000054   Code   RO         4916    .text               fz_ps.l(f2d.o)
    0x00000bc4   0x00000bc4   0x00000160   Code   RO         4924    .text               fz_ps.l(fdiv.o)
    0x00000d24   0x00000d24   0x0000005e   Code   RO         4929    .text               fz_ps.l(fflti.o)
    0x00000d82   0x00000d82   0x00000002   PAD
    0x00000d84   0x00000d84   0x00000008   Code   RO         4953    .text               c_p.l(rt_heap_descriptor_intlibspace.o)
    0x00000d8c   0x00000d8c   0x00000008   Code   RO         4958    .text               c_p.l(rt_locale_intlibspace.o)
    0x00000d94   0x00000d94   0x00000004   Code   RO         4960    .text               c_p.l(hguard.o)
    0x00000d98   0x00000d98   0x00000088   Code   RO         4962    .text               c_p.l(init_alloc.o)
    0x00000e20   0x00000e20   0x0000000e   Code   RO         4966    .text               c_p.l(h1_init.o)
    0x00000e2e   0x00000e2e   0x000000b0   Code   RO         4980    .text               c_p.l(_printf_intcommon.o)
    0x00000ede   0x00000ede   0x00000002   PAD
    0x00000ee0   0x00000ee0   0x00000418   Code   RO         4982    .text               c_p.l(_printf_fp_dec.o)
    0x000012f8   0x000012f8   0x00000030   Code   RO         4984    .text               c_p.l(_printf_char_common.o)
    0x00001328   0x00001328   0x0000000a   Code   RO         4986    .text               c_p.l(_sputc.o)
    0x00001332   0x00001332   0x0000002e   Code   RO         4988    .text               c_p.l(_printf_char.o)
    0x00001360   0x00001360   0x00000028   Code   RO         5002    .text               c_p.l(rtudiv10.o)
    0x00001388   0x00001388   0x00000064   Code   RO         5053    .text               fz_ps.l(fcmpin.o)
    0x000013ec   0x000013ec   0x00000008   Code   RO         5058    .text               c_p.l(libspace.o)
    0x000013f4   0x000013f4   0x00000034   Code   RO         5082    .text               c_p.l(h1_extend.o)
    0x00001428   0x00001428   0x0000007a   Code   RO         5086    .text               c_p.l(lludiv10.o)
    0x000014a2   0x000014a2   0x00000002   PAD
    0x000014a4   0x000014a4   0x00000088   Code   RO         5088    .text               c_p.l(_printf_fp_infnan.o)
    0x0000152c   0x0000152c   0x000000d8   Code   RO         5092    .text               c_p.l(bigflt0.o)
    0x00001604   0x00001604   0x00000580   Code   RO         5095    .text               c_p.l(btod.o)
    0x00001b84   0x00001b84   0x0000000c   Code   RO         5116    .text               c_p.l(defsig_rtmem_outer.o)
    0x00001b90   0x00001b90   0x00000088   Code   RO         5120    .text               c_p.l(strcmp.o)
    0x00001c18   0x00001c18   0x0000002e   Code   RO         5127    .text               fz_ps.l(cmpret.o)
    0x00001c46   0x00001c46   0x00000002   PAD
    0x00001c48   0x00001c48   0x00000010   Code   RO         5131    .text               fz_ps.l(fnan2.o)
    0x00001c58   0x00001c58   0x00000002   Code   RO         5144    .text               c_p.l(use_no_semi.o)
    0x00001c5a   0x00001c5a   0x00000000   Code   RO         5146    .text               c_p.l(indicate_semi.o)
    0x00001c5a   0x00001c5a   0x0000003e   Code   RO         5147    .text               c_p.l(sys_stackheap_outer.o)
    0x00001c98   0x00001c98   0x00000010   Code   RO         5167    .text               c_p.l(exit.o)
    0x00001ca8   0x00001ca8   0x0000000c   Code   RO         5169    .text               c_p.l(defsig_exit.o)
    0x00001cb4   0x00001cb4   0x00000050   Code   RO         5179    .text               c_p.l(defsig_rtmem_inner.o)
    0x00001d04   0x00001d04   0x0000005e   Code   RO         5209    .text               fz_ps.l(retnan.o)
    0x00001d62   0x00001d62   0x00000002   PAD
    0x00001d64   0x00001d64   0x0000000c   Code   RO         5211    .text               c_p.l(sys_exit.o)
    0x00001d70   0x00001d70   0x00000034   Code   RO         5232    .text               c_p.l(defsig_general.o)
    0x00001da4   0x00001da4   0x0000000c   Code   RO         5242    .text               c_p.l(sys_wrch.o)
    0x00001db0   0x00001db0   0x00000056   Code   RO         5285    .text               c_p.l(__dczerorl2.o)
    0x00001e06   0x00001e06   0x00000002   Code   RO          227    i.ADC_IRQHandler    interrupts.o
    0x00001e08   0x00001e08   0x00000002   Code   RO          228    i.ARINC429R_IRQHandler  interrupts.o
    0x00001e0a   0x00001e0a   0x00000002   Code   RO          229    i.ARINC429T1_IRQHandler  interrupts.o
    0x00001e0c   0x00001e0c   0x00000002   Code   RO          230    i.ARINC429T2_IRQHandler  interrupts.o
    0x00001e0e   0x00001e0e   0x00000002   Code   RO          231    i.ARINC429T3_IRQHandler  interrupts.o
    0x00001e10   0x00001e10   0x00000002   Code   RO          232    i.ARINC429T4_IRQHandler  interrupts.o
    0x00001e12   0x00001e12   0x00000002   Code   RO          233    i.BKP_IRQHandler    interrupts.o
    0x00001e14   0x00001e14   0x00000002   Code   RO          234    i.BUSY_IRQHandler   interrupts.o
    0x00001e16   0x00001e16   0x00000002   Code   RO          235    i.CAN1_IRQHandler   interrupts.o
    0x00001e18   0x00001e18   0x00000002   Code   RO          236    i.CAN2_IRQHandler   interrupts.o
    0x00001e1a   0x00001e1a   0x00000002   PAD
    0x00001e1c   0x00001e1c   0x0000004c   Code   RO         2907    i.CRC16_Calculate   recipe_manager.o
    0x00001e68   0x00001e68   0x0000003a   Code   RO         1660    i.CalculateChecksum  ds18b20.o
    0x00001ea2   0x00001ea2   0x00000002   Code   RO          237    i.DMA_IRQHandler    interrupts.o
    0x00001ea4   0x00001ea4   0x0000006c   Code   RO         1661    i.DS18B20_ConvertT  ds18b20.o
    0x00001f10   0x00001f10   0x00000014   Code   RO         1662    i.DS18B20_Init      ds18b20.o
    0x00001f24   0x00001f24   0x0000002a   Code   RO         1663    i.DS18B20_InitializationCommand  ds18b20.o
    0x00001f4e   0x00001f4e   0x00000002   PAD
    0x00001f50   0x00001f50   0x0000005c   Code   RO         1664    i.DS18B20_ReadRom   ds18b20.o
    0x00001fac   0x00001fac   0x000000ec   Code   RO         1665    i.DS18B20_ReadScratchpad  ds18b20.o
    0x00002098   0x00002098   0x0000002c   Code   RO         1666    i.DS18B20_SkipRom   ds18b20.o
    0x000020c4   0x000020c4   0x00000038   Code   RO         1667    i.DS18B20_WriteScratchpad  ds18b20.o
    0x000020fc   0x000020fc   0x00000002   Code   RO          239    i.ETHERNET_IRQHandler  interrupts.o
    0x000020fe   0x000020fe   0x00000002   Code   RO          240    i.EXT_INT1_IRQHandler  interrupts.o
    0x00002100   0x00002100   0x00000002   Code   RO          241    i.EXT_INT2_IRQHandler  interrupts.o
    0x00002102   0x00002102   0x00000002   Code   RO          242    i.EXT_INT3_IRQHandler  interrupts.o
    0x00002104   0x00002104   0x00000002   Code   RO          243    i.EXT_INT4_IRQHandler  interrupts.o
    0x00002106   0x00002106   0x0000007a   Code   RO         1668    i.ExecuteCommand    ds18b20.o
    0x00002180   0x00002180   0x00000010   Code   RO         2908    i.GetRecipePageAddress  recipe_manager.o
    0x00002190   0x00002190   0x00000028   Code   RO         3097    i.HAL_SPI_Receive   w25qxx.o
    0x000021b8   0x000021b8   0x0000007c   Code   RO         1099    i.HAL_UART_Receive  mdr32_uart.o
    0x00002234   0x00002234   0x000000a6   Code   RO         1100    i.HAL_UART_Transmit  mdr32_uart.o
    0x000022da   0x000022da   0x00000002   PAD
    0x000022dc   0x000022dc   0x0000007c   Code   RO          602    i.HC595_Init        hc595.o
    0x00002358   0x00002358   0x00000098   Code   RO          603    i.HC595_SendByte    hc595.o
    0x000023f0   0x000023f0   0x00000004   Code   RO          244    i.HardFault_Handler  interrupts.o
    0x000023f4   0x000023f4   0x00000044   Code   RO          469    i.I2Csft_GetAdrReg  i2c_soft.o
    0x00002438   0x00002438   0x0000003a   Code   RO          470    i.I2Csft_Init       i2c_soft.o
    0x00002472   0x00002472   0x0000015c   Code   RO          471    i.I2Csft_ReadByte   i2c_soft.o
    0x000025ce   0x000025ce   0x0000009c   Code   RO          472    i.I2Csft_Restart    i2c_soft.o
    0x0000266a   0x0000266a   0x00000032   Code   RO          473    i.I2Csft_SendAdrReg  i2c_soft.o
    0x0000269c   0x0000269c   0x0000012a   Code   RO          474    i.I2Csft_SendByte   i2c_soft.o
    0x000027c6   0x000027c6   0x00000002   PAD
    0x000027c8   0x000027c8   0x00000024   Code   RO          475    i.I2Csft_Settings   i2c_soft.o
    0x000027ec   0x000027ec   0x00000072   Code   RO          476    i.I2Csft_Start      i2c_soft.o
    0x0000285e   0x0000285e   0x00000060   Code   RO          477    i.I2Csft_Stop       i2c_soft.o
    0x000028be   0x000028be   0x0000000c   Code   RO          478    i.I2Csft_Wait       i2c_soft.o
    0x000028ca   0x000028ca   0x00000010   Code   RO         1854    i.MENU_Exec         menu.o
    0x000028da   0x000028da   0x00000002   PAD
    0x000028dc   0x000028dc   0x0000001c   Code   RO         1855    i.MENU_Init         menu.o
    0x000028f8   0x000028f8   0x00000058   Code   RO         1856    i.MENU_Move         menu.o
    0x00002950   0x00002950   0x00000078   Code   RO         1857    i.MENU_PrintPage    menu.o
    0x000029c8   0x000029c8   0x00000048   Code   RO         1858    i.MENU_PrintPtr     menu.o
    0x00002a10   0x00002a10   0x00000002   Code   RO          245    i.MIL_STD_1553B1_IRQHandler  interrupts.o
    0x00002a12   0x00002a12   0x00000002   Code   RO          246    i.MIL_STD_1553B2_IRQHandler  interrupts.o
    0x00002a14   0x00002a14   0x00000002   Code   RO          247    i.NMI_Handler       interrupts.o
    0x00002a16   0x00002a16   0x00000002   PAD
    0x00002a18   0x00002a18   0x00000014   Code   RO          807    i.NVIC_EnableIRQ    hal.o
    0x00002a2c   0x00002a2c   0x00000008   Code   RO         1744    i.OneWire_Init      onewire.o
    0x00002a34   0x00002a34   0x00000128   Code   RO         1104    i.OneWire_InitUart  mdr32_uart.o
    0x00002b5c   0x00002b5c   0x00000034   Code   RO         1745    i.OneWire_ProcessBit  onewire.o
    0x00002b90   0x00002b90   0x00000042   Code   RO         1746    i.OneWire_ProcessByte  onewire.o
    0x00002bd2   0x00002bd2   0x00000052   Code   RO         1747    i.OneWire_Reset     onewire.o
    0x00002c24   0x00002c24   0x00000140   Code   RO          543    i.PIO_Init_Pin      mdr32_inout.o
    0x00002d64   0x00002d64   0x00000010   Code   RO          544    i.PIO_ReadInputDataBit  mdr32_inout.o
    0x00002d74   0x00002d74   0x00000010   Code   RO          545    i.PIO_ResetBits     mdr32_inout.o
    0x00002d84   0x00002d84   0x00000010   Code   RO          546    i.PIO_SetBits       mdr32_inout.o
    0x00002d94   0x00002d94   0x00000104   Code   RO         3820    i.PORT_Init         mdr32fxqi_port.o
    0x00002e98   0x00002e98   0x00000012   Code   RO         3822    i.PORT_ReadInputDataBit  mdr32fxqi_port.o
    0x00002eaa   0x00002eaa   0x00000004   Code   RO         3823    i.PORT_ResetBits    mdr32fxqi_port.o
    0x00002eae   0x00002eae   0x00000004   Code   RO         3824    i.PORT_SetBits      mdr32fxqi_port.o
    0x00002eb2   0x00002eb2   0x0000001c   Code   RO         3825    i.PORT_StructInit   mdr32fxqi_port.o
    0x00002ece   0x00002ece   0x0000000c   Code   RO         3827    i.PORT_WriteBit     mdr32fxqi_port.o
    0x00002eda   0x00002eda   0x00000002   Code   RO          248    i.POWER_IRQHandler  interrupts.o
    0x00002edc   0x00002edc   0x00000002   Code   RO          249    i.PendSV_Handler    interrupts.o
    0x00002ede   0x00002ede   0x00000002   PAD
    0x00002ee0   0x00002ee0   0x00000090   Code   RO          548    i.PinInit_IN        mdr32_inout.o
    0x00002f70   0x00002f70   0x00000024   Code   RO         3890    i.RST_CLK_CPU_PLLcmd  mdr32fxqi_rst_clk.o
    0x00002f94   0x00002f94   0x00000054   Code   RO         3891    i.RST_CLK_CPU_PLLconfig  mdr32fxqi_rst_clk.o
    0x00002fe8   0x00002fe8   0x00000038   Code   RO         3892    i.RST_CLK_CPU_PLLstatus  mdr32fxqi_rst_clk.o
    0x00003020   0x00003020   0x00000024   Code   RO         3893    i.RST_CLK_CPU_PLLuse  mdr32fxqi_rst_clk.o
    0x00003044   0x00003044   0x0000001c   Code   RO         3894    i.RST_CLK_CPUclkPrescaler  mdr32fxqi_rst_clk.o
    0x00003060   0x00003060   0x00000020   Code   RO         3895    i.RST_CLK_CPUclkSelection  mdr32fxqi_rst_clk.o
    0x00003080   0x00003080   0x0000008c   Code   RO         3900    i.RST_CLK_DeInit    mdr32fxqi_rst_clk.o
    0x0000310c   0x0000310c   0x000001fc   Code   RO         3901    i.RST_CLK_GetClocksFreq  mdr32fxqi_rst_clk.o
    0x00003308   0x00003308   0x00000034   Code   RO         3902    i.RST_CLK_GetFlagStatus  mdr32fxqi_rst_clk.o
    0x0000333c   0x0000333c   0x0000003c   Code   RO         3906    i.RST_CLK_HSEconfig  mdr32fxqi_rst_clk.o
    0x00003378   0x00003378   0x00000038   Code   RO         3907    i.RST_CLK_HSEstatus  mdr32fxqi_rst_clk.o
    0x000033b0   0x000033b0   0x00000028   Code   RO         3910    i.RST_CLK_HSIcmd    mdr32fxqi_rst_clk.o
    0x000033d8   0x000033d8   0x00000038   Code   RO         3911    i.RST_CLK_HSIstatus  mdr32fxqi_rst_clk.o
    0x00003410   0x00003410   0x00000020   Code   RO         3917    i.RST_CLK_PCLKcmd   mdr32fxqi_rst_clk.o
    0x00003430   0x00003430   0x00000034   Code   RO         3926    i.RST_CLK_WarmDeInit  mdr32fxqi_rst_clk.o
    0x00003464   0x00003464   0x0000000c   Code   RO         2910    i.Recipe_GetCount   recipe_manager.o
    0x00003470   0x00003470   0x000000a8   Code   RO         2914    i.Recipe_GetNames   recipe_manager.o
    0x00003518   0x00003518   0x00000060   Code   RO         2916    i.Recipe_ReadFromFlash  recipe_manager.o
    0x00003578   0x00003578   0x00000084   Code   RO         2919    i.Recipe_StorageInit  recipe_manager.o
    0x000035fc   0x000035fc   0x00000026   Code   RO         3330    i.SPI_transmit      w25qxx_spi.o
    0x00003622   0x00003622   0x00000002   Code   RO          250    i.SSP1_IRQHandler   interrupts.o
    0x00003624   0x00003624   0x00000002   Code   RO          251    i.SSP2_IRQHandler   interrupts.o
    0x00003626   0x00003626   0x00000002   Code   RO          252    i.SSP3_IRQHandler   interrupts.o
    0x00003628   0x00003628   0x0000006c   Code   RO         4141    i.SSP_BRGInit       mdr32fxqi_ssp.o
    0x00003694   0x00003694   0x0000001c   Code   RO         4143    i.SSP_Cmd           mdr32fxqi_ssp.o
    0x000036b0   0x000036b0   0x00000012   Code   RO         4145    i.SSP_DeInit        mdr32fxqi_ssp.o
    0x000036c2   0x000036c2   0x00000012   Code   RO         4146    i.SSP_GetFlagStatus  mdr32fxqi_ssp.o
    0x000036d4   0x000036d4   0x00000026   Code   RO         4150    i.SSP_Init          mdr32fxqi_ssp.o
    0x000036fa   0x000036fa   0x00000008   Code   RO         4151    i.SSP_ReceiveData   mdr32fxqi_ssp.o
    0x00003702   0x00003702   0x00000004   Code   RO         4152    i.SSP_SendData      mdr32fxqi_ssp.o
    0x00003706   0x00003706   0x0000001c   Code   RO         4153    i.SSP_StructInit    mdr32fxqi_ssp.o
    0x00003722   0x00003722   0x00000042   Code   RO         1292    i.ST7567_FB_align_text  st7567_fb.o
    0x00003764   0x00003764   0x00000020   Code   RO         1294    i.ST7567_FB_charWidth  st7567_fb.o
    0x00003784   0x00003784   0x0000001e   Code   RO         1295    i.ST7567_FB_clerBitmap  st7567_fb.o
    0x000037a2   0x000037a2   0x00000002   PAD
    0x000037a4   0x000037a4   0x00000014   Code   RO         1296    i.ST7567_FB_cls     st7567_fb.o
    0x000037b8   0x000037b8   0x00000058   Code   RO         1299    i.ST7567_FB_display  st7567_fb.o
    0x00003810   0x00003810   0x0000002c   Code   RO         1302    i.ST7567_FB_displayOn  st7567_fb.o
    0x0000383c   0x0000383c   0x00000028   Code   RO         1303    i.ST7567_FB_drawBitmap  st7567_fb.o
    0x00003864   0x00003864   0x0000003c   Code   RO         1306    i.ST7567_FB_drawLineH  st7567_fb.o
    0x000038a0   0x000038a0   0x000000d0   Code   RO         1312    i.ST7567_FB_drawPixel  st7567_fb.o
    0x00003970   0x00003970   0x0000005a   Code   RO         1318    i.ST7567_FB_fillRect  st7567_fb.o
    0x000039ca   0x000039ca   0x00000002   PAD
    0x000039cc   0x000039cc   0x00000038   Code   RO         1323    i.ST7567_FB_gotoXY  st7567_fb.o
    0x00003a04   0x00003a04   0x00000030   Code   RO         1325    i.ST7567_FB_initCmds  st7567_fb.o
    0x00003a34   0x00003a34   0x00000218   Code   RO         1331    i.ST7567_FB_printText  st7567_fb.o
    0x00003c4c   0x00003c4c   0x00000028   Code   RO         1333    i.ST7567_FB_setContrast  st7567_fb.o
    0x00003c74   0x00003c74   0x00000020   Code   RO         1335    i.ST7567_FB_setFont  st7567_fb.o
    0x00003c94   0x00003c94   0x0000004c   Code   RO         1338    i.ST7567_FB_setRotation  st7567_fb.o
    0x00003ce0   0x00003ce0   0x00000050   Code   RO         1341    i.ST7567_FB_strWidth  st7567_fb.o
    0x00003d30   0x00003d30   0x00000002   Code   RO          253    i.SVC_Handler       interrupts.o
    0x00003d32   0x00003d32   0x00000002   PAD
    0x00003d34   0x00003d34   0x00000078   Code   RO         1105    i.SetBaudrate       mdr32_uart.o
    0x00003dac   0x00003dac   0x00000050   Code   RO         2806    i.StateMachine_Process  state_machine.o
    0x00003dfc   0x00003dfc   0x0000002c   Code   RO         2807    i.StateMachine_ProcessBoiling  state_machine.o
    0x00003e28   0x00003e28   0x0000002c   Code   RO         3019    i.StateMachine_ProcessBoilingLoaded  state_machineloaded.o
    0x00003e54   0x00003e54   0x00000070   Code   RO         2808    i.StateMachine_ProcessCooling  state_machine.o
    0x00003ec4   0x00003ec4   0x00000070   Code   RO         3020    i.StateMachine_ProcessCoolingLoaded  state_machineloaded.o
    0x00003f34   0x00003f34   0x00000068   Code   RO         2809    i.StateMachine_ProcessFermenting  state_machine.o
    0x00003f9c   0x00003f9c   0x00000068   Code   RO         3021    i.StateMachine_ProcessFermentingLoaded  state_machineloaded.o
    0x00004004   0x00004004   0x00000028   Code   RO         2810    i.StateMachine_ProcessLautering  state_machine.o
    0x0000402c   0x0000402c   0x00000028   Code   RO         3022    i.StateMachine_ProcessLauteringLoaded  state_machineloaded.o
    0x00004054   0x00004054   0x00000074   Code   RO         2811    i.StateMachine_ProcessMashing  state_machine.o
    0x000040c8   0x000040c8   0x00000074   Code   RO         3023    i.StateMachine_ProcessMashingLoaded  state_machineloaded.o
    0x0000413c   0x0000413c   0x00000050   Code   RO         3024    i.StateMachine_Process_Loaded  state_machineloaded.o
    0x0000418c   0x0000418c   0x0000000c   Code   RO         2812    i.StateMachine_Process_Start  state_machine.o
    0x00004198   0x00004198   0x0000000c   Code   RO         3025    i.StateMachine_Process_Start_Loaded  state_machineloaded.o
    0x000041a4   0x000041a4   0x00000014   Code   RO         2813    i.StateMachine_Process_Stop  state_machine.o
    0x000041b8   0x000041b8   0x00000014   Code   RO         3026    i.StateMachine_Process_Stop_Loaded  state_machineloaded.o
    0x000041cc   0x000041cc   0x00000002   Code   RO          254    i.SysTick_Handler   interrupts.o
    0x000041ce   0x000041ce   0x00000002   PAD
    0x000041d0   0x000041d0   0x0000009c   Code   RO         3592    i.SystemCoreClockUpdate  system_k1986ve1xi.o
    0x0000426c   0x0000426c   0x000000cc   Code   RO         3593    i.SystemInit        system_k1986ve1xi.o
    0x00004338   0x00004338   0x00000050   Code   RO          255    i.TIMER1_IRQHandler  interrupts.o
    0x00004388   0x00004388   0x00000054   Code   RO          256    i.TIMER2_IRQHandler  interrupts.o
    0x000043dc   0x000043dc   0x00000002   Code   RO          257    i.TIMER3_IRQHandler  interrupts.o
    0x000043de   0x000043de   0x00000002   Code   RO          258    i.TIMER4_IRQHandler  interrupts.o
    0x000043e0   0x000043e0   0x000000a4   Code   RO         4233    i.TIMER_BRGInit     mdr32fxqi_timer.o
    0x00004484   0x00004484   0x00000006   Code   RO         4260    i.TIMER_ClearFlag   mdr32fxqi_timer.o
    0x0000448a   0x0000448a   0x00000016   Code   RO         4261    i.TIMER_Cmd         mdr32fxqi_timer.o
    0x000044a0   0x000044a0   0x0000003a   Code   RO         4264    i.TIMER_CntInit     mdr32fxqi_timer.o
    0x000044da   0x000044da   0x00000056   Code   RO         4268    i.TIMER_DeInit      mdr32fxqi_timer.o
    0x00004530   0x00004530   0x0000001a   Code   RO         4284    i.TIMER_GetITStatus  mdr32fxqi_timer.o
    0x0000454a   0x0000454a   0x0000001c   Code   RO         4286    i.TIMER_ITConfig    mdr32fxqi_timer.o
    0x00004566   0x00004566   0x00000002   Code   RO          259    i.UART1_IRQHandler  interrupts.o
    0x00004568   0x00004568   0x0000009c   Code   RO          260    i.UART2_IRQHandler  interrupts.o
    0x00004604   0x00004604   0x0000004c   Code   RO         4607    i.UART_BRGInit      mdr32fxqi_uart.o
    0x00004650   0x00004650   0x00000004   Code   RO         4609    i.UART_ClearITPendingBit  mdr32fxqi_uart.o
    0x00004654   0x00004654   0x0000001c   Code   RO         4610    i.UART_Cmd          mdr32fxqi_uart.o
    0x00004670   0x00004670   0x0000002c   Code   RO         4613    i.UART_DeInit       mdr32fxqi_uart.o
    0x0000469c   0x0000469c   0x00000012   Code   RO         4614    i.UART_GetFlagStatus  mdr32fxqi_uart.o
    0x000046ae   0x000046ae   0x00000012   Code   RO         4615    i.UART_GetITStatus  mdr32fxqi_uart.o
    0x000046c0   0x000046c0   0x00000014   Code   RO         4617    i.UART_ITConfig     mdr32fxqi_uart.o
    0x000046d4   0x000046d4   0x000000c8   Code   RO         4618    i.UART_Init         mdr32fxqi_uart.o
    0x0000479c   0x0000479c   0x00000008   Code   RO         4621    i.UART_ReceiveData  mdr32fxqi_uart.o
    0x000047a4   0x000047a4   0x00000004   Code   RO         4622    i.UART_SendData     mdr32fxqi_uart.o
    0x000047a8   0x000047a8   0x0000001a   Code   RO         4623    i.UART_StructInit   mdr32fxqi_uart.o
    0x000047c2   0x000047c2   0x00000002   PAD
    0x000047c4   0x000047c4   0x00000014   Code   RO          808    i.UART_TxBuffer_Init  hal.o
    0x000047d8   0x000047d8   0x00000002   Code   RO          261    i.USB_IRQHandler    interrupts.o
    0x000047da   0x000047da   0x00000002   PAD
    0x000047dc   0x000047dc   0x0000014c   Code   RO         3103    i.W25qxx_Init       w25qxx.o
    0x00004928   0x00004928   0x00000178   Code   RO         3105    i.W25qxx_IsEmptyPage  w25qxx.o
    0x00004aa0   0x00004aa0   0x00000050   Code   RO         3112    i.W25qxx_ReadID     w25qxx.o
    0x00004af0   0x00004af0   0x000000c4   Code   RO         3113    i.W25qxx_ReadPage   w25qxx.o
    0x00004bb4   0x00004bb4   0x00000068   Code   RO         3115    i.W25qxx_ReadStatusRegister  w25qxx.o
    0x00004c1c   0x00004c1c   0x00000050   Code   RO         3116    i.W25qxx_ReadUniqID  w25qxx.o
    0x00004c6c   0x00004c6c   0x0000000c   Code   RO         3118    i.W25qxx_SPI_DisableSS_m  w25qxx.o
    0x00004c78   0x00004c78   0x0000000c   Code   RO         3119    i.W25qxx_SPI_EnableSS_m  w25qxx.o
    0x00004c84   0x00004c84   0x00000008   Code   RO         3120    i.W25qxx_SPI_Init   w25qxx.o
    0x00004c8c   0x00004c8c   0x00000018   Code   RO         3122    i.W25qxx_SectorToPage  w25qxx.o
    0x00004ca4   0x00004ca4   0x00000018   Code   RO         3123    i.W25qxx_Spi        w25qxx.o
    0x00004cbc   0x00004cbc   0x00000002   Code   RO          262    i.WWDG_IRQHandler   interrupts.o
    0x00004cbe   0x00004cbe   0x00000020   Code   RO         1669    i.WaitForConversionFinished  ds18b20.o
    0x00004cde   0x00004cde   0x00000002   PAD
    0x00004ce0   0x00004ce0   0x000000c0   Code   RO          809    i.WiFi_uartInit     hal.o
    0x00004da0   0x00004da0   0x00000168   Code   RO         1343    i._ST7567_FB_clerBitmap  st7567_fb.o
    0x00004f08   0x00004f08   0x00000248   Code   RO         1344    i._ST7567_FB_drawBitmap  st7567_fb.o
    0x00005150   0x00005150   0x00000030   Code   RO         5097    i.__ARM_common_ll_muluu  c_p.l(btod.o)
    0x00005180   0x00005180   0x0000001c   Code   RO         2559    i.__ARM_common_switch8  menureceptshablon.o
    0x0000519c   0x0000519c   0x0000002c   Code   RO         5137    i.__ARM_fpclassify  m_ps.l(fpclassify.o)
    0x000051c8   0x000051c8   0x0000000e   Code   RO         4873    i._is_digit         c_p.l(__printf_wp.o)
    0x000051d6   0x000051d6   0x00000026   Code   RO         1791    i.allMenuTextClear  mainpage.o
    0x000051fc   0x000051fc   0x00000030   Code   RO          811    i.beep              hal.o
    0x0000522c   0x0000522c   0x0000005c   Code   RO         2250    i.cahageWiFiState   menusetting.o
    0x00005288   0x00005288   0x0000005c   Code   RO         2251    i.changeBtState     menusetting.o
    0x000052e4   0x000052e4   0x00000044   Code   RO         2252    i.changeMuteState   menusetting.o
    0x00005328   0x00005328   0x000001bc   Code   RO         2324    i.changeReceptValueTemperature  menureceptcontrol.o
    0x000054e4   0x000054e4   0x000001bc   Code   RO         2570    i.changeReceptValueTemperatureLoaded  menureceptloaded.o
    0x000056a0   0x000056a0   0x00000358   Code   RO         2325    i.changeReceptValueTime  menureceptcontrol.o
    0x000059f8   0x000059f8   0x00000358   Code   RO         2571    i.changeReceptValueTimeLoaded  menureceptloaded.o
    0x00005d50   0x00005d50   0x000001bc   Code   RO         2456    i.changeValue       menureceptshablon.o
    0x00005f0c   0x00005f0c   0x000001c0   Code   RO         2253    i.changeValueTime   menusetting.o
    0x000060cc   0x000060cc   0x00000358   Code   RO         2457    i.changeValueTime   menureceptshablon.o
    0x00006424   0x00006424   0x00000078   Code   RO         2767    i.checkSlider       slider.o
    0x0000649c   0x0000649c   0x00000014   Code   RO          812    i.collOff           hal.o
    0x000064b0   0x000064b0   0x00000050   Code   RO         1862    i.configureMenuButtons  menu.o
    0x00006500   0x00006500   0x00000110   Code   RO         3440    i.convertToJSON     json.o
    0x00006610   0x00006610   0x00000014   Code   RO          180    i.delay_ms          delay.o
    0x00006624   0x00006624   0x00000064   Code   RO         2081    i.disinfection      menuclearing.o
    0x00006688   0x00006688   0x0000001c   Code   RO         2082    i.disinfectionProcessSkip  menuclearing.o
    0x000066a4   0x000066a4   0x00000070   Code   RO         2083    i.disinfectionProcessStart  menuclearing.o
    0x00006714   0x00006714   0x00000058   Code   RO         2084    i.displayTimeRemaining  menuclearing.o
    0x0000676c   0x0000676c   0x0000000c   Code   RO         3356    i.flashInit         flashcontroller.o
    0x00006778   0x00006778   0x00000002   Code   RO          817    i.functionNull      hal.o
    0x0000677a   0x0000677a   0x00000002   PAD
    0x0000677c   0x0000677c   0x0000000c   Code   RO          181    i.getGlobalTime     delay.o
    0x00006788   0x00006788   0x00000030   Code   RO         2460    i.getTemperatureStr  menureceptshablon.o
    0x000067b8   0x000067b8   0x00000034   Code   RO         2461    i.getTimerStr       menureceptshablon.o
    0x000067ec   0x000067ec   0x0000000c   Code   RO         1012    i.get_temperature   pid.o
    0x000067f8   0x000067f8   0x00000010   Code   RO          818    i.heatOff           hal.o
    0x00006808   0x00006808   0x00000010   Code   RO          819    i.heatOn            hal.o
    0x00006818   0x00006818   0x0000006c   Code   RO          820    i.initBuzerTimer    hal.o
    0x00006884   0x00006884   0x00000030   Code   RO          821    i.initBuzzer        hal.o
    0x000068b4   0x000068b4   0x00000064   Code   RO          822    i.initCLK           hal.o
    0x00006918   0x00006918   0x000000fc   Code   RO          823    i.initDevice        hal.o
    0x00006a14   0x00006a14   0x00000034   Code   RO          824    i.initLCDLed        hal.o
    0x00006a48   0x00006a48   0x0000006c   Code   RO          825    i.initMainTimer     hal.o
    0x00006ab4   0x00006ab4   0x00000010   Code   RO         1792    i.initMenuMainPage  mainpage.o
    0x00006ac4   0x00006ac4   0x00000030   Code   RO          826    i.initRelay         hal.o
    0x00006af4   0x00006af4   0x00000028   Code   RO          827    i.initResetPin      hal.o
    0x00006b1c   0x00006b1c   0x00000090   Code   RO          828    i.initSPI           hal.o
    0x00006bac   0x00006bac   0x0000020c   Code   RO            3    i.main              main.o
    0x00006db8   0x00006db8   0x00000020   Code   RO         2462    i.menuChangeDataFunctionTemp  menureceptshablon.o
    0x00006dd8   0x00006dd8   0x00000018   Code   RO         2326    i.menuChangeDataFunctionTempRecepte  menureceptcontrol.o
    0x00006df0   0x00006df0   0x00000018   Code   RO         2572    i.menuChangeDataFunctionTempRecepteLoaded  menureceptloaded.o
    0x00006e08   0x00006e08   0x00000020   Code   RO         2463    i.menuChangeDataFunctionTimer  menureceptshablon.o
    0x00006e28   0x00006e28   0x00000018   Code   RO         2327    i.menuChangeDataFunctionTimerRecepte  menureceptcontrol.o
    0x00006e40   0x00006e40   0x00000018   Code   RO         2573    i.menuChangeDataFunctionTimerRecepteLoaded  menureceptloaded.o
    0x00006e58   0x00006e58   0x00000020   Code   RO         2254    i.menuChangeTimeFunctionTime  menusetting.o
    0x00006e78   0x00006e78   0x0000001c   Code   RO         2255    i.menuChangeTimesetButtonNavigationFunction  menusetting.o
    0x00006e94   0x00006e94   0x000000b0   Code   RO         1864    i.menuNavigation    menu.o
    0x00006f44   0x00006f44   0x0000002c   Code   RO            4    i.menuNavigationFunction  main.o
    0x00006f70   0x00006f70   0x00000054   Code   RO         2256    i.menuSetTimeOK     menusetting.o
    0x00006fc4   0x00006fc4   0x0000000c   Code   RO          183    i.millis            delay.o
    0x00006fd0   0x00006fd0   0x0000002e   Code   RO         2702    i.mpr121_get_touch  mpr121.o
    0x00006ffe   0x00006ffe   0x00000002   PAD
    0x00007000   0x00007000   0x00000188   Code   RO         2703    i.mpr121_init       mpr121.o
    0x00007188   0x00007188   0x00000020   Code   RO         1013    i.myFabs            pid.o
    0x000071a8   0x000071a8   0x00000012   Code   RO         3444    i.my_memset         json.o
    0x000071ba   0x000071ba   0x00000002   PAD
    0x000071bc   0x000071bc   0x00000010   Code   RO          829    i.nasosOff          hal.o
    0x000071cc   0x000071cc   0x00000010   Code   RO          830    i.nasosOn           hal.o
    0x000071dc   0x000071dc   0x00000028   Code   RO         1014    i.pid_Off           pid.o
    0x00007204   0x00007204   0x0000011c   Code   RO         1015    i.pid_compute       pid.o
    0x00007320   0x00007320   0x00000050   Code   RO         1016    i.pid_init          pid.o
    0x00007370   0x00007370   0x000001bc   Code   RO         1017    i.pid_relay_control  pid.o
    0x0000752c   0x0000752c   0x00000004   Code   RO         1019    i.pid_set_setpoint  pid.o
    0x00007530   0x00007530   0x000000a8   Code   RO         2257    i.printChangeTime   menusetting.o
    0x000075d8   0x000075d8   0x00000014   Code   RO         2328    i.printInsRecept    menureceptcontrol.o
    0x000075ec   0x000075ec   0x00000300   Code   RO         1793    i.printMainPage     mainpage.o
    0x000078ec   0x000078ec   0x00000068   Code   RO         2085    i.printMenuClearingState_1  menuclearing.o
    0x00007954   0x00007954   0x0000005c   Code   RO         2206    i.printMenuManualControl  menumanualcontrol.o
    0x000079b0   0x000079b0   0x0000005c   Code   RO         2020    i.printMenuReceptInt  menurecept.o
    0x00007a0c   0x00007a0c   0x0000016c   Code   RO         2021    i.printMenuReceptLoaded  menurecept.o
    0x00007b78   0x00007b78   0x0000005c   Code   RO         2022    i.printMenuReceptMain  menurecept.o
    0x00007bd4   0x00007bd4   0x0000006c   Code   RO         2258    i.printMenuSetting  menusetting.o
    0x00007c40   0x00007c40   0x00000014   Code   RO         2575    i.printReceptLoaded  menureceptloaded.o
    0x00007c54   0x00007c54   0x00000100   Code   RO         2464    i.printShablon      menureceptshablon.o
    0x00007d54   0x00007d54   0x00000068   Code   RO         2207    i.printShablonManalControl  menumanualcontrol.o
    0x00007dbc   0x00007dbc   0x000000f4   Code   RO         2330    i.printShablonRecepte  menureceptcontrol.o
    0x00007eb0   0x00007eb0   0x000000f4   Code   RO         2576    i.printShablonRecepteLoaded  menureceptloaded.o
    0x00007fa4   0x00007fa4   0x0000001c   Code   RO          831    i.printTempSensorError  hal.o
    0x00007fc0   0x00007fc0   0x00000054   Code   RO         1203    i.readTemperature   tempsensor.o
    0x00008014   0x00008014   0x0000001c   Code   RO         2704    i.read_register     mpr121.o
    0x00008030   0x00008030   0x000001a8   Code   RO         2331    i.receptSetFunction  menureceptcontrol.o
    0x000081d8   0x000081d8   0x000001a8   Code   RO         2577    i.receptSetFunctionLoaded  menureceptloaded.o
    0x00008380   0x00008380   0x0000000c   Code   RO         2086    i.returnMenuClearingState_1  menuclearing.o
    0x0000838c   0x0000838c   0x0000006c   Code   RO         2087    i.rinsingProcess    menuclearing.o
    0x000083f8   0x000083f8   0x00000008   Code   RO         2088    i.rinsingProcessSkip  menuclearing.o
    0x00008400   0x00008400   0x00000064   Code   RO         2089    i.rinsingProcessStart  menuclearing.o
    0x00008464   0x00008464   0x00000018   Code   RO         1345    i.sendCmd           st7567_fb.o
    0x0000847c   0x0000847c   0x00000038   Code   RO         1347    i.sendSPI           st7567_fb.o
    0x000084b4   0x000084b4   0x00000060   Code   RO          833    i.sendStatus        hal.o
    0x00008514   0x00008514   0x0000001c   Code   RO         2465    i.setButtonNavigationToChangeValueTemp  menureceptshablon.o
    0x00008530   0x00008530   0x0000001c   Code   RO         2332    i.setButtonNavigationToChangeValueTempRecepte  menureceptcontrol.o
    0x0000854c   0x0000854c   0x0000001c   Code   RO         2578    i.setButtonNavigationToChangeValueTempRecepteLoaded  menureceptloaded.o
    0x00008568   0x00008568   0x0000001c   Code   RO         2466    i.setButtonNavigationToChangeValueTimer  menureceptshablon.o
    0x00008584   0x00008584   0x0000001c   Code   RO         2333    i.setButtonNavigationToChangeValueTimerRecepte  menureceptcontrol.o
    0x000085a0   0x000085a0   0x0000001c   Code   RO         2579    i.setButtonNavigationToChangeValueTimerRecepteLoaded  menureceptloaded.o
    0x000085bc   0x000085bc   0x0000000c   Code   RO          184    i.setGlobalTime     delay.o
    0x000085c8   0x000085c8   0x00000010   Code   RO         2467    i.setMenuNavigationToChangeValue  menureceptshablon.o
    0x000085d8   0x000085d8   0x00000010   Code   RO         2334    i.setMenuNavigationToChangeValueRecepte  menureceptcontrol.o
    0x000085e8   0x000085e8   0x00000010   Code   RO         2580    i.setMenuNavigationToChangeValueRecepteLoaded  menureceptloaded.o
    0x000085f8   0x000085f8   0x00000024   Code   RO         1020    i.set_cooler        pid.o
    0x0000861c   0x0000861c   0x00000020   Code   RO         1021    i.set_heater        pid.o
    0x0000863c   0x0000863c   0x00000020   Code   RO         1022    i.set_pump          pid.o
    0x0000865c   0x0000865c   0x00000130   Code   RO         2468    i.shablonExecute    menureceptshablon.o
    0x0000878c   0x0000878c   0x00000044   Code   RO         2469    i.shablonPrintCurrentData  menureceptshablon.o
    0x000087d0   0x000087d0   0x000000f8   Code   RO         2470    i.shablonSetFunction  menureceptshablon.o
    0x000088c8   0x000088c8   0x000000f0   Code   RO         2336    i.shablonSetFunctionAutoResnart  menureceptcontrol.o
    0x000089b8   0x000089b8   0x000000f0   Code   RO         2582    i.shablonSetFunctionAutoResnartLoaded  menureceptloaded.o
    0x00008aa8   0x00008aa8   0x000000bc   Code   RO         2337    i.shablonSetFunctionBoilingAutoResnart  menureceptcontrol.o
    0x00008b64   0x00008b64   0x000000bc   Code   RO         2583    i.shablonSetFunctionBoilingAutoResnartLoaded  menureceptloaded.o
    0x00008c20   0x00008c20   0x000000ac   Code   RO         2338    i.shablonSetFunctionCoolingAutoResnart  menureceptcontrol.o
    0x00008ccc   0x00008ccc   0x000000ac   Code   RO         2584    i.shablonSetFunctionCoolingAutoResnartLoaded  menureceptloaded.o
    0x00008d78   0x00008d78   0x000000b8   Code   RO         2339    i.shablonSetFunctionFermentingAutoResnart  menureceptcontrol.o
    0x00008e30   0x00008e30   0x000000b8   Code   RO         2585    i.shablonSetFunctionFermentingAutoResnartLoaded  menureceptloaded.o
    0x00008ee8   0x00008ee8   0x00000094   Code   RO         2340    i.shablonSetFunctionFilnrationAutoResnart  menureceptcontrol.o
    0x00008f7c   0x00008f7c   0x00000094   Code   RO         2586    i.shablonSetFunctionFilnrationAutoResnartLoaded  menureceptloaded.o
    0x00009010   0x00009010   0x0000006c   Code   RO         2341    i.startRecepteProcess  menureceptcontrol.o
    0x0000907c   0x0000907c   0x00000034   Code   RO         2587    i.startRecepteProcessLoaded  menureceptloaded.o
    0x000090b0   0x000090b0   0x0000013c   Code   RO         2814    i.stateMahineReceptTimer  state_machine.o
    0x000091ec   0x000091ec   0x0000013c   Code   RO         3027    i.stateMahineReceptTimerLoaded  state_machineloaded.o
    0x00009328   0x00009328   0x00000080   Code   RO         2342    i.stopProcess       menureceptcontrol.o
    0x000093a8   0x000093a8   0x00000028   Code   RO         2090    i.supportWoshingTemperature  menuclearing.o
    0x000093d0   0x000093d0   0x0000008c   Code   RO         2815    i.switchStadge      state_machine.o
    0x0000945c   0x0000945c   0x00000080   Code   RO         1204    i.tempSensorInit    tempsensor.o
    0x000094dc   0x000094dc   0x00000070   Code   RO         2091    i.transitionToCompletionMenu  menuclearing.o
    0x0000954c   0x0000954c   0x00000070   Code   RO         2092    i.transitionToDisinfectionMenu  menuclearing.o
    0x000095bc   0x000095bc   0x00000078   Code   RO         2093    i.transitionToRinsingMenu  menuclearing.o
    0x00009634   0x00009634   0x00000022   Code   RO         3459    i.uart_parser_init  json.o
    0x00009656   0x00009656   0x00000002   PAD
    0x00009658   0x00009658   0x00000054   Code   RO         3460    i.uart_receive_byte  json.o
    0x000096ac   0x000096ac   0x00000078   Code   RO         3331    i.w25qxx_spi_Init   w25qxx_spi.o
    0x00009724   0x00009724   0x00000030   Code   RO         2094    i.woshingCancel     menuclearing.o
    0x00009754   0x00009754   0x00000008   Code   RO         2095    i.woshingComplite   menuclearing.o
    0x0000975c   0x0000975c   0x00000070   Code   RO         2096    i.woshingProcess    menuclearing.o
    0x000097cc   0x000097cc   0x00000078   Code   RO         2097    i.woshingProcessStart  menuclearing.o
    0x00009844   0x00009844   0x00000008   Code   RO         2098    i.woshingSkip       menuclearing.o
    0x0000984c   0x0000984c   0x0000001c   Code   RO         2705    i.write_register    mpr121.o
    0x00009868   0x00009868   0x0000002c   Code   RO         5114    locale$$code        c_p.l(lc_numeric_c.o)
    0x00009894   0x00009894   0x0000008c   Code   RO         4918    x$fpl$fadd          fz_ps.l(faddsub.o)
    0x00009920   0x00009920   0x00000054   Code   RO         4927    x$fpl$feqf          fz_ps.l(feqf.o)
    0x00009974   0x00009974   0x00000054   Code   RO         4931    x$fpl$fleqf         fz_ps.l(flef.o)
    0x000099c8   0x000099c8   0x000000b0   Code   RO         4933    x$fpl$fmul          fz_ps.l(fmul.o)
    0x00009a78   0x00009a78   0x00000058   Code   RO         4935    x$fpl$frleqf        fz_ps.l(frlef.o)
    0x00009ad0   0x00009ad0   0x000000d0   Code   RO         4920    x$fpl$fsub          fz_ps.l(faddsub.o)
    0x00009ba0   0x00009ba0   0x00000010   Code   RO         4937    x$fpl$printf1       fz_ps.l(printf1.o)
    0x00009bb0   0x00009bb0   0x00000000   Code   RO         5055    x$fpl$usenofp       fz_ps.l(usenofp.o)
    0x00009bb0   0x00009bb0   0x000002d6   Data   RO         1232    .constdata          grapf.o
    0x00009e86   0x00009e86   0x00000002   PAD
    0x00009e88   0x00009e88   0x00000ad4   Data   RO         1249    .constdata          microsoftsansserif_8ptfont.o
    0x0000a95c   0x0000a95c   0x0000004d   Data   RO         1349    .constdata          st7567_fb.o
    0x0000a9a9   0x0000a9a9   0x00000008   Data   RO         1873    .constdata          menu.o
    0x0000a9b1   0x0000a9b1   0x0000046f   Data   RO         2000    .constdata          mainfest.o
    0x0000ae20   0x0000ae20   0x000001b4   Data   RO         2792    .constdata          recept.o
    0x0000afd4   0x0000afd4   0x00000040   Data   RO         3594    .constdata          system_k1986ve1xi.o
    0x0000b014   0x0000b014   0x00000011   Data   RO         4876    .constdata          c_p.l(__printf_flags_wp.o)
    0x0000b025   0x0000b025   0x00000040   Data   RO         4925    .constdata          fz_ps.l(fdiv.o)
    0x0000b065   0x0000b065   0x00000003   PAD
    0x0000b068   0x0000b068   0x00000094   Data   RO         5093    .constdata          c_p.l(bigflt0.o)
    0x0000b0fc   0x0000b0fc   0x00000020   Data   RO         5283    Region$$Table       anon$$obj.o
    0x0000b11c   0x0000b11c   0x0000001c   Data   RO         5113    locale$$data        c_p.l(lc_numeric_c.o)


    Execution Region RW_IRAM1 (Exec base: 0x20000000, Load base: 0x0000b138, Size: 0x00003b70, Max: 0x00008000, ABSOLUTE, COMPRESSED[0x00000360])

    Exec Addr    Load Addr    Size         Type   Attr      Idx    E Section Name        Object

    0x20000000   COMPRESSED   0x00000079   Data   RW            7    .data               main.o
    0x20000079   COMPRESSED   0x00000003   PAD
    0x2000007c   COMPRESSED   0x0000000c   Data   RW          185    .data               delay.o
    0x20000088   COMPRESSED   0x00000003   Data   RW          263    .data               interrupts.o
    0x2000008b   COMPRESSED   0x00000001   Data   RW          606    .data               hc595.o
    0x2000008c   COMPRESSED   0x00000004   PAD
    0x20000090   COMPRESSED   0x0000001e   Data   RW          835    .data               hal.o
    0x200000ae   COMPRESSED   0x00000002   PAD
    0x200000b0   COMPRESSED   0x00000024   Data   RW         1024    .data               pid.o
    0x200000d4   COMPRESSED   0x0000000c   Data   RW         1205    .data               tempsensor.o
    0x200000e0   COMPRESSED   0x00000038   Data   RW         1350    .data               st7567_fb.o
    0x20000118   COMPRESSED   0x0000000f   Data   RW         1671    .data               ds18b20.o
    0x20000127   COMPRESSED   0x00000001   PAD
    0x20000128   COMPRESSED   0x00000091   Data   RW         1794    .data               mainpage.o
    0x200001b9   COMPRESSED   0x00000003   PAD
    0x200001bc   COMPRESSED   0x00000052   Data   RW         1874    .data               menu.o
    0x2000020e   COMPRESSED   0x00000002   PAD
    0x20000210   COMPRESSED   0x00000104   Data   RW         2026    .data               menurecept.o
    0x20000314   COMPRESSED   0x00000004   PAD
    0x20000318   COMPRESSED   0x00000030   Data   RW         2099    .data               menuclearing.o
    0x20000348   COMPRESSED   0x000000e4   Data   RW         2209    .data               menumanualcontrol.o
    0x2000042c   COMPRESSED   0x00000004   PAD
    0x20000430   COMPRESSED   0x00000146   Data   RW         2259    .data               menusetting.o
    0x20000576   COMPRESSED   0x00000002   PAD
    0x20000578   COMPRESSED   0x000000b8   Data   RW         2343    .data               menureceptcontrol.o
    0x20000630   COMPRESSED   0x00000148   Data   RW         2472    .data               menureceptshablon.o
    0x20000778   COMPRESSED   0x000000b8   Data   RW         2589    .data               menureceptloaded.o
    0x20000830   COMPRESSED   0x00000001   Data   RW         2768    .data               slider.o
    0x20000831   COMPRESSED   0x00000007   PAD
    0x20000838   COMPRESSED   0x00000030   Data   RW         2816    .data               state_machine.o
    0x20000868   COMPRESSED   0x00000085   Data   RW         2922    .data               recipe_manager.o
    0x200008ed   COMPRESSED   0x00000003   PAD
    0x200008f0   COMPRESSED   0x00000030   Data   RW         3028    .data               state_machineloaded.o
    0x20000920   COMPRESSED   0x00000004   Data   RW         3595    .data               system_k1986ve1xi.o
    0x20000924        -       0x00000176   Zero   RW          834    .bss                hal.o
    0x20000a9a   COMPRESSED   0x00000002   PAD
    0x20000a9c        -       0x00000030   Zero   RW         1023    .bss                pid.o
    0x20000acc        -       0x0000042d   Zero   RW         1112    .bss                mdr32_uart.o
    0x20000ef9   COMPRESSED   0x00000003   PAD
    0x20000efc        -       0x00000854   Zero   RW         1348    .bss                st7567_fb.o
    0x20001750        -       0x00000018   Zero   RW         1670    .bss                ds18b20.o
    0x20001768        -       0x00000038   Zero   RW         1872    .bss                menu.o
    0x200017a0        -       0x00000084   Zero   RW         2025    .bss                menurecept.o
    0x20001824        -       0x0000003c   Zero   RW         2471    .bss                menureceptshablon.o
    0x20001860        -       0x0000007b   Zero   RW         2921    .bss                recipe_manager.o
    0x200018db   COMPRESSED   0x00000001   PAD
    0x200018dc        -       0x00000028   Zero   RW         3132    .bss                w25qxx.o
    0x20001904        -       0x00000206   Zero   RW         3461    .bss                json.o
    0x20001b0a   COMPRESSED   0x00000002   PAD
    0x20001b0c        -       0x00000060   Zero   RW         5059    .bss                c_p.l(libspace.o)
    0x20001b6c   COMPRESSED   0x00000004   PAD
    0x20001b70        -       0x00001000   Zero   RW         3584    HEAP                startup_k1986ve1xi.o
    0x20002b70        -       0x00001000   Zero   RW         3583    STACK               startup_k1986ve1xi.o


    Execution Region RW_IRAM2 (Exec base: 0x20100000, Load base: 0x0000b498, Size: 0x00000000, Max: 0x00004000, ABSOLUTE)

    **** No section assigned to this execution region ****


==============================================================================

Image component sizes


      Code (inc. data)   RO Data    RW Data    ZI Data      Debug   Object Name

        56         22          0         12          0       2007   delay.o
       810         40          0         15         24       9587   ds18b20.o
        12          0          0          0          0        448   flashcontroller.o
         0          0        726          0          0       1661   grapf.o
      1390        164          0         30        374      14111   hal.o
       276         16          0          1          0       1966   hc595.o
      1236          4          0          0          0       6023   i2c_soft.o
       386         58          0          3          0      14579   interrupts.o
       408        130          0          0        518       3537   json.o
       568         66          0        121          0     140005   main.o
         0          0       1135          0          0       3266   mainfest.o
       822         60          0        145          0       5167   mainpage.o
       512         46          0          0          0       9373   mdr32_inout.o
       706         32          0          0       1069       4450   mdr32_uart.o
       326          4          0          0          0       4606   mdr32fxqi_port.o
      1268         78          0          0          0      11927   mdr32fxqi_rst_clk.o
       250         22          0          0          0       5266   mdr32fxqi_ssp.o
       390         22          0          0          0       5150   mdr32fxqi_timer.o
       446         36          0          0          0       8218   mdr32fxqi_uart.o
       580         68          8         82         56       7531   menu.o
      1340        358          0         48          0       9117   menuclearing.o
       196         70          0        228          0       5746   menumanualcontrol.o
       548        100          0        260        132       5555   menurecept.o
      3276        508          0        184          0      12019   menureceptcontrol.o
      3092        458          0        184          0      11598   menureceptloaded.o
      2440        356          0        328         60      10484   menureceptshablon.o
      1120        224          0        326          0       6547   menusetting.o
         0          0       2772          0          0       1429   microsoftsansserif_8ptfont.o
       494         18          0          0          0       3218   mpr121.o
       208          0          0          0          0       2818   onewire.o
       996         80          0         36         48       7145   pid.o
         0          0        436          0          0       1985   recept.o
       500         30          0        133        123       5619   recipe_manager.o
       120          4          0          1          0        902   slider.o
      2570        106         77         56       2132      21095   st7567_fb.o
       116         28        192          0       8192       1944   startup_k1986ve1xi.o
       984        170          0         48          0      11217   state_machine.o
       844        148          0         48          0       7896   state_machineloaded.o
       360         50         64          4          0       2237   system_k1986ve1xi.o
       212         32          0         12          0       1377   tempsensor.o
      1288         88          0          0         40       9454   w25qxx.o
       158          4          0          0          0       1601   w25qxx_spi.o

    ----------------------------------------------------------------------
     31340       3700       5444       2340      12776     399881   Object Totals
         0          0         32          0          0          0   (incl. Generated)
        36          0          2         35          8          0   (incl. Padding)

    ----------------------------------------------------------------------

      Code (inc. data)   RO Data    RW Data    ZI Data      Debug   Library Member Name

        44          4          0          0          0         84   __2sprintf.o
        86          0          0          0          0          0   __dczerorl2.o
         8          0          0          0          0         68   __main.o
       312          6         17          0          0         76   __printf_flags_wp.o
        14          0          0          0          0         60   __printf_wp.o
         0          0          0          0          0          0   __rtentry.o
        12          0          0          0          0          0   __rtentry2.o
         6          0          0          0          0          0   __rtentry4.o
        60          8          0          0          0          0   __scatter.o
        28          0          0          0          0          0   __scatter_zi.o
        46          0          0          0          0        100   _printf_char.o
        48          6          0          0          0         88   _printf_char_common.o
        10          0          0          0          0          0   _printf_d.o
       108         18          0          0          0         76   _printf_dec.o
        10          0          0          0          0          0   _printf_f.o
      1048         14          0          0          0        176   _printf_fp_dec.o
       136         16          0          0          0         76   _printf_fp_infnan.o
        10          0          0          0          0          0   _printf_i.o
       176          0          0          0          0         84   _printf_intcommon.o
        78          0          0          0          0        100   _printf_pad.o
         2          0          0          0          0          0   _printf_percent.o
         4          0          0          0          0          0   _printf_percent_end.o
        10          0          0          0          0          0   _printf_s.o
        82          0          0          0          0         72   _printf_str.o
        10          0          0          0          0         60   _sputc.o
       346          0          0          0          0         92   aeabi_sdiv.o
       216          6        148          0          0         80   bigflt0.o
      1456         30          0          0          0        336   btod.o
        12          0          0          0          0         68   defsig_exit.o
        52          0          0          0          0         72   defsig_general.o
        80         58          0          0          0         68   defsig_rtmem_inner.o
        12          0          0          0          0         68   defsig_rtmem_outer.o
        16          0          0          0          0         68   exit.o
        98          0          0          0          0         72   h1_alloc.o
        52          0          0          0          0         68   h1_extend.o
        76          0          0          0          0         72   h1_free.o
        14          0          0          0          0         76   h1_init.o
         6          0          0          0          0        136   heapauxi.o
         4          0          0          0          0        120   hguard.o
         0          0          0          0          0          0   indicate_semi.o
       136          0          0          0          0        160   init_alloc.o
        44         10         28          0          0         76   lc_numeric_c.o
         2          0          0          0          0          0   libinit.o
        26          0          0          0          0          0   libinit2.o
         2          0          0          0          0          0   libshutdown.o
         2          0          0          0          0          0   libshutdown2.o
         8          4          0          0         96         68   libspace.o
       258          0          0          0          0         88   lludiv.o
       122          0          0          0          0         72   lludiv10.o
         0          0          0          0          0          0   maybetermalloc1.o
         8          4          0          0          0         68   rt_heap_descriptor_intlibspace.o
         8          4          0          0          0         68   rt_locale_intlibspace.o
        64          0          0          0          0        108   rt_memclr.o
       186          0          0          0          0        144   rt_memcpy.o
         2          0          0          0          0          0   rtexit.o
        10          0          0          0          0          0   rtexit2.o
        40          0          0          0          0         60   rtudiv10.o
       136          4          0          0          0         72   strcmp.o
        12          4          0          0          0         60   sys_exit.o
        62          0          0          0          0         80   sys_stackheap_outer.o
        12          0          0          0          0         68   sys_wrch.o
        34          0          0          0          0         60   uread4.o
         2          0          0          0          0         68   use_no_semi.o
        16          0          0          0          0         60   uwrite4.o
        46          0          0          0          0         60   cmpret.o
       124          4          0          0          0         72   d2f.o
       584         26          0          0          0         84   dmul.o
        84          4          0          0          0         60   f2d.o
       348          8          0          0          0        160   faddsub.o
       100          4          0          0          0         68   fcmpin.o
       352         10         64          0          0         92   fdiv.o
        84          4          0          0          0         76   feqf.o
        94          0          0          0          0         92   fflti.o
        84          4          0          0          0         76   flef.o
       176          4          0          0          0         80   fmul.o
        16          6          0          0          0         68   fnan2.o
        88          4          0          0          0         76   frlef.o
        16          4          0          0          0         76   printf1.o
        94          0          0          0          0         68   retnan.o
         0          0          0          0          0          0   usenofp.o
        44          4          0          0          0         60   fpclassify.o

    ----------------------------------------------------------------------
      8324        282        260          0        100       5164   Library Totals
        10          0          3          0          4          0   (incl. Padding)

    ----------------------------------------------------------------------

      Code (inc. data)   RO Data    RW Data    ZI Data      Debug   Library Name

      5980        196        193          0         96       3896   c_p.l
      2290         82         64          0          0       1208   fz_ps.l
        44          4          0          0          0         60   m_ps.l

    ----------------------------------------------------------------------
      8324        282        260          0        100       5164   Library Totals

    ----------------------------------------------------------------------

==============================================================================


      Code (inc. data)   RO Data    RW Data    ZI Data      Debug   

     39664       3982       5704       2340      12876     388537   Grand Totals
     39664       3982       5704        864      12876     388537   ELF Image Totals (compressed)
     39664       3982       5704        864          0          0   ROM Totals

==============================================================================

    Total RO  Size (Code + RO Data)                45368 (  44.30kB)
    Total RW  Size (RW Data + ZI Data)             15216 (  14.86kB)
    Total ROM Size (Code + RO Data + RW Data)      46232 (  45.15kB)

==============================================================================

