Component: ARM Compiler 5.06 update 6 (build 750) Tool: armlink [4d35ed]

==============================================================================

Section Cross References

    main.o(i.main) refers to pid.o(i.pid_init) for pid_init
    main.o(i.main) refers to hal.o(i.initDevice) for initDevice
    main.o(i.main) refers to mainpage.o(i.initMenuMainPage) for initMenuMainPage
    main.o(i.main) refers to mainpage.o(i.printMainPage) for printMainPage
    main.o(i.main) refers to mdr32_inout.o(i.PIO_ReadInputDataBit) for PIO_ReadInputDataBit
    main.o(i.main) refers to mpr121.o(i.mpr121_get_touch) for mpr121_get_touch
    main.o(i.main) refers to hal.o(i.beep) for beep
    main.o(i.main) refers to delay.o(i.millis) for millis
    main.o(i.main) refers to hal.o(i.heatOff) for heatOff
    main.o(i.main) refers to hal.o(i.nasosOff) for nasosOff
    main.o(i.main) refers to hal.o(i.collOff) for collOff
    main.o(i.main) refers to state_machine.o(i.StateMachine_Process_Stop) for StateMachine_Process_Stop
    main.o(i.main) refers to state_machineloaded.o(i.StateMachine_Process_Stop_Loaded) for StateMachine_Process_Stop_Loaded
    main.o(i.main) refers to hal.o(i.printTempSensorError) for printTempSensorError
    main.o(i.main) refers to tempsensor.o(i.tempSensorInit) for tempSensorInit
    main.o(i.main) refers to slider.o(i.checkSlider) for checkSlider
    main.o(i.main) refers to tempsensor.o(i.readTemperature) for readTemperature
    main.o(i.main) refers to pid.o(i.pid_relay_control) for pid_relay_control
    main.o(i.main) refers to hal.o(i.functionNull) for functionNull
    main.o(i.main) refers to hal.o(.data) for mainProcess
    main.o(i.main) refers to hal.o(.bss) for deviceStatus
    main.o(i.main) refers to pid.o(.bss) for pid
    main.o(i.main) refers to main.o(i.menuNavigationFunction) for menuNavigationFunction
    main.o(i.main) refers to main.o(.data) for buttonNavigationFunction
    main.o(i.main) refers to ds18b20.o(.bss) for ds18b20
    main.o(i.menuNavigationFunction) refers to menu.o(i.menuNavigation) for menuNavigation
    main.o(i.menuNavigationFunction) refers to main.o(.data) for allButtonsRAW
    delay.o(i.delay_ms) refers to delay.o(.data) for tickDelay
    delay.o(i.getGlobalTime) refers to delay.o(.data) for sysTickGlobalTime
    delay.o(i.getTick) refers to delay.o(.data) for sysTickCount
    delay.o(i.millis) refers to delay.o(.data) for sysTickCount
    delay.o(i.setGlobalTime) refers to delay.o(.data) for sysTickGlobalTime
    interrupts.o(i.TIMER1_IRQHandler) refers to mdr32fxqi_timer.o(i.TIMER_GetITStatus) for TIMER_GetITStatus
    interrupts.o(i.TIMER1_IRQHandler) refers to mdr32fxqi_timer.o(i.TIMER_ClearFlag) for TIMER_ClearFlag
    interrupts.o(i.TIMER1_IRQHandler) refers to delay.o(.data) for sysTickCount
    interrupts.o(i.TIMER2_IRQHandler) refers to mdr32fxqi_timer.o(i.TIMER_GetITStatus) for TIMER_GetITStatus
    interrupts.o(i.TIMER2_IRQHandler) refers to mdr32fxqi_timer.o(i.TIMER_ClearFlag) for TIMER_ClearFlag
    interrupts.o(i.TIMER2_IRQHandler) refers to mdr32fxqi_port.o(i.PORT_WriteBit) for PORT_WriteBit
    interrupts.o(i.TIMER2_IRQHandler) refers to main.o(.data) for buzerEn
    interrupts.o(i.TIMER2_IRQHandler) refers to interrupts.o(.data) for beep
    interrupts.o(i.UART2_IRQHandler) refers to mdr32fxqi_uart.o(i.UART_GetITStatus) for UART_GetITStatus
    interrupts.o(i.UART2_IRQHandler) refers to mdr32fxqi_uart.o(i.UART_ReceiveData) for UART_ReceiveData
    interrupts.o(i.UART2_IRQHandler) refers to json.o(i.uart_receive_byte) for uart_receive_byte
    interrupts.o(i.UART2_IRQHandler) refers to mdr32fxqi_uart.o(i.UART_ClearITPendingBit) for UART_ClearITPendingBit
    interrupts.o(i.UART2_IRQHandler) refers to json.o(.bss) for uart_parser
    i2c_soft.o(i.I2Csft_GetAdrReg) refers to i2c_soft.o(i.I2Csft_Start) for I2Csft_Start
    i2c_soft.o(i.I2Csft_GetAdrReg) refers to i2c_soft.o(i.I2Csft_SendByte) for I2Csft_SendByte
    i2c_soft.o(i.I2Csft_GetAdrReg) refers to i2c_soft.o(i.I2Csft_Restart) for I2Csft_Restart
    i2c_soft.o(i.I2Csft_GetAdrReg) refers to i2c_soft.o(i.I2Csft_ReadByte) for I2Csft_ReadByte
    i2c_soft.o(i.I2Csft_GetAdrReg) refers to i2c_soft.o(i.I2Csft_Stop) for I2Csft_Stop
    i2c_soft.o(i.I2Csft_Init) refers to uread4.o(.text) for __aeabi_uread4
    i2c_soft.o(i.I2Csft_Init) refers to mdr32_inout.o(i.PIO_Init_Pin) for PIO_Init_Pin
    i2c_soft.o(i.I2Csft_ReadByte) refers to uread4.o(.text) for __aeabi_uread4
    i2c_soft.o(i.I2Csft_ReadByte) refers to mdr32_inout.o(i.PIO_Init_Pin) for PIO_Init_Pin
    i2c_soft.o(i.I2Csft_ReadByte) refers to mdr32_inout.o(i.PIO_SetBits) for PIO_SetBits
    i2c_soft.o(i.I2Csft_ReadByte) refers to i2c_soft.o(i.I2Csft_Wait) for I2Csft_Wait
    i2c_soft.o(i.I2Csft_ReadByte) refers to mdr32_inout.o(i.PIO_ReadInputDataBit) for PIO_ReadInputDataBit
    i2c_soft.o(i.I2Csft_ReadByte) refers to mdr32_inout.o(i.PIO_ResetBits) for PIO_ResetBits
[...]
    woshingSkip                              0x000095a5   Thumb Code     8  menuclearing.o(i.woshingSkip)
    write_register                           0x000095ad   Thumb Code    22  mpr121.o(i.write_register)
    _get_lc_numeric                          0x000095c9   Thumb Code    44  lc_numeric_c.o(locale$$code)
    __aeabi_fadd                             0x000095f5   Thumb Code     0  faddsub.o(x$fpl$fadd)
    _fadd                                    0x000095f5   Thumb Code   134  faddsub.o(x$fpl$fadd)
    __aeabi_cfcmpeq                          0x00009681   Thumb Code     0  feqf.o(x$fpl$feqf)
    _fcmpeq                                  0x00009681   Thumb Code    78  feqf.o(x$fpl$feqf)
    __aeabi_cfcmple                          0x000096d5   Thumb Code     0  flef.o(x$fpl$fleqf)
    _fcmple                                  0x000096d5   Thumb Code    78  flef.o(x$fpl$fleqf)
    __aeabi_fmul                             0x00009729   Thumb Code     0  fmul.o(x$fpl$fmul)
    _fmul                                    0x00009729   Thumb Code   172  fmul.o(x$fpl$fmul)
    __aeabi_cfrcmple                         0x000097d9   Thumb Code     0  frlef.o(x$fpl$frleqf)
    _frcmple                                 0x000097d9   Thumb Code    84  frlef.o(x$fpl$frleqf)
    __aeabi_fsub                             0x00009831   Thumb Code     0  faddsub.o(x$fpl$fsub)
    _fsub                                    0x00009831   Thumb Code   204  faddsub.o(x$fpl$fsub)
    _printf_fp_dec                           0x00009901   Thumb Code    16  printf1.o(x$fpl$printf1)
    __I$use$fp                               0x00009910   Number         0  usenofp.o(x$fpl$usenofp)
    image_data_Alarm_3                       0x00009910   Data          38  grapf.o(.constdata)
    image_data_Avaria_2                      0x00009936   Data          52  grapf.o(.constdata)
    image_data_AI_10V                        0x0000996a   Data          77  grapf.o(.constdata)
    image_data_calotifer                     0x000099b7   Data          44  grapf.o(.constdata)
    image_data_kaskadControl                 0x000099e3   Data          56  grapf.o(.constdata)
    image_data_Image                         0x00009a1b   Data          34  grapf.o(.constdata)
    image_data_externTempCompensation        0x00009a3d   Data          48  grapf.o(.constdata)
    image_data_temperatureControl            0x00009a6d   Data          36  grapf.o(.constdata)
    image_data_3PointControl                 0x00009a91   Data          34  grapf.o(.constdata)
    image_data_fun                           0x00009ab3   Data          34  grapf.o(.constdata)
    image_data_StepUp                        0x00009ad5   Data          34  grapf.o(.constdata)
    image_data_flap                          0x00009af7   Data          34  grapf.o(.constdata)
    image_data_snow                          0x00009b19   Data          62  grapf.o(.constdata)
    image_data_sun                           0x00009b57   Data          32  grapf.o(.constdata)
    image_data_Simbol_P                      0x00009b77   Data          47  grapf.o(.constdata)
    image_data_Lock                          0x00009ba6   Data          20  grapf.o(.constdata)
    image_data_BT                            0x00009bba   Data          14  grapf.o(.constdata)
    image_data_WiFi                          0x00009bc8   Data          30  grapf.o(.constdata)
    microsoftSansSerif_8ptBitmaps            0x00009be8   Data        2119  microsoftsansserif_8ptfont.o(.constdata)
    microsoftSansSerif_8ptDescriptors        0x0000a430   Data         636  microsoftsansserif_8ptfont.o(.constdata)
    microsoftSansSerif_8ptFontInfo           0x0000a6ac   Data          16  microsoftsansserif_8ptfont.o(.constdata)
    initData                                 0x0000a6bc   Data           9  st7567_fb.o(.constdata)
    ST7567_FB_ditherTab                      0x0000a6c5   Data          68  st7567_fb.o(.constdata)
    charHeight                               0x0000a709   Data           1  menu.o(.constdata)
    label_OK                                 0x0000a70a   Data           3  menu.o(.constdata)
    OK_x                                     0x0000a70d   Data           1  menu.o(.constdata)
    OK_y                                     0x0000a70e   Data           1  menu.o(.constdata)
    OK_cursor_x                              0x0000a70f   Data           1  menu.o(.constdata)
    OK_cursor_y                              0x0000a710   Data           1  menu.o(.constdata)
    stringDalshe                             0x0000a711   Data          13  mainfest.o(.constdata)
    stringNazad                              0x0000a71e   Data          11  mainfest.o(.constdata)
    stringProdolgit                          0x0000a729   Data          21  mainfest.o(.constdata)
    stringOtmena                             0x0000a73e   Data          13  mainfest.o(.constdata)
    stringOK                                 0x0000a74b   Data           3  mainfest.o(.constdata)
    stringSkip                               0x0000a74e   Data          18  mainfest.o(.constdata)
    stringBegin                              0x0000a760   Data          13  mainfest.o(.constdata)
    stringRecept                             0x0000a76d   Data          13  mainfest.o(.constdata)
    stringClearing                           0x0000a77a   Data          15  mainfest.o(.constdata)
    stringManualControl                      0x0000a789   Data          34  mainfest.o(.constdata)
    stringSetting                            0x0000a7ab   Data          19  mainfest.o(.constdata)
    stringPsenichnoe                         0x0000a7be   Data          19  mainfest.o(.constdata)
    stringTemnoe                             0x0000a7d1   Data          13  mainfest.o(.constdata)
    stringSvetloe                            0x0000a7de   Data          15  mainfest.o(.constdata)
    stringLowTemp                            0x0000a7ed   Data          36  mainfest.o(.constdata)
    stringWoshingState_1                     0x0000a811   Data          85  mainfest.o(.constdata)
    stringWoshing                            0x0000a866   Data          14  mainfest.o(.constdata)
    stringWoshingState_2                     0x0000a874   Data          68  mainfest.o(.constdata)
    stringWoshingRinsing                     0x0000a8b8   Data          30  mainfest.o(.constdata)
    stringWoshingState_3                     0x0000a8d6   Data          87  mainfest.o(.constdata)
    stringWoshingDesinfektion                0x0000a92d   Data          26  mainfest.o(.constdata)
    stringWoshingComplite                    0x0000a947   Data          30  mainfest.o(.constdata)
    stringReceptIns                          0x0000a965   Data          15  mainfest.o(.constdata)
    stringReceptLoaded                       0x0000a974   Data          23  mainfest.o(.constdata)
    stringNoRecepte                          0x0000a98b   Data          47  mainfest.o(.constdata)
    stringReseptDell                         0x0000a9ba   Data          15  mainfest.o(.constdata)
    stringMesh                               0x0000a9c9   Data          19  mainfest.o(.constdata)
    stringFermentation                       0x0000a9dc   Data          18  mainfest.o(.constdata)
    stringFiltracion                         0x0000a9ee   Data          16  mainfest.o(.constdata)
    stringNagrev                             0x0000a9fe   Data          13  mainfest.o(.constdata)
    string_u0420_u040eold                    0x0000aa0b   Data          16  mainfest.o(.constdata)
    _stringMesh                              0x0000aa1b   Data          12  mainfest.o(.constdata)
    _stringFermentation                      0x0000aa27   Data          10  mainfest.o(.constdata)
    _stringFiltracion                        0x0000aa31   Data          12  mainfest.o(.constdata)
    _stringNagrev                            0x0000aa3d   Data          13  mainfest.o(.constdata)
    _string_u0420_u040eold                   0x0000aa4a   Data          14  mainfest.o(.constdata)
    stringTemperature                        0x0000aa58   Data          14  mainfest.o(.constdata)
    stringTime                               0x0000aa66   Data          11  mainfest.o(.constdata)
    stringUstavka                            0x0000aa71   Data           8  mainfest.o(.constdata)
    stringSostoianie                         0x0000aa79   Data          10  mainfest.o(.constdata)
    stringPusk                               0x0000aa83   Data          10  mainfest.o(.constdata)
    stringStop                               0x0000aa8d   Data          10  mainfest.o(.constdata)
    tempSensorError                          0x0000aa97   Data         145  mainfest.o(.constdata)
    stringBtOn                               0x0000ab28   Data          11  mainfest.o(.constdata)
    stringBtOff                              0x0000ab33   Data          13  mainfest.o(.constdata)
    stringWiFiOn                             0x0000ab40   Data          13  mainfest.o(.constdata)
    stringWiFiOff                            0x0000ab4d   Data          15  mainfest.o(.constdata)
    mashTypeProtein                          0x0000ab5c   Data          28  recept.o(.constdata)
    mashTypeSaccherification                 0x0000ab78   Data          25  recept.o(.constdata)
    mashTypeMasOut                           0x0000ab91   Data          14  recept.o(.constdata)
    pshenichnoe_beer                         0x0000ab9f   Data         123  recept.o(.constdata)
    darck_beer                               0x0000ac1a   Data         123  recept.o(.constdata)
    light_beer                               0x0000ac95   Data         123  recept.o(.constdata)
    EEPROM_FACTORY_READ_WORD_FUNC            0x0000ad10   Data          64  system_k1986ve1xi.o(.constdata)
    Region$$Table$$Base                      0x0000ae38   Number         0  anon$$obj.o(Region$$Table)
    Region$$Table$$Limit                     0x0000ae58   Number         0  anon$$obj.o(Region$$Table)
    buttonNavigationFunction                 0x20000000   Data           4  main.o(.data)
    allButtonsRAW                            0x20000004   Data           2  main.o(.data)
    buttonPressStartTime                     0x20000008   Data           8  main.o(.data)
    lastIncrementTime                        0x20000010   Data           8  main.o(.data)
    buttonUpWasPressed                       0x20000018   Data           1  main.o(.data)
    buttonDownWasPressed                     0x20000019   Data           1  main.o(.data)
    cnt                                      0x2000001a   Data           2  main.o(.data)
    buzerEn                                  0x2000001c   Data           1  main.o(.data)
    printIndicateCnt                         0x20000020   Data           8  main.o(.data)
    delayStartSec                            0x20000028   Data           8  main.o(.data)
    blincStateCnt                            0x20000030   Data           8  main.o(.data)
    delayTimerSec                            0x20000038   Data           8  main.o(.data)
    keyBufCnt                                0x20000040   Data           1  main.o(.data)
    startDelayNum                            0x20000041   Data           1  main.o(.data)
    blincTimetCny                            0x20000042   Data           1  main.o(.data)
    readTemperatureTimer                     0x20000048   Data           8  main.o(.data)
    reinitButton                             0x20000050   Data           8  main.o(.data)
    timeButtonLock                           0x20000058   Data           8  main.o(.data)
    triggerButtonLock                        0x20000060   Data           1  main.o(.data)
    timeNow                                  0x20000068   Data           8  main.o(.data)
    timeButtonPres                           0x20000070   Data           8  main.o(.data)
    stepUnLOC                                0x20000078   Data           1  main.o(.data)
    tickDelay                                0x20000080   Data           4  delay.o(.data)
    sysTickCount                             0x20000088   Data           8  delay.o(.data)
    sysTickGlobalTime                        0x20000090   Data           8  delay.o(.data)
    hc595NumOfReg                            0x20000099   Data           1  hc595.o(.data)
    MPR121initRresult                        0x200000a0   Data           1  hal.o(.data)
    mainProcess                              0x200000a4   Data           4  hal.o(.data)
    pumpWorkDelay                            0x200000c0   Data           2  pid.o(.data)
    pumpWorkPeriod                           0x200000c2   Data           2  pid.o(.data)
    pumpStopPeriod                           0x200000c4   Data           2  pid.o(.data)
    pidTimeoutCnt                            0x200000c8   Data           8  pid.o(.data)
    pumpTimeoutCnt                           0x200000d0   Data           8  pid.o(.data)
    relay_state                              0x200000d8   Data           1  pid.o(.data)
    pumpCnt                                  0x200000da   Data           2  pid.o(.data)
    current_temperature                      0x200000dc   Data           4  pid.o(.data)
    TemperatureCorrection                    0x200000e4   Data           4  tempsensor.o(.data)
    TemperatureCorrectionMin                 0x200000e8   Data           4  tempsensor.o(.data)
    TemperatureCorrectionMax                 0x200000ec   Data           4  tempsensor.o(.data)
    scrWd                                    0x200000f0   Data           1  st7567_fb.o(.data)
    scrHt                                    0x200000f1   Data           1  st7567_fb.o(.data)
    dcPin                                    0x200000f2   Data           1  st7567_fb.o(.data)
    csPin                                    0x200000f3   Data           1  st7567_fb.o(.data)
    rstPin                                   0x200000f4   Data           1  st7567_fb.o(.data)
    sdiPin                                   0x200000f5   Data           1  st7567_fb.o(.data)
    clkPin                                   0x200000f6   Data           1  st7567_fb.o(.data)
    rotation                                 0x200000f7   Data           1  st7567_fb.o(.data)
    cr                                       0x2000010c   Data           1  st7567_fb.o(.data)
    dualChar                                 0x2000010d   Data           1  st7567_fb.o(.data)
    invertCh                                 0x2000010e   Data           1  st7567_fb.o(.data)
    spacing                                  0x2000010f   Data           1  st7567_fb.o(.data)
    isNumberFun                              0x20000110   Data           4  st7567_fb.o(.data)
    ST7567_FB_ystab                          0x20000114   Data           8  st7567_fb.o(.data)
    ST7567_FB_yetab                          0x2000011c   Data           8  st7567_fb.o(.data)
    ST7567_FB_pattern                        0x20000124   Data           4  st7567_fb.o(.data)
    label_Recept                             0x20000138   Data           8  mainpage.o(.data)
    label_Clearing                           0x20000140   Data           8  mainpage.o(.data)
    label_ManualControl                      0x20000148   Data           8  mainpage.o(.data)
    label_Setting                            0x20000150   Data           8  mainpage.o(.data)
    menu_Recept                              0x20000158   Data          24  mainpage.o(.data)
    menu_Clearing                            0x20000170   Data          24  mainpage.o(.data)
    menu_ManualControl                       0x20000188   Data          24  mainpage.o(.data)
    menu_Setting                             0x200001a0   Data          24  mainpage.o(.data)
    OK                                       0x200001cc   Data          12  menu.o(.data)
    m_curr                                   0x200001d8   Data           4  menu.o(.data)
    label_Nazad                              0x200001dc   Data           8  menu.o(.data)
    menu_Nazad                               0x200001e4   Data          24  menu.o(.data)
    label_Dalshe                             0x200001fc   Data           8  menu.o(.data)
    menu_Dalshe                              0x20000204   Data          24  menu.o(.data)
    label_ReceptIns                          0x20000220   Data           8  menurecept.o(.data)
    label_ReceptLoaded                       0x20000228   Data           8  menurecept.o(.data)
    menu_ReceptIns                           0x20000230   Data          24  menurecept.o(.data)
    menu_ReceptLoaded                        0x20000248   Data          24  menurecept.o(.data)
    label_Psenichnoe                         0x20000260   Data           8  menurecept.o(.data)
    label_Temnoe                             0x20000268   Data           8  menurecept.o(.data)
    label_Svetloe                            0x20000270   Data           8  menurecept.o(.data)
    insBeerNumber                            0x20000278   Data           3  menurecept.o(.data)
    menu_Psenichnoe                          0x2000027c   Data          24  menurecept.o(.data)
    menu_Temnoe                              0x20000294   Data          24  menurecept.o(.data)
    menu_Svetloe                             0x200002ac   Data          24  menurecept.o(.data)
    label_ReseptDell                         0x200002c4   Data           8  menurecept.o(.data)
    menu_ReceptLoaded_Data                   0x200002cc   Data           3  menurecept.o(.data)
    menu_ReceptLoaded_1                      0x200002d0   Data          24  menurecept.o(.data)
    menu_ReceptLoaded_2                      0x200002e8   Data          24  menurecept.o(.data)
    menu_ReceptLoaded_3                      0x20000300   Data          24  menurecept.o(.data)
    menu_ReceptLoaded_arr                    0x20000318   Data          12  menurecept.o(.data)
    woshingTime                              0x20000328   Data           2  menuclearing.o(.data)
    label_WoshingState_1                     0x2000032c   Data           8  menuclearing.o(.data)
    label_Woshing                            0x20000334   Data           8  menuclearing.o(.data)
    manualControl                            0x20000358   Data          60  menumanualcontrol.o(.data)
    label_Mesh                               0x20000394   Data           8  menumanualcontrol.o(.data)
    label_Filtracion                         0x2000039c   Data           8  menumanualcontrol.o(.data)
    label_Nagrev                             0x200003a4   Data           8  menumanualcontrol.o(.data)
    label_Cold                               0x200003ac   Data           8  menumanualcontrol.o(.data)
    label_Fermentation                       0x200003b4   Data           8  menumanualcontrol.o(.data)
    mesh                                     0x200003bc   Data           1  menumanualcontrol.o(.data)
    nagrev                                   0x200003bd   Data           1  menumanualcontrol.o(.data)
    cold                                     0x200003be   Data           1  menumanualcontrol.o(.data)
    ferm                                     0x200003bf   Data           1  menumanualcontrol.o(.data)
    filt                                     0x200003c0   Data           1  menumanualcontrol.o(.data)
    menu_Mesh                                0x200003c4   Data          24  menumanualcontrol.o(.data)
    menu_Filtracion                          0x200003dc   Data          24  menumanualcontrol.o(.data)
    menu_Nagrev                              0x200003f4   Data          24  menumanualcontrol.o(.data)
    menu_Cold                                0x2000040c   Data          24  menumanualcontrol.o(.data)
    menu_Fermentation                        0x20000424   Data          24  menumanualcontrol.o(.data)
    label_SetTime                            0x20000440   Data           8  menusetting.o(.data)
    label_WiFi                               0x20000448   Data           8  menusetting.o(.data)
    label_BT                                 0x20000450   Data           8  menusetting.o(.data)
    label_SettingNazad                       0x20000458   Data           8  menusetting.o(.data)
    menu_SetTime                             0x20000460   Data          24  menusetting.o(.data)
    menu_WiFi                                0x20000478   Data          24  menusetting.o(.data)
    menu_BT                                  0x20000490   Data          24  menusetting.o(.data)
    menu_SettingNazad                        0x200004a8   Data          24  menusetting.o(.data)
    maxH                                     0x200004e0   Data           1  menusetting.o(.data)
    maxM                                     0x200004e1   Data           1  menusetting.o(.data)
    menu_SetH                                0x200004e4   Data          24  menusetting.o(.data)
    menu_SetM                                0x200004fc   Data          24  menusetting.o(.data)
    menu_SetTimeNazad                        0x20000514   Data          24  menusetting.o(.data)
    menu_SetTimeOK                           0x2000052c   Data          24  menusetting.o(.data)
    menu_RecepteTempersture                  0x2000056c   Data          24  menureceptcontrol.o(.data)
    menu_RecepteTime                         0x20000584   Data          24  menureceptcontrol.o(.data)
    menu_RecepteNazad                        0x2000059c   Data          24  menureceptcontrol.o(.data)
    menu_RecepteState                        0x200005b4   Data          24  menureceptcontrol.o(.data)
    menu_RecepteSkip                         0x200005cc   Data          24  menureceptcontrol.o(.data)
    shablonExecuteSetFunction                0x20000620   Data           4  menureceptshablon.o(.data)
    currentProcessBuf                        0x20000624   Data           4  menureceptshablon.o(.data)
    label_Temperature                        0x20000628   Data           8  menureceptshablon.o(.data)
    label_Time                               0x20000630   Data           8  menureceptshablon.o(.data)
    label_Ustavka                            0x20000638   Data           8  menureceptshablon.o(.data)
    label_Sostoianie                         0x20000640   Data           8  menureceptshablon.o(.data)
    label_ShablonTemperature                 0x20000648   Data           8  menureceptshablon.o(.data)
    label_ShablonTimer                       0x20000650   Data           8  menureceptshablon.o(.data)
    label_ShablonNazad                       0x20000658   Data           8  menureceptshablon.o(.data)
    label_ShablonState                       0x20000660   Data           8  menureceptshablon.o(.data)
    label_ShablonSkip                        0x20000668   Data           8  menureceptshablon.o(.data)
    shablonTemperatureData                   0x20000670   Data           1  menureceptshablon.o(.data)
    shablonTimeData                          0x20000671   Data           1  menureceptshablon.o(.data)
    menu_ShablonState_data                   0x20000672   Data           1  menureceptshablon.o(.data)
    menu_ShablonTempersture                  0x20000674   Data          24  menureceptshablon.o(.data)
    menu_ShablonTime                         0x2000068c   Data          24  menureceptshablon.o(.data)
    menu_ShablonNazad                        0x200006a4   Data          24  menureceptshablon.o(.data)
    menu_ShablonState                        0x200006bc   Data          24  menureceptshablon.o(.data)
    menu_ShablonSkip                         0x200006d4   Data          24  menureceptshablon.o(.data)
    label_ShablonCurentTemperature           0x200006ec   Data           8  menureceptshablon.o(.data)
    label_ShablonCurrentTime                 0x200006f4   Data           8  menureceptshablon.o(.data)
    menu_RecepteLoadedTempersture            0x2000076c   Data          24  menureceptloaded.o(.data)
    menu_RecepteLoadedTime                   0x20000784   Data          24  menureceptloaded.o(.data)
    menu_RecepteLoadedNazad                  0x2000079c   Data          24  menureceptloaded.o(.data)
    menu_RecepteLoadedState                  0x200007b4   Data          24  menureceptloaded.o(.data)
    menu_RecepteLoadedSkip                   0x200007cc   Data          24  menureceptloaded.o(.data)
    current_state                            0x20000828   Data           1  state_machine.o(.data)
    current_stage                            0x20000829   Data           1  state_machine.o(.data)
    current_mash_stage                       0x2000082a   Data           1  state_machine.o(.data)
    stage_start_time                         0x2000082c   Data           4  state_machine.o(.data)
    stage_remaining_time                     0x20000830   Data           4  state_machine.o(.data)
    current_recipe_index                     0x2000085a   Data           1  recipe_manager.o(.data)
    total_recipes                            0x2000085b   Data           1  recipe_manager.o(.data)
    receptBuf                                0x2000085c   Data         129  recipe_manager.o(.data)
    current_stateLoaded                      0x200008e0   Data           1  state_machineloaded.o(.data)
    current_stage_Loaded                     0x200008e1   Data           1  state_machineloaded.o(.data)
    current_mash_stage_Loaded                0x200008e2   Data           1  state_machineloaded.o(.data)
    stage_start_time_Loaded                  0x200008e4   Data           4  state_machineloaded.o(.data)
    stage_remaining_time_Loaded              0x200008e8   Data           4  state_machineloaded.o(.data)
    SystemCoreClock                          0x20000910   Data           4  system_k1986ve1xi.o(.data)
    I2C_b                                    0x20000914   Data           9  hal.o(.bss)
    deviceStatus                             0x20000920   Data          72  hal.o(.bss)
    sSSP                                     0x20000968   Data          10  hal.o(.bss)
    PORT_InitStructure                       0x20000972   Data          12  hal.o(.bss)
    pid                                      0x20000980   Data          48  pid.o(.bss)
    onewire                                  0x200009c0   Data        1053  mdr32_uart.o(.bss)
    cfont                                    0x20001224   Data          16  st7567_fb.o(.bss)
    ST7567_FB_scr                            0x20001234   Data        1024  st7567_fb.o(.bss)
    ds18b20                                  0x20001634   Data          24  ds18b20.o(.bss)
    menuBuf                                  0x2000164c   Data          32  menu.o(.bss)
    m_null                                   0x2000166c   Data          24  menu.o(.bss)
    label_Recept_s_Loaded                    0x20001684   Data          24  menurecept.o(.bss)
    shablonlControl                          0x2000169c   Data          12  menurecept.o(.bss)
    receptControl                            0x20001708   Data          60  menureceptshablon.o(.bss)
    current_recipe                           0x20001744   Data         123  recipe_manager.o(.bss)
    w25qxx                                   0x200017c0   Data          40  w25qxx.o(.bss)
    uart_parser                              0x200017e8   Data         518  json.o(.bss)
    __libspace_start                         0x200019f0   Data          96  libspace.o(.bss)
    __temporary_stack_top$libspace           0x20001a50   Data           0  libspace.o(.bss)



==============================================================================

Memory Map of the image

  Image Entry point : 0x000000c1

  Load Region LR_IROM1 (Base: 0x00000000, Size: 0x0000b788, Max: 0x00020000, ABSOLUTE, COMPRESSED[0x0000b1c8])

    Execution Region ER_IROM1 (Exec base: 0x00000000, Load base: 0x00000000, Size: 0x0000ae74, Max: 0x00020000, ABSOLUTE)

    Exec Addr    Load Addr    Size         Type   Attr      Idx    E Section Name        Object

    0x00000000   0x00000000   0x000000c0   Data   RO         3567    RESET               startup_k1986ve1xi.o
    0x000000c0   0x000000c0   0x00000008   Code   RO         4886  * !!!main             c_p.l(__main.o)
    0x000000c8   0x000000c8   0x0000003c   Code   RO         5269    !!!scatter          c_p.l(__scatter.o)
    0x00000104   0x00000104   0x0000001c   Code   RO         5271    !!handler_zi        c_p.l(__scatter_zi.o)
    0x00000120   0x00000120   0x00000002   Code   RO         4869    .ARM.Collect$$_printf_percent$$00000000  c_p.l(_printf_percent.o)
    0x00000122   0x00000122   0x0000000a   Code   RO         4868    .ARM.Collect$$_printf_percent$$00000003  c_p.l(_printf_f.o)
    0x0000012c   0x0000012c   0x0000000a   Code   RO         4867    .ARM.Collect$$_printf_percent$$00000009  c_p.l(_printf_d.o)
    0x00000136   0x00000136   0x0000000a   Code   RO         4865    .ARM.Collect$$_printf_percent$$00000014  c_p.l(_printf_s.o)
    0x00000140   0x00000140   0x00000004   Code   RO         4974    .ARM.Collect$$_printf_percent$$00000017  c_p.l(_printf_percent_end.o)
    0x00000144   0x00000144   0x00000002   Code   RO         5172    .ARM.Collect$$libinit$$00000000  c_p.l(libinit.o)
    0x00000146   0x00000146   0x00000000   Code   RO         4989    .ARM.Collect$$libinit$$00000002  c_p.l(libinit2.o)
    0x00000146   0x00000146   0x00000000   Code   RO         4991    .ARM.Collect$$libinit$$00000004  c_p.l(libinit2.o)
    0x00000146   0x00000146   0x00000008   Code   RO         4992    .ARM.Collect$$libinit$$00000005  c_p.l(libinit2.o)
    0x0000014e   0x0000014e   0x00000000   Code   RO         4994    .ARM.Collect$$libinit$$0000000A  c_p.l(libinit2.o)
    0x0000014e   0x0000014e   0x00000000   Code   RO         4996    .ARM.Collect$$libinit$$0000000C  c_p.l(libinit2.o)
    0x0000014e   0x0000014e   0x00000000   Code   RO         4998    .ARM.Collect$$libinit$$0000000E  c_p.l(libinit2.o)
    0x0000014e   0x0000014e   0x00000006   Code   RO         4999    .ARM.Collect$$libinit$$0000000F  c_p.l(libinit2.o)
    0x00000154   0x00000154   0x00000000   Code   RO         5001    .ARM.Collect$$libinit$$00000011  c_p.l(libinit2.o)
    0x00000154   0x00000154   0x00000000   Code   RO         5003    .ARM.Collect$$libinit$$00000013  c_p.l(libinit2.o)
    0x00000154   0x00000154   0x00000000   Code   RO         5005    .ARM.Collect$$libinit$$00000015  c_p.l(libinit2.o)
    0x00000154   0x00000154   0x0000000a   Code   RO         5006    .ARM.Collect$$libinit$$00000016  c_p.l(libinit2.o)
    0x0000015e   0x0000015e   0x00000000   Code   RO         5007    .ARM.Collect$$libinit$$00000017  c_p.l(libinit2.o)
    0x0000015e   0x0000015e   0x00000000   Code   RO         5009    .ARM.Collect$$libinit$$00000019  c_p.l(libinit2.o)
    0x0000015e   0x0000015e   0x00000000   Code   RO         5011    .ARM.Collect$$libinit$$0000001B  c_p.l(libinit2.o)
    0x0000015e   0x0000015e   0x00000000   Code   RO         5013    .ARM.Collect$$libinit$$0000001D  c_p.l(libinit2.o)
    0x0000015e   0x0000015e   0x00000000   Code   RO         5015    .ARM.Collect$$libinit$$0000001F  c_p.l(libinit2.o)
    0x0000015e   0x0000015e   0x00000000   Code   RO         5017    .ARM.Collect$$libinit$$00000021  c_p.l(libinit2.o)
    0x0000015e   0x0000015e   0x00000000   Code   RO         5019    .ARM.Collect$$libinit$$00000023  c_p.l(libinit2.o)
    0x0000015e   0x0000015e   0x00000000   Code   RO         5021    .ARM.Collect$$libinit$$00000025  c_p.l(libinit2.o)
    0x0000015e   0x0000015e   0x00000000   Code   RO         5025    .ARM.Collect$$libinit$$0000002C  c_p.l(libinit2.o)
    0x0000015e   0x0000015e   0x00000000   Code   RO         5027    .ARM.Collect$$libinit$$0000002E  c_p.l(libinit2.o)
    0x0000015e   0x0000015e   0x00000000   Code   RO         5029    .ARM.Collect$$libinit$$00000030  c_p.l(libinit2.o)
    0x0000015e   0x0000015e   0x00000000   Code   RO         5031    .ARM.Collect$$libinit$$00000032  c_p.l(libinit2.o)
    0x0000015e   0x0000015e   0x00000002   Code   RO         5032    .ARM.Collect$$libinit$$00000033  c_p.l(libinit2.o)
    0x00000160   0x00000160   0x00000002   Code   RO         5264    .ARM.Collect$$libshutdown$$00000000  c_p.l(libshutdown.o)
    0x00000162   0x00000162   0x00000000   Code   RO         5174    .ARM.Collect$$libshutdown$$00000002  c_p.l(libshutdown2.o)
    0x00000162   0x00000162   0x00000000   Code   RO         5176    .ARM.Collect$$libshutdown$$00000004  c_p.l(libshutdown2.o)
    0x00000162   0x00000162   0x00000000   Code   RO         5179    .ARM.Collect$$libshutdown$$00000007  c_p.l(libshutdown2.o)
    0x00000162   0x00000162   0x00000000   Code   RO         5182    .ARM.Collect$$libshutdown$$0000000A  c_p.l(libshutdown2.o)
    0x00000162   0x00000162   0x00000000   Code   RO         5184    .ARM.Collect$$libshutdown$$0000000C  c_p.l(libshutdown2.o)
    0x00000162   0x00000162   0x00000000   Code   RO         5187    .ARM.Collect$$libshutdown$$0000000F  c_p.l(libshutdown2.o)
    0x00000162   0x00000162   0x00000002   Code   RO         5188    .ARM.Collect$$libshutdown$$00000010  c_p.l(libshutdown2.o)
    0x00000164   0x00000164   0x00000000   Code   RO         4923    .ARM.Collect$$rtentry$$00000000  c_p.l(__rtentry.o)
    0x00000164   0x00000164   0x00000000   Code   RO         5044    .ARM.Collect$$rtentry$$00000002  c_p.l(__rtentry2.o)
    0x00000164   0x00000164   0x00000006   Code   RO         5056    .ARM.Collect$$rtentry$$00000004  c_p.l(__rtentry4.o)
    0x0000016a   0x0000016a   0x00000000   Code   RO         5046    .ARM.Collect$$rtentry$$00000009  c_p.l(__rtentry2.o)
    0x0000016a   0x0000016a   0x00000004   Code   RO         5047    .ARM.Collect$$rtentry$$0000000A  c_p.l(__rtentry2.o)
    0x0000016e   0x0000016e   0x00000000   Code   RO         5049    .ARM.Collect$$rtentry$$0000000C  c_p.l(__rtentry2.o)
    0x0000016e   0x0000016e   0x00000008   Code   RO         5050    .ARM.Collect$$rtentry$$0000000D  c_p.l(__rtentry2.o)
    0x00000176   0x00000176   0x00000002   Code   RO         5196    .ARM.Collect$$rtexit$$00000000  c_p.l(rtexit.o)
    0x00000178   0x00000178   0x00000000   Code   RO         5227    .ARM.Collect$$rtexit$$00000002  c_p.l(rtexit2.o)
    0x00000178   0x00000178   0x00000004   Code   RO         5228    .ARM.Collect$$rtexit$$00000003  c_p.l(rtexit2.o)
    0x0000017c   0x0000017c   0x00000006   Code   RO         5229    .ARM.Collect$$rtexit$$00000004  c_p.l(rtexit2.o)
    0x00000182   0x00000182   0x00000002   PAD
    0x00000184   0x00000184   0x00000038   Code   RO         4870    .emb_text           c_p.l(rt_memcpy.o)
    0x000001bc   0x000001bc   0x00000000   Code   RO         5062    .emb_text           c_p.l(maybetermalloc1.o)
    0x000001bc   0x000001bc   0x00000074   Code   RO         3568    .text               startup_k1986ve1xi.o
    0x00000230   0x00000230   0x00000062   Code   RO         4769    .text               c_p.l(h1_alloc.o)
    0x00000292   0x00000292   0x0000004c   Code   RO         4771    .text               c_p.l(h1_free.o)
    0x000002de   0x000002de   0x00000102   Code   RO         4827    .text               c_p.l(lludiv.o)
    0x000003e0   0x000003e0   0x0000002c   Code   RO         4831    .text               c_p.l(__2sprintf.o)
    0x0000040c   0x0000040c   0x0000004e   Code   RO         4839    .text               c_p.l(_printf_pad.o)
    0x0000045a   0x0000045a   0x00000052   Code   RO         4841    .text               c_p.l(_printf_str.o)
    0x000004ac   0x000004ac   0x0000006c   Code   RO         4843    .text               c_p.l(_printf_dec.o)
    0x00000518   0x00000518   0x00000138   Code   RO         4857    .text               c_p.l(__printf_flags_wp.o)
    0x00000650   0x00000650   0x00000082   Code   RO         4871    .text               c_p.l(rt_memcpy.o)
    0x000006d2   0x000006d2   0x00000040   Code   RO         4874    .text               c_p.l(rt_memclr.o)
    0x00000712   0x00000712   0x00000022   Code   RO         4876    .text               c_p.l(uread4.o)
    0x00000734   0x00000734   0x00000010   Code   RO         4878    .text               c_p.l(uwrite4.o)
    0x00000744   0x00000744   0x0000015a   Code   RO         4880    .text               c_p.l(aeabi_sdiv.o)
    0x0000089e   0x0000089e   0x00000006   Code   RO         4884    .text               c_p.l(heapauxi.o)
    0x000008a4   0x000008a4   0x0000007c   Code   RO         4888    .text               fz_ps.l(d2f.o)
    0x00000920   0x00000920   0x00000248   Code   RO         4894    .text               fz_ps.l(dmul.o)
    0x00000b68   0x00000b68   0x00000054   Code   RO         4898    .text               fz_ps.l(f2d.o)
    0x00000bbc   0x00000bbc   0x00000160   Code   RO         4906    .text               fz_ps.l(fdiv.o)
    0x00000d1c   0x00000d1c   0x0000005e   Code   RO         4911    .text               fz_ps.l(fflti.o)
    0x00000d7a   0x00000d7a   0x00000002   PAD
    0x00000d7c   0x00000d7c   0x00000008   Code   RO         4935    .text               c_p.l(rt_heap_descriptor_intlibspace.o)
    0x00000d84   0x00000d84   0x00000008   Code   RO         4940    .text               c_p.l(rt_locale_intlibspace.o)
    0x00000d8c   0x00000d8c   0x00000004   Code   RO         4942    .text               c_p.l(hguard.o)
    0x00000d90   0x00000d90   0x00000088   Code   RO         4944    .text               c_p.l(init_alloc.o)
    0x00000e18   0x00000e18   0x0000000e   Code   RO         4948    .text               c_p.l(h1_init.o)
    0x00000e26   0x00000e26   0x000000b0   Code   RO         4962    .text               c_p.l(_printf_intcommon.o)
    0x00000ed6   0x00000ed6   0x00000002   PAD
    0x00000ed8   0x00000ed8   0x00000418   Code   RO         4964    .text               c_p.l(_printf_fp_dec.o)
    0x000012f0   0x000012f0   0x00000030   Code   RO         4966    .text               c_p.l(_printf_char_common.o)
    0x00001320   0x00001320   0x0000000a   Code   RO         4968    .text               c_p.l(_sputc.o)
    0x0000132a   0x0000132a   0x0000002e   Code   RO         4970    .text               c_p.l(_printf_char.o)
    0x00001358   0x00001358   0x00000028   Code   RO         4984    .text               c_p.l(rtudiv10.o)
    0x00001380   0x00001380   0x00000064   Code   RO         5035    .text               fz_ps.l(fcmpin.o)
    0x000013e4   0x000013e4   0x00000008   Code   RO         5040    .text               c_p.l(libspace.o)
    0x000013ec   0x000013ec   0x00000034   Code   RO         5064    .text               c_p.l(h1_extend.o)
    0x00001420   0x00001420   0x0000007a   Code   RO         5068    .text               c_p.l(lludiv10.o)
    0x0000149a   0x0000149a   0x00000002   PAD
    0x0000149c   0x0000149c   0x00000088   Code   RO         5070    .text               c_p.l(_printf_fp_infnan.o)
    0x00001524   0x00001524   0x000000d8   Code   RO         5074    .text               c_p.l(bigflt0.o)
    0x000015fc   0x000015fc   0x00000580   Code   RO         5077    .text               c_p.l(btod.o)
    0x00001b7c   0x00001b7c   0x0000000c   Code   RO         5098    .text               c_p.l(defsig_rtmem_outer.o)
    0x00001b88   0x00001b88   0x00000088   Code   RO         5102    .text               c_p.l(strcmp.o)
    0x00001c10   0x00001c10   0x0000002e   Code   RO         5109    .text               fz_ps.l(cmpret.o)
    0x00001c3e   0x00001c3e   0x00000002   PAD
    0x00001c40   0x00001c40   0x00000010   Code   RO         5113    .text               fz_ps.l(fnan2.o)
    0x00001c50   0x00001c50   0x00000002   Code   RO         5126    .text               c_p.l(use_no_semi.o)
    0x00001c52   0x00001c52   0x00000000   Code   RO         5128    .text               c_p.l(indicate_semi.o)
    0x00001c52   0x00001c52   0x0000003e   Code   RO         5129    .text               c_p.l(sys_stackheap_outer.o)
    0x00001c90   0x00001c90   0x00000010   Code   RO         5149    .text               c_p.l(exit.o)
    0x00001ca0   0x00001ca0   0x0000000c   Code   RO         5151    .text               c_p.l(defsig_exit.o)
    0x00001cac   0x00001cac   0x00000050   Code   RO         5161    .text               c_p.l(defsig_rtmem_inner.o)
    0x00001cfc   0x00001cfc   0x0000005e   Code   RO         5191    .text               fz_ps.l(retnan.o)
    0x00001d5a   0x00001d5a   0x00000002   PAD
    0x00001d5c   0x00001d5c   0x0000000c   Code   RO         5193    .text               c_p.l(sys_exit.o)
    0x00001d68   0x00001d68   0x00000034   Code   RO         5214    .text               c_p.l(defsig_general.o)
    0x00001d9c   0x00001d9c   0x0000000c   Code   RO         5224    .text               c_p.l(sys_wrch.o)
    0x00001da8   0x00001da8   0x00000056   Code   RO         5267    .text               c_p.l(__dczerorl2.o)
    0x00001dfe   0x00001dfe   0x00000002   Code   RO          227    i.ADC_IRQHandler    interrupts.o
    0x00001e00   0x00001e00   0x00000002   Code   RO          228    i.ARINC429R_IRQHandler  interrupts.o
    0x00001e02   0x00001e02   0x00000002   Code   RO          229    i.ARINC429T1_IRQHandler  interrupts.o
    0x00001e04   0x00001e04   0x00000002   Code   RO          230    i.ARINC429T2_IRQHandler  interrupts.o
    0x00001e06   0x00001e06   0x00000002   Code   RO          231    i.ARINC429T3_IRQHandler  interrupts.o
    0x00001e08   0x00001e08   0x00000002   Code   RO          232    i.ARINC429T4_IRQHandler  interrupts.o
    0x00001e0a   0x00001e0a   0x00000002   Code   RO          233    i.BKP_IRQHandler    interrupts.o
    0x00001e0c   0x00001e0c   0x00000002   Code   RO          234    i.BUSY_IRQHandler   interrupts.o
    0x00001e0e   0x00001e0e   0x00000002   Code   RO          235    i.CAN1_IRQHandler   interrupts.o
    0x00001e10   0x00001e10   0x00000002   Code   RO          236    i.CAN2_IRQHandler   interrupts.o
    0x00001e12   0x00001e12   0x00000002   PAD
    0x00001e14   0x00001e14   0x0000004c   Code   RO         2889    i.CRC16_Calculate   recipe_manager.o
    0x00001e60   0x00001e60   0x0000003a   Code   RO         1648    i.CalculateChecksum  ds18b20.o
    0x00001e9a   0x00001e9a   0x00000002   Code   RO          237    i.DMA_IRQHandler    interrupts.o
    0x00001e9c   0x00001e9c   0x0000006c   Code   RO         1649    i.DS18B20_ConvertT  ds18b20.o
    0x00001f08   0x00001f08   0x00000014   Code   RO         1650    i.DS18B20_Init      ds18b20.o
    0x00001f1c   0x00001f1c   0x0000002a   Code   RO         1651    i.DS18B20_InitializationCommand  ds18b20.o
    0x00001f46   0x00001f46   0x00000002   PAD
    0x00001f48   0x00001f48   0x0000005c   Code   RO         1652    i.DS18B20_ReadRom   ds18b20.o
    0x00001fa4   0x00001fa4   0x000000ec   Code   RO         1653    i.DS18B20_ReadScratchpad  ds18b20.o
    0x00002090   0x00002090   0x0000002c   Code   RO         1654    i.DS18B20_SkipRom   ds18b20.o
    0x000020bc   0x000020bc   0x00000038   Code   RO         1655    i.DS18B20_WriteScratchpad  ds18b20.o
    0x000020f4   0x000020f4   0x00000002   Code   RO          239    i.ETHERNET_IRQHandler  interrupts.o
    0x000020f6   0x000020f6   0x00000002   Code   RO          240    i.EXT_INT1_IRQHandler  interrupts.o
    0x000020f8   0x000020f8   0x00000002   Code   RO          241    i.EXT_INT2_IRQHandler  interrupts.o
    0x000020fa   0x000020fa   0x00000002   Code   RO          242    i.EXT_INT3_IRQHandler  interrupts.o
    0x000020fc   0x000020fc   0x00000002   Code   RO          243    i.EXT_INT4_IRQHandler  interrupts.o
    0x000020fe   0x000020fe   0x0000007a   Code   RO         1656    i.ExecuteCommand    ds18b20.o
    0x00002178   0x00002178   0x00000010   Code   RO         2890    i.GetRecipePageAddress  recipe_manager.o
    0x00002188   0x00002188   0x00000028   Code   RO         3079    i.HAL_SPI_Receive   w25qxx.o
    0x000021b0   0x000021b0   0x00000078   Code   RO         1087    i.HAL_UART_Receive  mdr32_uart.o
    0x00002228   0x00002228   0x000000a0   Code   RO         1088    i.HAL_UART_Transmit  mdr32_uart.o
    0x000022c8   0x000022c8   0x0000007c   Code   RO          602    i.HC595_Init        hc595.o
    0x00002344   0x00002344   0x00000098   Code   RO          603    i.HC595_SendByte    hc595.o
    0x000023dc   0x000023dc   0x00000004   Code   RO          244    i.HardFault_Handler  interrupts.o
    0x000023e0   0x000023e0   0x00000044   Code   RO          469    i.I2Csft_GetAdrReg  i2c_soft.o
    0x00002424   0x00002424   0x0000003a   Code   RO          470    i.I2Csft_Init       i2c_soft.o
    0x0000245e   0x0000245e   0x0000015c   Code   RO          471    i.I2Csft_ReadByte   i2c_soft.o
    0x000025ba   0x000025ba   0x0000009c   Code   RO          472    i.I2Csft_Restart    i2c_soft.o
    0x00002656   0x00002656   0x00000032   Code   RO          473    i.I2Csft_SendAdrReg  i2c_soft.o
    0x00002688   0x00002688   0x0000012a   Code   RO          474    i.I2Csft_SendByte   i2c_soft.o
    0x000027b2   0x000027b2   0x00000002   PAD
    0x000027b4   0x000027b4   0x00000024   Code   RO          475    i.I2Csft_Settings   i2c_soft.o
    0x000027d8   0x000027d8   0x00000072   Code   RO          476    i.I2Csft_Start      i2c_soft.o
    0x0000284a   0x0000284a   0x00000060   Code   RO          477    i.I2Csft_Stop       i2c_soft.o
    0x000028aa   0x000028aa   0x0000000c   Code   RO          478    i.I2Csft_Wait       i2c_soft.o
    0x000028b6   0x000028b6   0x00000010   Code   RO         1842    i.MENU_Exec         menu.o
    0x000028c6   0x000028c6   0x00000002   PAD
    0x000028c8   0x000028c8   0x0000001c   Code   RO         1843    i.MENU_Init         menu.o
    0x000028e4   0x000028e4   0x00000058   Code   RO         1844    i.MENU_Move         menu.o
    0x0000293c   0x0000293c   0x00000078   Code   RO         1845    i.MENU_PrintPage    menu.o
    0x000029b4   0x000029b4   0x00000048   Code   RO         1846    i.MENU_PrintPtr     menu.o
    0x000029fc   0x000029fc   0x00000002   Code   RO          245    i.MIL_STD_1553B1_IRQHandler  interrupts.o
    0x000029fe   0x000029fe   0x00000002   Code   RO          246    i.MIL_STD_1553B2_IRQHandler  interrupts.o
    0x00002a00   0x00002a00   0x00000002   Code   RO          247    i.NMI_Handler       interrupts.o
    0x00002a02   0x00002a02   0x00000002   PAD
    0x00002a04   0x00002a04   0x00000014   Code   RO          807    i.NVIC_EnableIRQ    hal.o
    0x00002a18   0x00002a18   0x00000008   Code   RO         1732    i.OneWire_Init      onewire.o
    0x00002a20   0x00002a20   0x00000128   Code   RO         1092    i.OneWire_InitUart  mdr32_uart.o
    0x00002b48   0x00002b48   0x00000034   Code   RO         1733    i.OneWire_ProcessBit  onewire.o
    0x00002b7c   0x00002b7c   0x00000042   Code   RO         1734    i.OneWire_ProcessByte  onewire.o
    0x00002bbe   0x00002bbe   0x00000052   Code   RO         1735    i.OneWire_Reset     onewire.o
    0x00002c10   0x00002c10   0x00000140   Code   RO          543    i.PIO_Init_Pin      mdr32_inout.o
    0x00002d50   0x00002d50   0x00000010   Code   RO          544    i.PIO_ReadInputDataBit  mdr32_inout.o
    0x00002d60   0x00002d60   0x00000010   Code   RO          545    i.PIO_ResetBits     mdr32_inout.o
    0x00002d70   0x00002d70   0x00000010   Code   RO          546    i.PIO_SetBits       mdr32_inout.o
    0x00002d80   0x00002d80   0x00000104   Code   RO         3802    i.PORT_Init         mdr32fxqi_port.o
    0x00002e84   0x00002e84   0x00000012   Code   RO         3804    i.PORT_ReadInputDataBit  mdr32fxqi_port.o
    0x00002e96   0x00002e96   0x00000004   Code   RO         3805    i.PORT_ResetBits    mdr32fxqi_port.o
    0x00002e9a   0x00002e9a   0x00000004   Code   RO         3806    i.PORT_SetBits      mdr32fxqi_port.o
    0x00002e9e   0x00002e9e   0x0000001c   Code   RO         3807    i.PORT_StructInit   mdr32fxqi_port.o
    0x00002eba   0x00002eba   0x0000000c   Code   RO         3809    i.PORT_WriteBit     mdr32fxqi_port.o
    0x00002ec6   0x00002ec6   0x00000002   Code   RO          248    i.POWER_IRQHandler  interrupts.o
    0x00002ec8   0x00002ec8   0x00000002   Code   RO          249    i.PendSV_Handler    interrupts.o
    0x00002eca   0x00002eca   0x00000002   PAD
    0x00002ecc   0x00002ecc   0x00000090   Code   RO          548    i.PinInit_IN        mdr32_inout.o
    0x00002f5c   0x00002f5c   0x00000024   Code   RO         3872    i.RST_CLK_CPU_PLLcmd  mdr32fxqi_rst_clk.o
    0x00002f80   0x00002f80   0x00000054   Code   RO         3873    i.RST_CLK_CPU_PLLconfig  mdr32fxqi_rst_clk.o
    0x00002fd4   0x00002fd4   0x00000038   Code   RO         3874    i.RST_CLK_CPU_PLLstatus  mdr32fxqi_rst_clk.o
    0x0000300c   0x0000300c   0x00000024   Code   RO         3875    i.RST_CLK_CPU_PLLuse  mdr32fxqi_rst_clk.o
    0x00003030   0x00003030   0x0000001c   Code   RO         3876    i.RST_CLK_CPUclkPrescaler  mdr32fxqi_rst_clk.o
    0x0000304c   0x0000304c   0x00000020   Code   RO         3877    i.RST_CLK_CPUclkSelection  mdr32fxqi_rst_clk.o
    0x0000306c   0x0000306c   0x0000008c   Code   RO         3882    i.RST_CLK_DeInit    mdr32fxqi_rst_clk.o
    0x000030f8   0x000030f8   0x000001fc   Code   RO         3883    i.RST_CLK_GetClocksFreq  mdr32fxqi_rst_clk.o
    0x000032f4   0x000032f4   0x00000034   Code   RO         3884    i.RST_CLK_GetFlagStatus  mdr32fxqi_rst_clk.o
    0x00003328   0x00003328   0x0000003c   Code   RO         3888    i.RST_CLK_HSEconfig  mdr32fxqi_rst_clk.o
    0x00003364   0x00003364   0x00000038   Code   RO         3889    i.RST_CLK_HSEstatus  mdr32fxqi_rst_clk.o
    0x0000339c   0x0000339c   0x00000028   Code   RO         3892    i.RST_CLK_HSIcmd    mdr32fxqi_rst_clk.o
    0x000033c4   0x000033c4   0x00000038   Code   RO         3893    i.RST_CLK_HSIstatus  mdr32fxqi_rst_clk.o
    0x000033fc   0x000033fc   0x00000020   Code   RO         3899    i.RST_CLK_PCLKcmd   mdr32fxqi_rst_clk.o
    0x0000341c   0x0000341c   0x00000034   Code   RO         3908    i.RST_CLK_WarmDeInit  mdr32fxqi_rst_clk.o
    0x00003450   0x00003450   0x0000000c   Code   RO         2892    i.Recipe_GetCount   recipe_manager.o
    0x0000345c   0x0000345c   0x000000a8   Code   RO         2896    i.Recipe_GetNames   recipe_manager.o
    0x00003504   0x00003504   0x00000060   Code   RO         2898    i.Recipe_ReadFromFlash  recipe_manager.o
    0x00003564   0x00003564   0x00000084   Code   RO         2901    i.Recipe_StorageInit  recipe_manager.o
    0x000035e8   0x000035e8   0x00000026   Code   RO         3312    i.SPI_transmit      w25qxx_spi.o
    0x0000360e   0x0000360e   0x00000002   Code   RO          250    i.SSP1_IRQHandler   interrupts.o
    0x00003610   0x00003610   0x00000002   Code   RO          251    i.SSP2_IRQHandler   interrupts.o
    0x00003612   0x00003612   0x00000002   Code   RO          252    i.SSP3_IRQHandler   interrupts.o
    0x00003614   0x00003614   0x0000006c   Code   RO         4123    i.SSP_BRGInit       mdr32fxqi_ssp.o
    0x00003680   0x00003680   0x0000001c   Code   RO         4125    i.SSP_Cmd           mdr32fxqi_ssp.o
    0x0000369c   0x0000369c   0x00000012   Code   RO         4127    i.SSP_DeInit        mdr32fxqi_ssp.o
    0x000036ae   0x000036ae   0x00000012   Code   RO         4128    i.SSP_GetFlagStatus  mdr32fxqi_ssp.o
    0x000036c0   0x000036c0   0x00000026   Code   RO         4132    i.SSP_Init          mdr32fxqi_ssp.o
    0x000036e6   0x000036e6   0x00000008   Code   RO         4133    i.SSP_ReceiveData   mdr32fxqi_ssp.o
    0x000036ee   0x000036ee   0x00000004   Code   RO         4134    i.SSP_SendData      mdr32fxqi_ssp.o
    0x000036f2   0x000036f2   0x0000001c   Code   RO         4135    i.SSP_StructInit    mdr32fxqi_ssp.o
    0x0000370e   0x0000370e   0x00000042   Code   RO         1280    i.ST7567_FB_align_text  st7567_fb.o
    0x00003750   0x00003750   0x00000020   Code   RO         1282    i.ST7567_FB_charWidth  st7567_fb.o
    0x00003770   0x00003770   0x0000001e   Code   RO         1283    i.ST7567_FB_clerBitmap  st7567_fb.o
    0x0000378e   0x0000378e   0x00000002   PAD
    0x00003790   0x00003790   0x00000014   Code   RO         1284    i.ST7567_FB_cls     st7567_fb.o
    0x000037a4   0x000037a4   0x00000058   Code   RO         1287    i.ST7567_FB_display  st7567_fb.o
    0x000037fc   0x000037fc   0x0000002c   Code   RO         1290    i.ST7567_FB_displayOn  st7567_fb.o
    0x00003828   0x00003828   0x00000028   Code   RO         1291    i.ST7567_FB_drawBitmap  st7567_fb.o
    0x00003850   0x00003850   0x0000003c   Code   RO         1294    i.ST7567_FB_drawLineH  st7567_fb.o
    0x0000388c   0x0000388c   0x000000d0   Code   RO         1300    i.ST7567_FB_drawPixel  st7567_fb.o
    0x0000395c   0x0000395c   0x0000005a   Code   RO         1306    i.ST7567_FB_fillRect  st7567_fb.o
    0x000039b6   0x000039b6   0x00000002   PAD
    0x000039b8   0x000039b8   0x00000038   Code   RO         1311    i.ST7567_FB_gotoXY  st7567_fb.o
    0x000039f0   0x000039f0   0x00000030   Code   RO         1313    i.ST7567_FB_initCmds  st7567_fb.o
    0x00003a20   0x00003a20   0x00000218   Code   RO         1319    i.ST7567_FB_printText  st7567_fb.o
    0x00003c38   0x00003c38   0x00000028   Code   RO         1321    i.ST7567_FB_setContrast  st7567_fb.o
    0x00003c60   0x00003c60   0x00000020   Code   RO         1323    i.ST7567_FB_setFont  st7567_fb.o
    0x00003c80   0x00003c80   0x0000004c   Code   RO         1326    i.ST7567_FB_setRotation  st7567_fb.o
    0x00003ccc   0x00003ccc   0x00000050   Code   RO         1329    i.ST7567_FB_strWidth  st7567_fb.o
    0x00003d1c   0x00003d1c   0x00000002   Code   RO          253    i.SVC_Handler       interrupts.o
    0x00003d1e   0x00003d1e   0x00000002   PAD
    0x00003d20   0x00003d20   0x00000078   Code   RO         1093    i.SetBaudrate       mdr32_uart.o
    0x00003d98   0x00003d98   0x00000050   Code   RO         2788    i.StateMachine_Process  state_machine.o
    0x00003de8   0x00003de8   0x0000002c   Code   RO         2789    i.StateMachine_ProcessBoiling  state_machine.o
    0x00003e14   0x00003e14   0x0000002c   Code   RO         3001    i.StateMachine_ProcessBoilingLoaded  state_machineloaded.o
    0x00003e40   0x00003e40   0x00000070   Code   RO         2790    i.StateMachine_ProcessCooling  state_machine.o
    0x00003eb0   0x00003eb0   0x00000070   Code   RO         3002    i.StateMachine_ProcessCoolingLoaded  state_machineloaded.o
    0x00003f20   0x00003f20   0x00000068   Code   RO         2791    i.StateMachine_ProcessFermenting  state_machine.o
    0x00003f88   0x00003f88   0x00000068   Code   RO         3003    i.StateMachine_ProcessFermentingLoaded  state_machineloaded.o
    0x00003ff0   0x00003ff0   0x00000028   Code   RO         2792    i.StateMachine_ProcessLautering  state_machine.o
    0x00004018   0x00004018   0x00000028   Code   RO         3004    i.StateMachine_ProcessLauteringLoaded  state_machineloaded.o
    0x00004040   0x00004040   0x00000074   Code   RO         2793    i.StateMachine_ProcessMashing  state_machine.o
    0x000040b4   0x000040b4   0x00000074   Code   RO         3005    i.StateMachine_ProcessMashingLoaded  state_machineloaded.o
    0x00004128   0x00004128   0x00000050   Code   RO         3006    i.StateMachine_Process_Loaded  state_machineloaded.o
    0x00004178   0x00004178   0x0000000c   Code   RO         2794    i.StateMachine_Process_Start  state_machine.o
    0x00004184   0x00004184   0x0000000c   Code   RO         3007    i.StateMachine_Process_Start_Loaded  state_machineloaded.o
    0x00004190   0x00004190   0x00000014   Code   RO         2795    i.StateMachine_Process_Stop  state_machine.o
    0x000041a4   0x000041a4   0x00000014   Code   RO         3008    i.StateMachine_Process_Stop_Loaded  state_machineloaded.o
    0x000041b8   0x000041b8   0x00000002   Code   RO          254    i.SysTick_Handler   interrupts.o
    0x000041ba   0x000041ba   0x00000002   PAD
    0x000041bc   0x000041bc   0x0000009c   Code   RO         3574    i.SystemCoreClockUpdate  system_k1986ve1xi.o
    0x00004258   0x00004258   0x000000cc   Code   RO         3575    i.SystemInit        system_k1986ve1xi.o
    0x00004324   0x00004324   0x00000060   Code   RO          255    i.TIMER1_IRQHandler  interrupts.o
    0x00004384   0x00004384   0x00000054   Code   RO          256    i.TIMER2_IRQHandler  interrupts.o
    0x000043d8   0x000043d8   0x00000002   Code   RO          257    i.TIMER3_IRQHandler  interrupts.o
    0x000043da   0x000043da   0x00000002   Code   RO          258    i.TIMER4_IRQHandler  interrupts.o
    0x000043dc   0x000043dc   0x000000a4   Code   RO         4215    i.TIMER_BRGInit     mdr32fxqi_timer.o
    0x00004480   0x00004480   0x00000006   Code   RO         4242    i.TIMER_ClearFlag   mdr32fxqi_timer.o
    0x00004486   0x00004486   0x00000016   Code   RO         4243    i.TIMER_Cmd         mdr32fxqi_timer.o
    0x0000449c   0x0000449c   0x0000003a   Code   RO         4246    i.TIMER_CntInit     mdr32fxqi_timer.o
    0x000044d6   0x000044d6   0x00000056   Code   RO         4250    i.TIMER_DeInit      mdr32fxqi_timer.o
    0x0000452c   0x0000452c   0x0000001a   Code   RO         4266    i.TIMER_GetITStatus  mdr32fxqi_timer.o
    0x00004546   0x00004546   0x0000001c   Code   RO         4268    i.TIMER_ITConfig    mdr32fxqi_timer.o
    0x00004562   0x00004562   0x00000002   Code   RO          259    i.UART1_IRQHandler  interrupts.o
    0x00004564   0x00004564   0x00000034   Code   RO          260    i.UART2_IRQHandler  interrupts.o
    0x00004598   0x00004598   0x0000004c   Code   RO         4589    i.UART_BRGInit      mdr32fxqi_uart.o
    0x000045e4   0x000045e4   0x00000004   Code   RO         4591    i.UART_ClearITPendingBit  mdr32fxqi_uart.o
    0x000045e8   0x000045e8   0x0000001c   Code   RO         4592    i.UART_Cmd          mdr32fxqi_uart.o
    0x00004604   0x00004604   0x0000002c   Code   RO         4595    i.UART_DeInit       mdr32fxqi_uart.o
    0x00004630   0x00004630   0x00000012   Code   RO         4596    i.UART_GetFlagStatus  mdr32fxqi_uart.o
    0x00004642   0x00004642   0x00000012   Code   RO         4597    i.UART_GetITStatus  mdr32fxqi_uart.o
    0x00004654   0x00004654   0x00000014   Code   RO         4599    i.UART_ITConfig     mdr32fxqi_uart.o
    0x00004668   0x00004668   0x000000c8   Code   RO         4600    i.UART_Init         mdr32fxqi_uart.o
    0x00004730   0x00004730   0x00000008   Code   RO         4603    i.UART_ReceiveData  mdr32fxqi_uart.o
    0x00004738   0x00004738   0x00000004   Code   RO         4604    i.UART_SendData     mdr32fxqi_uart.o
    0x0000473c   0x0000473c   0x0000001a   Code   RO         4605    i.UART_StructInit   mdr32fxqi_uart.o
    0x00004756   0x00004756   0x00000002   Code   RO          261    i.USB_IRQHandler    interrupts.o
    0x00004758   0x00004758   0x0000014c   Code   RO         3085    i.W25qxx_Init       w25qxx.o
    0x000048a4   0x000048a4   0x00000178   Code   RO         3087    i.W25qxx_IsEmptyPage  w25qxx.o
    0x00004a1c   0x00004a1c   0x00000050   Code   RO         3094    i.W25qxx_ReadID     w25qxx.o
    0x00004a6c   0x00004a6c   0x000000c4   Code   RO         3095    i.W25qxx_ReadPage   w25qxx.o
    0x00004b30   0x00004b30   0x00000068   Code   RO         3097    i.W25qxx_ReadStatusRegister  w25qxx.o
    0x00004b98   0x00004b98   0x00000050   Code   RO         3098    i.W25qxx_ReadUniqID  w25qxx.o
    0x00004be8   0x00004be8   0x0000000c   Code   RO         3100    i.W25qxx_SPI_DisableSS_m  w25qxx.o
    0x00004bf4   0x00004bf4   0x0000000c   Code   RO         3101    i.W25qxx_SPI_EnableSS_m  w25qxx.o
    0x00004c00   0x00004c00   0x00000008   Code   RO         3102    i.W25qxx_SPI_Init   w25qxx.o
    0x00004c08   0x00004c08   0x00000018   Code   RO         3104    i.W25qxx_SectorToPage  w25qxx.o
    0x00004c20   0x00004c20   0x00000018   Code   RO         3105    i.W25qxx_Spi        w25qxx.o
    0x00004c38   0x00004c38   0x00000002   Code   RO          262    i.WWDG_IRQHandler   interrupts.o
    0x00004c3a   0x00004c3a   0x00000020   Code   RO         1657    i.WaitForConversionFinished  ds18b20.o
    0x00004c5a   0x00004c5a   0x00000002   PAD
    0x00004c5c   0x00004c5c   0x000000c0   Code   RO          808    i.WiFi_uartInit     hal.o
    0x00004d1c   0x00004d1c   0x00000168   Code   RO         1331    i._ST7567_FB_clerBitmap  st7567_fb.o
    0x00004e84   0x00004e84   0x00000248   Code   RO         1332    i._ST7567_FB_drawBitmap  st7567_fb.o
    0x000050cc   0x000050cc   0x00000030   Code   RO         5079    i.__ARM_common_ll_muluu  c_p.l(btod.o)
    0x000050fc   0x000050fc   0x0000001c   Code   RO         2541    i.__ARM_common_switch8  menureceptshablon.o
    0x00005118   0x00005118   0x0000002c   Code   RO         5119    i.__ARM_fpclassify  m_ps.l(fpclassify.o)
    0x00005144   0x00005144   0x0000000e   Code   RO         4855    i._is_digit         c_p.l(__printf_wp.o)
    0x00005152   0x00005152   0x00000026   Code   RO         1779    i.allMenuTextClear  mainpage.o
    0x00005178   0x00005178   0x00000030   Code   RO          810    i.beep              hal.o
    0x000051a8   0x000051a8   0x0000005c   Code   RO         2238    i.cahageWiFiState   menusetting.o
    0x00005204   0x00005204   0x0000005c   Code   RO         2239    i.changeBtState     menusetting.o
    0x00005260   0x00005260   0x000001b4   Code   RO         2306    i.changeReceptValueTemperature  menureceptcontrol.o
    0x00005414   0x00005414   0x000001b4   Code   RO         2552    i.changeReceptValueTemperatureLoaded  menureceptloaded.o
    0x000055c8   0x000055c8   0x00000350   Code   RO         2307    i.changeReceptValueTime  menureceptcontrol.o
    0x00005918   0x00005918   0x00000350   Code   RO         2553    i.changeReceptValueTimeLoaded  menureceptloaded.o
    0x00005c68   0x00005c68   0x000001b4   Code   RO         2438    i.changeValue       menureceptshablon.o
    0x00005e1c   0x00005e1c   0x000001b8   Code   RO         2240    i.changeValueTime   menusetting.o
    0x00005fd4   0x00005fd4   0x00000350   Code   RO         2439    i.changeValueTime   menureceptshablon.o
    0x00006324   0x00006324   0x00000078   Code   RO         2749    i.checkSlider       slider.o
    0x0000639c   0x0000639c   0x00000014   Code   RO          811    i.collOff           hal.o
    0x000063b0   0x000063b0   0x00000050   Code   RO         1850    i.configureMenuButtons  menu.o
    0x00006400   0x00006400   0x00000014   Code   RO          180    i.delay_ms          delay.o
    0x00006414   0x00006414   0x00000060   Code   RO         2069    i.disinfection      menuclearing.o
    0x00006474   0x00006474   0x0000001c   Code   RO         2070    i.disinfectionProcessSkip  menuclearing.o
    0x00006490   0x00006490   0x00000070   Code   RO         2071    i.disinfectionProcessStart  menuclearing.o
    0x00006500   0x00006500   0x00000058   Code   RO         2072    i.displayTimeRemaining  menuclearing.o
    0x00006558   0x00006558   0x0000000c   Code   RO         3338    i.flashInit         flashcontroller.o
    0x00006564   0x00006564   0x00000002   Code   RO          816    i.functionNull      hal.o
    0x00006566   0x00006566   0x00000002   PAD
    0x00006568   0x00006568   0x0000000c   Code   RO          181    i.getGlobalTime     delay.o
    0x00006574   0x00006574   0x00000030   Code   RO         2442    i.getTemperatureStr  menureceptshablon.o
    0x000065a4   0x000065a4   0x00000034   Code   RO         2443    i.getTimerStr       menureceptshablon.o
    0x000065d8   0x000065d8   0x0000000c   Code   RO         1000    i.get_temperature   pid.o
    0x000065e4   0x000065e4   0x00000010   Code   RO          817    i.heatOff           hal.o
    0x000065f4   0x000065f4   0x00000010   Code   RO          818    i.heatOn            hal.o
    0x00006604   0x00006604   0x0000006c   Code   RO          819    i.initBuzerTimer    hal.o
    0x00006670   0x00006670   0x00000030   Code   RO          820    i.initBuzzer        hal.o
    0x000066a0   0x000066a0   0x00000064   Code   RO          821    i.initCLK           hal.o
    0x00006704   0x00006704   0x000000f8   Code   RO          822    i.initDevice        hal.o
    0x000067fc   0x000067fc   0x00000034   Code   RO          823    i.initLCDLed        hal.o
    0x00006830   0x00006830   0x0000006c   Code   RO          824    i.initMainTimer     hal.o
    0x0000689c   0x0000689c   0x00000010   Code   RO         1780    i.initMenuMainPage  mainpage.o
    0x000068ac   0x000068ac   0x00000030   Code   RO          825    i.initRelay         hal.o
    0x000068dc   0x000068dc   0x00000028   Code   RO          826    i.initResetPin      hal.o
    0x00006904   0x00006904   0x00000090   Code   RO          827    i.initSPI           hal.o
    0x00006994   0x00006994   0x00000200   Code   RO            3    i.main              main.o
    0x00006b94   0x00006b94   0x00000020   Code   RO         2444    i.menuChangeDataFunctionTemp  menureceptshablon.o
    0x00006bb4   0x00006bb4   0x00000018   Code   RO         2308    i.menuChangeDataFunctionTempRecepte  menureceptcontrol.o
    0x00006bcc   0x00006bcc   0x00000018   Code   RO         2554    i.menuChangeDataFunctionTempRecepteLoaded  menureceptloaded.o
    0x00006be4   0x00006be4   0x00000020   Code   RO         2445    i.menuChangeDataFunctionTimer  menureceptshablon.o
    0x00006c04   0x00006c04   0x00000018   Code   RO         2309    i.menuChangeDataFunctionTimerRecepte  menureceptcontrol.o
    0x00006c1c   0x00006c1c   0x00000018   Code   RO         2555    i.menuChangeDataFunctionTimerRecepteLoaded  menureceptloaded.o
    0x00006c34   0x00006c34   0x00000020   Code   RO         2241    i.menuChangeTimeFunctionTime  menusetting.o
    0x00006c54   0x00006c54   0x0000001c   Code   RO         2242    i.menuChangeTimesetButtonNavigationFunction  menusetting.o
    0x00006c70   0x00006c70   0x000000b0   Code   RO         1852    i.menuNavigation    menu.o
    0x00006d20   0x00006d20   0x0000002c   Code   RO            4    i.menuNavigationFunction  main.o
    0x00006d4c   0x00006d4c   0x00000058   Code   RO         2243    i.menuSetTimeOK     menusetting.o
    0x00006da4   0x00006da4   0x0000000c   Code   RO          183    i.millis            delay.o
    0x00006db0   0x00006db0   0x0000002e   Code   RO         2684    i.mpr121_get_touch  mpr121.o
    0x00006dde   0x00006dde   0x00000002   PAD
    0x00006de0   0x00006de0   0x00000188   Code   RO         2685    i.mpr121_init       mpr121.o
    0x00006f68   0x00006f68   0x00000020   Code   RO         1001    i.myFabs            pid.o
    0x00006f88   0x00006f88   0x00000012   Code   RO         3426    i.my_memset         json.o
    0x00006f9a   0x00006f9a   0x00000002   PAD
    0x00006f9c   0x00006f9c   0x00000010   Code   RO          828    i.nasosOff          hal.o
    0x00006fac   0x00006fac   0x00000010   Code   RO          829    i.nasosOn           hal.o
    0x00006fbc   0x00006fbc   0x00000028   Code   RO         1002    i.pid_Off           pid.o
    0x00006fe4   0x00006fe4   0x0000011c   Code   RO         1003    i.pid_compute       pid.o
    0x00007100   0x00007100   0x00000050   Code   RO         1004    i.pid_init          pid.o
    0x00007150   0x00007150   0x000001b0   Code   RO         1005    i.pid_relay_control  pid.o
    0x00007300   0x00007300   0x00000004   Code   RO         1007    i.pid_set_setpoint  pid.o
    0x00007304   0x00007304   0x000000a8   Code   RO         2244    i.printChangeTime   menusetting.o
    0x000073ac   0x000073ac   0x00000014   Code   RO         2310    i.printInsRecept    menureceptcontrol.o
    0x000073c0   0x000073c0   0x000002fc   Code   RO         1781    i.printMainPage     mainpage.o
    0x000076bc   0x000076bc   0x00000068   Code   RO         2073    i.printMenuClearingState_1  menuclearing.o
    0x00007724   0x00007724   0x0000005c   Code   RO         2194    i.printMenuManualControl  menumanualcontrol.o
    0x00007780   0x00007780   0x0000005c   Code   RO         2008    i.printMenuReceptInt  menurecept.o
    0x000077dc   0x000077dc   0x0000016c   Code   RO         2009    i.printMenuReceptLoaded  menurecept.o
    0x00007948   0x00007948   0x0000005c   Code   RO         2010    i.printMenuReceptMain  menurecept.o
    0x000079a4   0x000079a4   0x0000006c   Code   RO         2245    i.printMenuSetting  menusetting.o
    0x00007a10   0x00007a10   0x00000014   Code   RO         2557    i.printReceptLoaded  menureceptloaded.o
    0x00007a24   0x00007a24   0x00000100   Code   RO         2446    i.printShablon      menureceptshablon.o
    0x00007b24   0x00007b24   0x00000068   Code   RO         2195    i.printShablonManalControl  menumanualcontrol.o
    0x00007b8c   0x00007b8c   0x000000f4   Code   RO         2312    i.printShablonRecepte  menureceptcontrol.o
    0x00007c80   0x00007c80   0x000000f4   Code   RO         2558    i.printShablonRecepteLoaded  menureceptloaded.o
    0x00007d74   0x00007d74   0x0000001c   Code   RO          830    i.printTempSensorError  hal.o
    0x00007d90   0x00007d90   0x00000054   Code   RO         1191    i.readTemperature   tempsensor.o
    0x00007de4   0x00007de4   0x0000001c   Code   RO         2686    i.read_register     mpr121.o
    0x00007e00   0x00007e00   0x000001a8   Code   RO         2313    i.receptSetFunction  menureceptcontrol.o
    0x00007fa8   0x00007fa8   0x000001a8   Code   RO         2559    i.receptSetFunctionLoaded  menureceptloaded.o
    0x00008150   0x00008150   0x0000000c   Code   RO         2074    i.returnMenuClearingState_1  menuclearing.o
    0x0000815c   0x0000815c   0x00000068   Code   RO         2075    i.rinsingProcess    menuclearing.o
    0x000081c4   0x000081c4   0x00000008   Code   RO         2076    i.rinsingProcessSkip  menuclearing.o
    0x000081cc   0x000081cc   0x00000064   Code   RO         2077    i.rinsingProcessStart  menuclearing.o
    0x00008230   0x00008230   0x00000018   Code   RO         1333    i.sendCmd           st7567_fb.o
    0x00008248   0x00008248   0x00000038   Code   RO         1335    i.sendSPI           st7567_fb.o
    0x00008280   0x00008280   0x0000001c   Code   RO         2447    i.setButtonNavigationToChangeValueTemp  menureceptshablon.o
    0x0000829c   0x0000829c   0x0000001c   Code   RO         2314    i.setButtonNavigationToChangeValueTempRecepte  menureceptcontrol.o
    0x000082b8   0x000082b8   0x0000001c   Code   RO         2560    i.setButtonNavigationToChangeValueTempRecepteLoaded  menureceptloaded.o
    0x000082d4   0x000082d4   0x0000001c   Code   RO         2448    i.setButtonNavigationToChangeValueTimer  menureceptshablon.o
    0x000082f0   0x000082f0   0x0000001c   Code   RO         2315    i.setButtonNavigationToChangeValueTimerRecepte  menureceptcontrol.o
    0x0000830c   0x0000830c   0x0000001c   Code   RO         2561    i.setButtonNavigationToChangeValueTimerRecepteLoaded  menureceptloaded.o
    0x00008328   0x00008328   0x0000000c   Code   RO          184    i.setGlobalTime     delay.o
    0x00008334   0x00008334   0x00000010   Code   RO         2449    i.setMenuNavigationToChangeValue  menureceptshablon.o
    0x00008344   0x00008344   0x00000010   Code   RO         2316    i.setMenuNavigationToChangeValueRecepte  menureceptcontrol.o
    0x00008354   0x00008354   0x00000010   Code   RO         2562    i.setMenuNavigationToChangeValueRecepteLoaded  menureceptloaded.o
    0x00008364   0x00008364   0x00000024   Code   RO         1008    i.set_cooler        pid.o
    0x00008388   0x00008388   0x00000020   Code   RO         1009    i.set_heater        pid.o
    0x000083a8   0x000083a8   0x00000020   Code   RO         1010    i.set_pump          pid.o
    0x000083c8   0x000083c8   0x00000130   Code   RO         2450    i.shablonExecute    menureceptshablon.o
    0x000084f8   0x000084f8   0x00000044   Code   RO         2451    i.shablonPrintCurrentData  menureceptshablon.o
    0x0000853c   0x0000853c   0x000000f8   Code   RO         2452    i.shablonSetFunction  menureceptshablon.o
    0x00008634   0x00008634   0x000000f0   Code   RO         2318    i.shablonSetFunctionAutoResnart  menureceptcontrol.o
    0x00008724   0x00008724   0x000000f0   Code   RO         2564    i.shablonSetFunctionAutoResnartLoaded  menureceptloaded.o
    0x00008814   0x00008814   0x000000bc   Code   RO         2319    i.shablonSetFunctionBoilingAutoResnart  menureceptcontrol.o
    0x000088d0   0x000088d0   0x000000bc   Code   RO         2565    i.shablonSetFunctionBoilingAutoResnartLoaded  menureceptloaded.o
    0x0000898c   0x0000898c   0x000000ac   Code   RO         2320    i.shablonSetFunctionCoolingAutoResnart  menureceptcontrol.o
    0x00008a38   0x00008a38   0x000000ac   Code   RO         2566    i.shablonSetFunctionCoolingAutoResnartLoaded  menureceptloaded.o
    0x00008ae4   0x00008ae4   0x000000b8   Code   RO         2321    i.shablonSetFunctionFermentingAutoResnart  menureceptcontrol.o
    0x00008b9c   0x00008b9c   0x000000b8   Code   RO         2567    i.shablonSetFunctionFermentingAutoResnartLoaded  menureceptloaded.o
    0x00008c54   0x00008c54   0x00000094   Code   RO         2322    i.shablonSetFunctionFilnrationAutoResnart  menureceptcontrol.o
    0x00008ce8   0x00008ce8   0x00000094   Code   RO         2568    i.shablonSetFunctionFilnrationAutoResnartLoaded  menureceptloaded.o
    0x00008d7c   0x00008d7c   0x0000006c   Code   RO         2323    i.startRecepteProcess  menureceptcontrol.o
    0x00008de8   0x00008de8   0x00000034   Code   RO         2569    i.startRecepteProcessLoaded  menureceptloaded.o
    0x00008e1c   0x00008e1c   0x00000138   Code   RO         2796    i.stateMahineReceptTimer  state_machine.o
    0x00008f54   0x00008f54   0x00000138   Code   RO         3009    i.stateMahineReceptTimerLoaded  state_machineloaded.o
    0x0000908c   0x0000908c   0x00000080   Code   RO         2324    i.stopProcess       menureceptcontrol.o
    0x0000910c   0x0000910c   0x00000028   Code   RO         2078    i.supportWoshingTemperature  menuclearing.o
    0x00009134   0x00009134   0x0000008c   Code   RO         2797    i.switchStadge      state_machine.o
    0x000091c0   0x000091c0   0x00000080   Code   RO         1192    i.tempSensorInit    tempsensor.o
    0x00009240   0x00009240   0x00000070   Code   RO         2079    i.transitionToCompletionMenu  menuclearing.o
    0x000092b0   0x000092b0   0x00000070   Code   RO         2080    i.transitionToDisinfectionMenu  menuclearing.o
    0x00009320   0x00009320   0x00000078   Code   RO         2081    i.transitionToRinsingMenu  menuclearing.o
    0x00009398   0x00009398   0x00000022   Code   RO         3441    i.uart_parser_init  json.o
    0x000093ba   0x000093ba   0x00000002   PAD
    0x000093bc   0x000093bc   0x00000054   Code   RO         3442    i.uart_receive_byte  json.o
    0x00009410   0x00009410   0x00000078   Code   RO         3313    i.w25qxx_spi_Init   w25qxx_spi.o
    0x00009488   0x00009488   0x00000030   Code   RO         2082    i.woshingCancel     menuclearing.o
    0x000094b8   0x000094b8   0x00000008   Code   RO         2083    i.woshingComplite   menuclearing.o
    0x000094c0   0x000094c0   0x0000006c   Code   RO         2084    i.woshingProcess    menuclearing.o
    0x0000952c   0x0000952c   0x00000078   Code   RO         2085    i.woshingProcessStart  menuclearing.o
    0x000095a4   0x000095a4   0x00000008   Code   RO         2086    i.woshingSkip       menuclearing.o
    0x000095ac   0x000095ac   0x0000001c   Code   RO         2687    i.write_register    mpr121.o
    0x000095c8   0x000095c8   0x0000002c   Code   RO         5096    locale$$code        c_p.l(lc_numeric_c.o)
    0x000095f4   0x000095f4   0x0000008c   Code   RO         4900    x$fpl$fadd          fz_ps.l(faddsub.o)
    0x00009680   0x00009680   0x00000054   Code   RO         4909    x$fpl$feqf          fz_ps.l(feqf.o)
    0x000096d4   0x000096d4   0x00000054   Code   RO         4913    x$fpl$fleqf         fz_ps.l(flef.o)
    0x00009728   0x00009728   0x000000b0   Code   RO         4915    x$fpl$fmul          fz_ps.l(fmul.o)
    0x000097d8   0x000097d8   0x00000058   Code   RO         4917    x$fpl$frleqf        fz_ps.l(frlef.o)
    0x00009830   0x00009830   0x000000d0   Code   RO         4902    x$fpl$fsub          fz_ps.l(faddsub.o)
    0x00009900   0x00009900   0x00000010   Code   RO         4919    x$fpl$printf1       fz_ps.l(printf1.o)
    0x00009910   0x00009910   0x00000000   Code   RO         5037    x$fpl$usenofp       fz_ps.l(usenofp.o)
    0x00009910   0x00009910   0x000002d6   Data   RO         1220    .constdata          grapf.o
    0x00009be6   0x00009be6   0x00000002   PAD
    0x00009be8   0x00009be8   0x00000ad4   Data   RO         1237    .constdata          microsoftsansserif_8ptfont.o
    0x0000a6bc   0x0000a6bc   0x0000004d   Data   RO         1337    .constdata          st7567_fb.o
    0x0000a709   0x0000a709   0x00000008   Data   RO         1861    .constdata          menu.o
    0x0000a711   0x0000a711   0x0000044b   Data   RO         1988    .constdata          mainfest.o
    0x0000ab5c   0x0000ab5c   0x000001b4   Data   RO         2774    .constdata          recept.o
    0x0000ad10   0x0000ad10   0x00000040   Data   RO         3576    .constdata          system_k1986ve1xi.o
    0x0000ad50   0x0000ad50   0x00000011   Data   RO         4858    .constdata          c_p.l(__printf_flags_wp.o)
    0x0000ad61   0x0000ad61   0x00000040   Data   RO         4907    .constdata          fz_ps.l(fdiv.o)
    0x0000ada1   0x0000ada1   0x00000003   PAD
    0x0000ada4   0x0000ada4   0x00000094   Data   RO         5075    .constdata          c_p.l(bigflt0.o)
    0x0000ae38   0x0000ae38   0x00000020   Data   RO         5265    Region$$Table       anon$$obj.o
    0x0000ae58   0x0000ae58   0x0000001c   Data   RO         5095    locale$$data        c_p.l(lc_numeric_c.o)


    Execution Region RW_IRAM1 (Exec base: 0x20000000, Load base: 0x0000ae74, Size: 0x00003a50, Max: 0x00008000, ABSOLUTE, COMPRESSED[0x00000354])

    Exec Addr    Load Addr    Size         Type   Attr      Idx    E Section Name        Object

    0x20000000   COMPRESSED   0x00000079   Data   RW            7    .data               main.o
    0x20000079   COMPRESSED   0x00000007   PAD
    0x20000080   COMPRESSED   0x00000018   Data   RW          185    .data               delay.o
    0x20000098   COMPRESSED   0x00000001   Data   RW          263    .data               interrupts.o
    0x20000099   COMPRESSED   0x00000001   Data   RW          606    .data               hc595.o
    0x2000009a   COMPRESSED   0x00000006   PAD
    0x200000a0   COMPRESSED   0x0000001e   Data   RW          833    .data               hal.o
    0x200000be   COMPRESSED   0x00000002   PAD
    0x200000c0   COMPRESSED   0x00000024   Data   RW         1012    .data               pid.o
    0x200000e4   COMPRESSED   0x0000000c   Data   RW         1193    .data               tempsensor.o
    0x200000f0   COMPRESSED   0x00000038   Data   RW         1338    .data               st7567_fb.o
    0x20000128   COMPRESSED   0x0000000f   Data   RW         1659    .data               ds18b20.o
    0x20000137   COMPRESSED   0x00000001   PAD
    0x20000138   COMPRESSED   0x00000091   Data   RW         1782    .data               mainpage.o
    0x200001c9   COMPRESSED   0x00000003   PAD
    0x200001cc   COMPRESSED   0x00000052   Data   RW         1862    .data               menu.o
    0x2000021e   COMPRESSED   0x00000002   PAD
    0x20000220   COMPRESSED   0x00000104   Data   RW         2014    .data               menurecept.o
    0x20000324   COMPRESSED   0x00000004   PAD
    0x20000328   COMPRESSED   0x00000030   Data   RW         2087    .data               menuclearing.o
    0x20000358   COMPRESSED   0x000000e4   Data   RW         2197    .data               menumanualcontrol.o
    0x2000043c   COMPRESSED   0x00000004   PAD
    0x20000440   COMPRESSED   0x00000126   Data   RW         2246    .data               menusetting.o
    0x20000566   COMPRESSED   0x00000002   PAD
    0x20000568   COMPRESSED   0x000000b8   Data   RW         2325    .data               menureceptcontrol.o
    0x20000620   COMPRESSED   0x00000148   Data   RW         2454    .data               menureceptshablon.o
    0x20000768   COMPRESSED   0x000000b8   Data   RW         2571    .data               menureceptloaded.o
    0x20000820   COMPRESSED   0x00000001   Data   RW         2750    .data               slider.o
    0x20000821   COMPRESSED   0x00000007   PAD
    0x20000828   COMPRESSED   0x00000030   Data   RW         2798    .data               state_machine.o
    0x20000858   COMPRESSED   0x00000085   Data   RW         2904    .data               recipe_manager.o
    0x200008dd   COMPRESSED   0x00000003   PAD
    0x200008e0   COMPRESSED   0x00000030   Data   RW         3010    .data               state_machineloaded.o
    0x20000910   COMPRESSED   0x00000004   Data   RW         3577    .data               system_k1986ve1xi.o
    0x20000914        -       0x0000006a   Zero   RW          832    .bss                hal.o
    0x2000097e   COMPRESSED   0x00000002   PAD
    0x20000980        -       0x00000030   Zero   RW         1011    .bss                pid.o
    0x200009b0        -       0x0000042d   Zero   RW         1100    .bss                mdr32_uart.o
    0x20000ddd   COMPRESSED   0x00000003   PAD
    0x20000de0        -       0x00000854   Zero   RW         1336    .bss                st7567_fb.o
    0x20001634        -       0x00000018   Zero   RW         1658    .bss                ds18b20.o
    0x2000164c        -       0x00000038   Zero   RW         1860    .bss                menu.o
    0x20001684        -       0x00000084   Zero   RW         2013    .bss                menurecept.o
    0x20001708        -       0x0000003c   Zero   RW         2453    .bss                menureceptshablon.o
    0x20001744        -       0x0000007b   Zero   RW         2903    .bss                recipe_manager.o
    0x200017bf   COMPRESSED   0x00000001   PAD
    0x200017c0        -       0x00000028   Zero   RW         3114    .bss                w25qxx.o
    0x200017e8        -       0x00000206   Zero   RW         3443    .bss                json.o
    0x200019ee   COMPRESSED   0x00000002   PAD
    0x200019f0        -       0x00000060   Zero   RW         5041    .bss                c_p.l(libspace.o)
    0x20001a50        -       0x00001000   Zero   RW         3566    HEAP                startup_k1986ve1xi.o
    0x20002a50        -       0x00001000   Zero   RW         3565    STACK               startup_k1986ve1xi.o


    Execution Region RW_IRAM2 (Exec base: 0x20100000, Load base: 0x0000b1c8, Size: 0x00000000, Max: 0x00004000, ABSOLUTE)

    **** No section assigned to this execution region ****


==============================================================================

Image component sizes


      Code (inc. data)   RO Data    RW Data    ZI Data      Debug   Object Name

        56         22          0         24          0       2083   delay.o
       810         40          0         15         24       9799   ds18b20.o
        12          0          0          0          0        460   flashcontroller.o
         0          0        726          0          0       1693   grapf.o
      1270        142          0         30        106      13400   hal.o
       276         16          0          1          0       2038   hc595.o
      1236          4          0          0          0       6171   i2c_soft.o
       298         46          0          1          0      15003   interrupts.o
       136          6          0          0        518       2997   json.o
       556         68          0        121          0     138992   main.o
         0          0       1099          0          0       3187   mainfest.o
       818         60          0        145          0       5255   mainpage.o
       512         46          0          0          0       9525   mdr32_inout.o
       696         32          0          0       1069       4566   mdr32_uart.o
       326          4          0          0          0       4878   mdr32fxqi_port.o
      1268         78          0          0          0      12527   mdr32fxqi_rst_clk.o
       250         22          0          0          0       5614   mdr32fxqi_ssp.o
       390         22          0          0          0       5450   mdr32fxqi_timer.o
       446         36          0          0          0       8674   mdr32fxqi_uart.o
       580         68          8         82         56       7675   menu.o
      1328        358          0         48          0       9401   menuclearing.o
       196         70          0        228          0       5629   menumanualcontrol.o
       548        100          0        260        132       5639   menurecept.o
      3260        508          0        184          0      12283   menureceptcontrol.o
      3076        458          0        184          0      11842   menureceptloaded.o
      2424        356          0        328         60      10700   menureceptshablon.o
      1048        210          0        294          0       6136   menusetting.o
         0          0       2772          0          0       1469   microsoftsansserif_8ptfont.o
       494         18          0          0          0       3306   mpr121.o
       208          0          0          0          0       2886   onewire.o
       984         82          0         36         48       7321   pid.o
         0          0        436          0          0       2033   recept.o
       500         30          0        133        123       5723   recipe_manager.o
       120          4          0          1          0        926   slider.o
      2570        106         77         56       2132      21262   st7567_fb.o
       116         28        192          0       8192       1960   startup_k1986ve1xi.o
       980        170          0         48          0      11429   state_machine.o
       840        148          0         48          0       8064   state_machineloaded.o
       360         50         64          4          0       2305   system_k1986ve1xi.o
       212         32          0         12          0       1417   tempsensor.o
      1288         88          0          0         40       9710   w25qxx.o
       158          4          0          0          0       1657   w25qxx_spi.o

    ----------------------------------------------------------------------
     30676       3532       5408       2324      12508     403085   Object Totals
         0          0         32          0          0          0   (incl. Generated)
        30          0          2         41          8          0   (incl. Padding)

    ----------------------------------------------------------------------

      Code (inc. data)   RO Data    RW Data    ZI Data      Debug   Library Member Name

        44          4          0          0          0         84   __2sprintf.o
        86          0          0          0          0          0   __dczerorl2.o
         8          0          0          0          0         68   __main.o
       312          6         17          0          0         76   __printf_flags_wp.o
        14          0          0          0          0         60   __printf_wp.o
         0          0          0          0          0          0   __rtentry.o
        12          0          0          0          0          0   __rtentry2.o
         6          0          0          0          0          0   __rtentry4.o
        60          8          0          0          0          0   __scatter.o
        28          0          0          0          0          0   __scatter_zi.o
        46          0          0          0          0        100   _printf_char.o
        48          6          0          0          0         88   _printf_char_common.o
        10          0          0          0          0          0   _printf_d.o
       108         18          0          0          0         76   _printf_dec.o
        10          0          0          0          0          0   _printf_f.o
      1048         14          0          0          0        176   _printf_fp_dec.o
       136         16          0          0          0         76   _printf_fp_infnan.o
       176          0          0          0          0         84   _printf_intcommon.o
        78          0          0          0          0        100   _printf_pad.o
         2          0          0          0          0          0   _printf_percent.o
         4          0          0          0          0          0   _printf_percent_end.o
        10          0          0          0          0          0   _printf_s.o
        82          0          0          0          0         72   _printf_str.o
        10          0          0          0          0         60   _sputc.o
       346          0          0          0          0         92   aeabi_sdiv.o
       216          6        148          0          0         80   bigflt0.o
      1456         30          0          0          0        336   btod.o
        12          0          0          0          0         68   defsig_exit.o
        52          0          0          0          0         72   defsig_general.o
        80         58          0          0          0         68   defsig_rtmem_inner.o
        12          0          0          0          0         68   defsig_rtmem_outer.o
        16          0          0          0          0         68   exit.o
        98          0          0          0          0         72   h1_alloc.o
        52          0          0          0          0         68   h1_extend.o
        76          0          0          0          0         72   h1_free.o
        14          0          0          0          0         76   h1_init.o
         6          0          0          0          0        136   heapauxi.o
         4          0          0          0          0        120   hguard.o
         0          0          0          0          0          0   indicate_semi.o
       136          0          0          0          0        160   init_alloc.o
        44         10         28          0          0         76   lc_numeric_c.o
         2          0          0          0          0          0   libinit.o
        26          0          0          0          0          0   libinit2.o
         2          0          0          0          0          0   libshutdown.o
         2          0          0          0          0          0   libshutdown2.o
         8          4          0          0         96         68   libspace.o
       258          0          0          0          0         88   lludiv.o
       122          0          0          0          0         72   lludiv10.o
         0          0          0          0          0          0   maybetermalloc1.o
         8          4          0          0          0         68   rt_heap_descriptor_intlibspace.o
         8          4          0          0          0         68   rt_locale_intlibspace.o
        64          0          0          0          0        108   rt_memclr.o
       186          0          0          0          0        144   rt_memcpy.o
         2          0          0          0          0          0   rtexit.o
        10          0          0          0          0          0   rtexit2.o
        40          0          0          0          0         60   rtudiv10.o
       136          4          0          0          0         72   strcmp.o
        12          4          0          0          0         60   sys_exit.o
        62          0          0          0          0         80   sys_stackheap_outer.o
        12          0          0          0          0         68   sys_wrch.o
        34          0          0          0          0         60   uread4.o
         2          0          0          0          0         68   use_no_semi.o
        16          0          0          0          0         60   uwrite4.o
        46          0          0          0          0         60   cmpret.o
       124          4          0          0          0         72   d2f.o
       584         26          0          0          0         84   dmul.o
        84          4          0          0          0         60   f2d.o
       348          8          0          0          0        160   faddsub.o
       100          4          0          0          0         68   fcmpin.o
       352         10         64          0          0         92   fdiv.o
        84          4          0          0          0         76   feqf.o
        94          0          0          0          0         92   fflti.o
        84          4          0          0          0         76   flef.o
       176          4          0          0          0         80   fmul.o
        16          6          0          0          0         68   fnan2.o
        88          4          0          0          0         76   frlef.o
        16          4          0          0          0         76   printf1.o
        94          0          0          0          0         68   retnan.o
         0          0          0          0          0          0   usenofp.o
        44          4          0          0          0         60   fpclassify.o

    ----------------------------------------------------------------------
      8316        282        260          0         96       5164   Library Totals
        12          0          3          0          0          0   (incl. Padding)

    ----------------------------------------------------------------------

      Code (inc. data)   RO Data    RW Data    ZI Data      Debug   Library Name

      5970        196        193          0         96       3896   c_p.l
      2290         82         64          0          0       1208   fz_ps.l
        44          4          0          0          0         60   m_ps.l

    ----------------------------------------------------------------------
      8316        282        260          0         96       5164   Library Totals

    ----------------------------------------------------------------------

==============================================================================


      Code (inc. data)   RO Data    RW Data    ZI Data      Debug   

     38992       3814       5668       2324      12604     391917   Grand Totals
     38992       3814       5668        852      12604     391917   ELF Image Totals (compressed)
     38992       3814       5668        852          0          0   ROM Totals

==============================================================================

    Total RO  Size (Code + RO Data)                44660 (  43.61kB)
    Total RW  Size (RW Data + ZI Data)             14928 (  14.58kB)
    Total ROM Size (Code + RO Data + RW Data)      45512 (  44.45kB)

==============================================================================

